{"ok":true,"result":{"message_id":41302,"sender_chat":{"id":"-123456789","title":"Test Chat","type":"channel"},"date":1645952240,"text":"foo"}}