{
    "url": "https:\/\/api.telegram.org\/bot3f3814e1-5836-3d77-904e-60f64b15df36\/editChatInviteLink",
    "payload": {
        "chat_id": "-123456789",
        "invite_link": "https:\/\/t.me\/123456",
        "creates_join_request": true
    },
    "files": []
}