{
    "url": "https:\/\/api.telegram.org\/bot3f3814e1-5836-3d77-904e-60f64b15df36\/promoteChatMember",
    "payload": {
        "chat_id": "-123456789",
        "user_id": "123456",
        "can_pin_messages": false,
        "can_invite_users": true,
        "can_change_info": true
    },
    "files": []
}