{
    "url": "https:\/\/api.telegram.org\/bot3f3814e1-5836-3d77-904e-60f64b15df36\/setChatPermissions",
    "payload": {
        "chat_id": "-123456789",
        "permissions": {
            "can_invite_users": true,
            "can_change_info": true,
            "can_add_web_page_previews": true,
            "can_send_messages": false
        }
    },
    "files": []
}