{"url":"https:\/\/api.telegram.org\/bot3f3814e1-5836-3d77-904e-60f64b15df36\/sendPhoto","payload":{"chat_id":"-123456789","parse_mode":"MarkdownV2","caption":"look at **this** photo!"},"files":{"photo":{"contents":"????\u0000\u0010JFIF\u0000\u0001\u0001\u0000\u0000\u0001\u0000\u0001\u0000\u0000??\u0000C\u0000\b\u0006\u0006\u0007\u0006\u0005\b\u0007\u0007\u0007\t\t\b\n\f\u0014\r\f\u000b\u000b\f\u0019\u0012\u0013\u000f\u0014\u001d\u001a\u001f\u001e\u001d\u001a\u001c\u001c $.' \",#\u001c\u001c(7),01444\u001f'9=82<.342??\u0000C\u0001\t\t\t\f\u000b\f\u0018\r\r\u00182!\u001c!22222222222222222222222222222222222222222222222222??\u0000\u0011\b\u0001?\u0001?\u0003\u0001\"\u0000\u0002\u0011\u0001\u0003\u0011\u0001??\u0000\u001b\u0000\u0000\u0002\u0003\u0001\u0001\u0001\u0000\u0000\u0000\u0000\u0000\u0000\u0000\u0000\u0000\u0000\u0000\u0003\u0001\u0002\u0004\u0005\u0006\u0007??\u0000\u0019\u0001\u0001\u0001\u0001\u0001\u0001\u0001\u0000\u0000\u0000\u0000\u0000\u0000\u0000\u0000\u0000\u0000\u0000\u0001\u0002\u0003\u0004\u0005??\u0000\f\u0003\u0001\u0000\u0002\u0010\u0003\u0010\u0000\u0000\u0001??\u001ewGx\u0000*?\/Y<?k?y?\u0017\u04dbW???f?V?V?\u001b?\u0005?)ie??jV??w??\u0016j\u0590\u0012Fg???yq????G???:r\u0000\t????????L0H#???)YU????p?<?\u0000\u0017?F??1?mI??CW?\u06d5??\u0477(????I+\u0012?.3?-??D?d~??W?????\u0003??\u0000\b\u0000\u0000\u0000?K? ??W??t3?L?Y\"k^{?????{??\u3982???V?R?^\u001du2?V&?MMH??aL ??\t?3W\u0005\u0003B\u001d?y?Kk>?b}?0\b?\u0000\u0000\u0000 )k?K1??o?\b?ijG???\u000f?\u05e9??\u03e6???\u076dR[?&[?sL*Z?T?x?\u0017\" ?\u032a,B\u0015?<E?V?\u04d7v???\u000f????\u0000\u0000\u0000\u0000?\u0000\n?t9?\rd??\n^?\u0007?????v&9u\u0567\u001e???R???\n?\"?\u0264?!f I?TX??\/I\u0016??1a??\u0015????w???? \r?\u0002\u0000??$? \u0002?=\u000eCY\u0000?[\u0013\u001c?6?^?q\u0016?ku\u0019?\u074a??????<?????\u0016t?<\u0372?\u000b`?u?A?{M?V?v??Nv?U\u036f\f?:X:+????A???\u001d??\u0001\u0013\u0000\u0000\u0001\u0000\u0015??s?\u001a?\u0011d?y|?\u000e?;???H??T\u0166?71?u?9z??y?d???????~-??6vK'W#\u001e?zd?\u001d6?\u001f??wS.n^?4?7???z|?)~?.?\r??\u0014\u0000\u0000\u0000\u000eN?\u001b??\u00c8[???\u0179\u001e\/???\u001a5\u023d\u0019?U[i\/\u0012??jq??wNk[-\u03eev!???3?-?i?h?\u0016?U{^U?2V]9??[?o??o???A??:3>W\u0001??\u0000\u0004\u0000r?X:?\u0012\u0010)?^.w???\t???^?????;??}+<???b?KR??R\u0018\bz\u001bV^??^m ?R)s7.???\u031a??>@??z5gW\u0003;\u0000\b??\f=\u001ewD\u0000Al????\\^J\/\u0006u??oS3?;?)?Si?????\u0551?l???v??\u001d??f???D7>Jnwo\u001aZ?o:t???\u0001e?%??\u0004?\n\u0004\u0000\u0006\u001e?;?\u0000!KT\u00cfr1?\u0005?\u001c??N???Z?\u3bbbgl??gV?-+?.??k\u02a8\u06e5???\u0758??,gOJ??9vt?>\/???m\/\u04d9a????\u0000\u0000\u000b\u0000\u0000\u0006\u001e?7?HA$\t?\u001fC\u0014???N5??y?R?<{-?|?[,?s1??P???6cfz??a\u001d'?\u07a2tQ???\u02b8?n?S:??????n\u06f4??:\"@\u0000\u0000 \u0000\u00010ty?5?\u0295\u0000???9??`\u03b0V??\u0544?v?\/F7?M?\u04df?\/Qx?:\u0017t?tl????\n_B?K???\u0137g?????>?w??sL>??zR,5Sk?\u0015k\u0329??\u0019??????t%???\u000bzl?R?Q?{?\u001ek??e????\u0012\u0755???\u8bb3??\u0017?\u045e_jM?Z?X???s~wO\u001f_?7\u0016?J???w??%Q,?{\u001c??47+\u053a\u001b\u0016 ?k5%l]b\u06cb?&??,?&\f\u0016???=?\/o??W.?\u00056?????&??wc?#Vlui\u0010E??]???-?\u0547X6#F???n??.?z?\u0010\u06ddX?d??sh\\??Y\u04beg??z.??z\u0018?<?D?;+<9???s??\nt????f>?\u000fZ?'.????\u056ez\u0751??I?,???\u0013susy?A?\u078d?\u0653?????X??\u0010??f=?????W\u001dm]cU?lt??\u03b9?K?\u001d1n??\u0010b?vt<???R!o\u0004?\u0000t=\u0017???\u058bi??????\u0015l?\\2\u0629??'???\u0019?)\u031c??]??0z??3?\u001f?+????t?~7VV?q??s}8\u0729?\u01b0?\u0018tgl*??lM\\??3?:?JK1\u0004EmZ??p\t*???|y?[\/\u00077????dS\u07ce?\u0011??<{?\n??\u0012?#3e^?\/????>???u96?=?[\u66f7?|?\u001f????B???3\u03a2k6?nj3?Eb\u001c???eo\u01f4@A0\u0005\/Z?\u00013\u0012\u0011 ?\u0000?|?\u079d??W????<??\u04a6:1?&??h??%\u02fdO?????_?v??4?V?X??6a\u000fw??WF?\u07bf???\u001aVf???\u0135QE:5???w??H\u0010\u0000+j?5?H\u0000\u0004u9t>??GYk??%?q??y?r?.j?{?;;?j??tv???^?f?\u0019?b?.??\tn?\u001ak?{>o???LV\u04b1w\\A\u0006??\u0019K??\u0001 \u0005?[??U?L\u0005?!\u0011!???+?\u0001?nw-?];g^b?sy?r?\u07c6;??\u04cd;\\]?o#??\u0011?q?\u0573\u0011j?0\u0017 ?B%??'g???M?P???w2D?|??g>?\u0016??D?\u0005??\\\u0002B\t&\n?y?>??\u00009?]8?V7\u000e?s????26?9?\u0715????\u01bey??\u0394?E?fj???$\u0005?\"?K+:|?O???{=??]?b\u0002bP?\nE?P?\u0016?\t?\n?;?x~??M,?\u0010??\u0017O?\u045a\u053b??ro]rW??\u001c?-??7P.\u0002&?2\u0010\u0001!\u00014??\u0005???g?m\/4\u0004A\u0012Y\u0013\u0012DHEa???@\u0005d\u0000??u??\u001e??[?s?\u0007W?????X=>[-?E?:????k~zL?dMmdH)\u0004HLMVk%?\nz?#?\u000e\u0015?rf\u0005\"D?\u0002\u0000??\u0434\u0004\u0013\u0004\u0000L?N???\u05fc;\u001eo???\u07de?#???_\u0006?\u0000_???\u0012??d??d???3X??We?D?\u0013U?\u000bA\u0004vx?C??\u0000+\u0010\u0000\u0002\u0001\u0002\u0005\u0003\u0005\u0000\u0002\u0003\u0001\u0000\u0000\u0000\u0000\u0000\u0000\u0001\u0002\u0003\u0011\u0004\u0010\u0012!1 0A\u0005\u0013\"25\u00144#$B3??\u0000\b\u0001\u0001\u0000\u0001\u0005\u0002??\u0000?\u0357\u001c??R??\te?+d??%?\u0016??3Dm!?\u001d9kT\u057a?\\cE??z?g,?3?O?\u0013|??\u0016-?\u0012??2??]P???\u001d??\u0017.\\??\u0000???{X??-??]\u0016\u07ef?\u0019????????{o?O??x???^???el?V??_a??\u6448??\u0006jT;o?O?\u1f8c^?\/r\u001be??\"??6\u0349n<?\u001e<?????h??k\/O????o?$v?Yy??W7\u0018\u02cf|?R?\u0000\u049f???0\u001f??D?w09w\u0016?7\u0016W?<\u0619ro????????D??\/h?\t???77,?\u046b??\r???r\u076dT???????#\u0017O\\xH?\u001d?\u0484x\u0013?\u0736?f?\u0012G?sM?0?=?\u000f?:$L??V?f@](??l?7????1???k?]?\u000fV\ufec1??D???Uz?E[(?;\u063ez?5\u001eX?l???%D?-3?G?\u0011T\/q??K?\u001f?\u00ed5??\u001f?tM\u0015'?????NHU\u0012\u001dbU[)?L??E?\\l?R:?2?c6i?l?%?&?DKhl-??\u001f?tX?\u000f?[??q?\u0673n2??L?\u0016h\/b2??i\u0013zM\u066a\u0011??I\n?)\r!??+1??&?D?\u0000???w0??????K\\E?C\u001a????'??IK\u0012?\u0559\u001f?m2??\u0262I??\u02a4?a?e???\u0012?N?J?>F????(??\u001c?B?k\u0003?\f?R+}?`?\u001bZ+??|NU\nT}?T??(P?V0d \u052a[]'?\u025bN\u000e\u0003???hn\u0012????\"?1?G???\u001e?\u0007?\u0002E??U??1??\u0232t?hF?0?o??7fS?{\b?Z\u01b9??,?pI??\u0005???\u001e?\u0007?\ttL??\u0000?????#?k?\u000e\u0006?\u001aN\u0010?q\u441e{??F???!??g\u0000???_s?\u0018]N?I???|?<??g\u0002,X?L?&G?\u038b\u0014?c??~D???vn?\u001c1\t?\u02d3?'??ebE???}\u0012\u0019\"\u00052L?B\u0017g\u0001??\f|?\u076e?O?????K);\u001fiy?\u0013????7\u0019?????@????:\"?X\u000f??d??????X??Yj\u001c?y????)??9???S???\rH?\\lf?$\"9?v?\u001f??5?????wl?\\????R'?#{78\u001a??G?F\u001f+???F??L???\",?\u0012?????k6I?I&y\u0011v?vq?H?i4??<??l???M?{w%\u0006?7\u0012?\u0007?2(BB]?\u0007???k)\"|?kXhK~\\Q?C\t[K?????}OJrq??P?{?wt?4?\u001f{\u0010??[?????Dh?\u001c?9\u0011W!??\u04a9^?T\u0015}??jZ???e?\u01fb?5\u0014?T?R??Wh?9?T\u0017?\u0010\u0014\u000bel\ud54b\u00164??\u0001??,[?\u0112*?)?\/\u0017\u0019\u000e\u001bV?O?n\u0003?M0\u0014bZ'?\ud6f7cKd`I??oe?\u0715(??v?en\u01e7~~md???X?\u001a??(\u0739\u0018??{!??i4?\u04f6?,?\u001b\u000e(?\"\u05c4?.?\n(Ce?b??l???o$?Yz?\/E8?D?=P\u0012#???\u06645q\u01f3\u0012?-?M\u03a3[Q\u0257\u0014??\"2.\\]\u000f&z?<?LF;\u0019\u001c%*?s???t?\u0413\u0015??{-?a????DP?\u0003i\u0012i??N:r?\\???<>`xox\u02e9????,[&b11?Q?^u??\t?S?????E?W\/???\u0000?\"Q\u00128O$?q??I\u001c?@?\f??\u0013\u0139??\uda34\ude32??3??\u0000:?\u02d7+U?(c1R?U??V??m\"&?????7\u001a?\u02d5\r???iN??;???b<???s\u0001?? H???z?>?R?G\u0010?o?\u0495?q?????\u06f0?s]?g??#2\u0003?bO\u0013a?Rj$*k\u0011N$??$?PC%?\u0007??\"?\u00043??\u00009??X?c??`??U%M?E?J*JQ?r\/??\u0755d<@?\n???P??????O\u0011\rT???rq???!?NL?0\u001f\u000f(??p&3\u04ff8?b??V'\u001fZ?e????)?\u00c9?l\u193a??4\\?r?,(?#\r-Q????a??\/Q?T?\u0019\u001a?Bw?\\?j\u001ei?\u001c?#Y???N???)o??U?1\u0014?5h??4p?\rF??8\u001a\u0018??\u0001D?\r?z?\u001b???\u0012\u02d8|eJ\u0005\u001c}*?\u0733\"???\u0193H?(?G\u001c?\u0000?Rxk???zN!?(?\u000558iQY?t?KZQ?\u0016\u02a3?L?????\u0557\u02e2?*?\u0013\u000f??B?C\u001a?.?5?\u001f\u00fb????\ue294??????R?S\u0013?R?W???\u0007\u001bR?\u0017|GU\u001cMZ\u000f\u000f\uac28]4?]O&?}:?[0\u0015??:.T??-8?#r?c?rN?Ox????????>?>2?\u001c???Y?_??\u001f?{\u04eb{u????G?N\ud91a\udf6e6rZ\u4dd7\u0012???+?e???w?a??(??\u0011?\u0018???>?q\ubf65???????&???f???\u0018?*\u0013?,-\u000ff\u00131?t?j]?ueNX\\|f'u???N?.z?2??V?d?E\u001d??<-I?40?T?+S?\u05657??\u0018_{\u000fKu?L?cjPt10?E\u000f8}:?\u06ee?2??\u0015j>K\u0713?cUG]????\u05f7???i?(?a???1T???????N?????%5???????????E?)???Rt??B\/?'#?\u0549?W???J>?G??U??{i?Ld?\u04c4??C??\u0425??b=?Z???Y?U#&?_)\"q??o\u000f8?5#???,?m????2\u001fL?U?Y\u07ef\u000f[\u066bJwm|???;???xX??-??\"S?W??T;??t??S?\u04f6?^\u000e????S4?&z??\u0000\u0016\u0016?????Hm\u0005?:???\\?\\??!??-??_\t?g??]?-1Ug:????\u0000??VH??T?5?R?\u07fd?\u0000^???>??>;\u001e???C|??-\u0006?$??G??\"\\T???????tx?}%?\u0019\u000f?f=?\rOo\u0013\u0007????U???RQ?9Ox??4??3??G???????\u000f???\u001e??F?D?\u0560I4\u0643?.H???bR?t4'?F\u0005?\u001b??\u0000%\u0011\u0000\u0002\u0002\u0001\u0004\u0002\u0002\u0003\u0001\u0001\u0000\u0000\u0000\u0000\u0000\u0000\u0000\u0001\u0002\u0011\u0010\u0003\u0012 0!12A\u0004\"@\u0013Q??\u0000\b\u0001\u0003\u0001\u0001?\u0001\u038a??\u0017K\u01a2?w?O?k5}t<?\u043b$Ix?y??v41???b?|\/?Y8????\u0004???e?p?Q?\u000b??xB?}?\u001c?^s\u0013?K??\u000f?\/?\r?T$V6??D???ati?\u0517?5??Eb^?\u001a??\u0462????|g?ollx]\u0011?;%+\"??\u001b\u047c\u075dFJM?t?\bXr\u001c??\u001eH\u0232o\u0015\u0584&^\u0014\u0005\u0014?E?Y?e\u0015??f?,?b\u0016(?e?\u001b\u001f??qe\fX??5Y??$?\u001c???HD?'??\/?];<M\u000fL?)\u001b?!F?X?\u0010??\u0011!ef??N$e???\u001b\u0011?\n\"D\u07d1???\t?2?\u00174???Lk?\u0018\u0470?4$P??U?s?\f??\u0085\u071d\u0011??I?#?[{?????Z??ro\u0011?>U\u0726?&O??\u05cb????\"??8??\u0017??\u0465_c?<??O??\u0000#\u0011\u0000\u0002\u0002\u0002\u0002\u0003\u0001\u0001\u0000\u0003\u0000\u0000\u0000\u0000\u0000\u0000\u0000\u0001\u0002\u0011\u0010 01\u0003\u0012!A@\"2Q??\u0000\b\u0001\u0002\u0001\u0001?\u0001?<??e??w?i??j(?Q??}?\u000f??Y?|?]qy\u0016\u0565h?\u0011???e6?^+J(?<=n?\u01e5?u?\u001a?<\u0005l?\/?\u0017YL????=??\u000b\u001e\u0005?8|\u0013?]i{?=??*?\u001f\u0007?~?\u07b5?b^\u0385??%b?\rk?z?\u052c?\u0011?Xo??c\u0089?-%\u0012?,7???X?\/\fO>4Yy???e?\u0122??(Hz?!?\u001e?%a!,z\u0408???(en\u055fb)\u0017?(?\u001c?\u001b?1t!?\u001fyy?\\lq?)\u001e??e?A|\u0013\u0011X???C\\\u0015d?[.??\ng???cb|s?h??~?B?j?*yBT?l??\u0555??????C\u001fB??????\u001a#??U\u0017????I:De?G??y,B\u0338??\u00004\u0010\u0000\u0001\u0002\u0003\u0005\b\u0002\u0001\u0004\u0002\u0002\u0003\u0000\u0000\u0000\u0000\u0001\u0000\u0011\u0002\u0010!\u0003 01Q\u0004\u0012@Aaqr?\"2R\u0013Bb???3P?????\u0000\b\u0001\u0001\u0000\u0006?\u0002??\u0006\u0005x??\u001c\u0006??\/6??\u0015?t?8\r??^\u0003T?\u000f,r?????\u000b?]\u0013\u0001\u013e?c??\u0003???QY?\u0018????~)?\u0007?>??\/B?\u0017\u0001\ua80ck???\u000b?O?@?Y????_e?\u0594%??P???\u001e\u0002?pYI?? ??\u0521?a?\/??\u0005?\u001e??B?\u000e5????\u060du??T?N?(N5???p\u001d?\u000b?\/??`V\u0016Y\u0015PB?f???x\u000b\u01fc????Tu?\u0002??s??*?H?>?K?\fk\u000f\u0001z.?5eC?z&??\/???R?\u001c?\u0012?[??\u0004E\u0010::?{?\u027a?Xx\u000b?]?Ss%?\t?b1\"7~:??C\u000ee}V_\u0015K?VeTo'???_)<???Xx\f\u0003?]??E?Y?d???{\u000f\u0001xv?????>\t?s\u01f0?\u0017????\u0003??\u000b?<??n\u001d??6\u0001}?\u000e;K?\u0011??\u000b?\u04ae?\u02e5?*N??\u000e??^\u048b:p\u001b????i\u001d\u000e\u0013\u0000??\u0000q\\?W?\n0y\u0004W?T?I7\u0001??\f\u00136?WK????R?E?+@?*??\u0017y\u41bc\u000e??1ZM-\u04bb \u0011?Q?g?#?(???\u0013?3:hMW\u054a:??'\u001a????\u0003\t??S??\b\u0015??\u001d??_(?;?_R??\\??3?\u0003??n???t\u8ed7?v\u0001?R?n?i??^\u05b2?\u0006??YO%??*f?\u00af??7?;?[????15??I?\u0002\/?\u000f?L0?\t?rNM;&e??l?\u0003\u0000?A??>??f??a*?2M?U?t???oH?W\u02a0?\u000fg?\u0017???B1D\\?D???4?`?:?#g?\u0017??^???F\\????C?U6?U2?\u0014Y?K?\u000f?\b?6\u0001t?\u0019`\u0013?C?]?3?_?f;*\n?\":\/H???\u0004?4???x]??]\u0016VXy?y?\u0011???9???\u0015\u0010L???\u0019??\f?\u0011?\u001c9?\u0017g?\u0017?B??q?\u0003r\/?K~\n???9\u0019Q3UsTT_YT?\/\u0582?\u00b7m>1*p{???\u033c_?L???#\b????oY?i|?=?uE\u0006??O\u000e?|?'???#\u0006??\u0000?$?8p??\"?8?Z?!?????\u0004\u0004??\u0013?a\u042a???S\u001e?\u031f?0?\fcdMa?UM\u0017?\u0000WIS%??\u0488?C?\u07c4~?[\r\u00ef$?\u0147?4\u0011r?lSD?Q?d??\u000f??qz[??\u0013?%L1?\u000f1C6LsN\u0015o??\u0005?#???\u0426???\bc?=\"?L?s\u0019?\r!??\u0428b???\nxN\u0000?q?C\u0015??~?yL??\u001e?s?}K??o\tb?m(o?\u0000\u065c????9s?S\f\u0003????Me\u000f????Y?oi-?G?\u001a???gxtO\t??Gn\u0000D3\b\u0019?_*\/?n??C????\u0000?#\u0004U?\u0019S?\u001dB#\u0017z\u0002?5?n??.&8\u001d\u04d4R?\u0005?}tN)\u001f??D\u0019?I?-\u0000?>?D\u000b????\n??\u001d?l\u040a\u001c??\rp???d ?Vk%\\??Z?s\u001a*\u0017F\u001f??\u001f?\u0011??C\n??\u07d1?B\u0011:\u0265\t9o1??\u000bMx\u0001\u0010?\u0015\fZ?\u000f\u0007\f\u001c???(G?T\u0011z?\u0005????@?h?\u001fL\u0001\u0012\u001d&b4\u00034c??E\u001d???\u001cY??o?jMQ?- ??n\u0010??\u00131g?T???*\u001b?\n?\u001d\n???;?\u000fl#?\u0007(?8?\u5410<?q\u03b7??\u000b?? C?~aC\u0016??k?2?\b?\u000fz\b?(??\u0005?u??\u0000)\u0010\u0000\u0002\u0002\u0001\u0004\u0001\u0003\u0003\u0005\u0001\u0000\u0000\u0000\u0000\u0000\u0000\u0000\u0001\u0011!1\u0010AQaq??? ??0@??????\u0000\b\u0001\u0001\u0000\u0001?!?\u0004\u0465\u0258????Z?\\\u0012=?D{\"'\u000eD??X?O\u0002pA??0???\u0010???N\fd?\u001e E?\u001a?A?Z\u064bs??0???\u0002?\u0012Bq??M?!;??\u0000?$???!?]?6?\u03d2\u0006?'?\u0004?\u025c??%EN?S?e\"f%BJ2t5M\u0014?C#}\u0012D?\u029d?o???\/?r??????cE@p??5\r?\u001a\u000e??\u0004D??'??s1??\"VBF?f??$???A\u0003V\u0128T??=?\u001a??t?i??`?\u001e?\\=?\b?????Q>?M??\u001e?sS?)????HJ?X?p\u0010?H\u0016\u0679?<???\u0224???c??=??\r??YRr\u0014\u0015y@?[g??IC_@?\u001b\u0450o\u0010?\u07a1?$??#m????s\u001bh?!5F*\u001aU\t????\u0507\u00122??:\"\u001c'\u0003G?>?s4L??|??f\u0016g?_?\u0004?\r:?e}\u0017e\u0012?\u0012?\u001f\"?7\u000f?%Y?5i\u00144!`Mz?U?>I\\???\u0016?B>D??\u0018XBqc??JlM.\u02ec?\u05e1}???\u0019\u0017??\u0014?F\u0003J??\u02c3R+$????\"??0?]?[Y:??\n?,\u0272Gu?\u001d??\u07197?4D&5y!dZ ?pLnUJ,V???I`nn\u805c$?$w??\u0007!??4$J??\t?z?EJ!??\u0013????}?m\u0505m?\u0000\u0005???{???D?\u001ee?\tC\\l<\n\u0002??S\u0015??nP???\u0001???0(???~?kb~?($N6?Z?E?\u0004?\u001d\u0012??\u0618p?'?????M?y0y\u0018:)??a???\u001f?$8_??\u0002'3???\u001b\u0001?oc\u00012?\u0012?h???\u001a\t\/`?\u0217??a??t\/\u0003?\u0016??\u0011?$vV\u0018??? I\u0017T\/$?%???S?\bcR?l?\u0016????Z\u0404?!f?J?+?\u0015\u0004?s\u0019\u0012?\u061c?\u000eFLA?\n?\u067a?c\u000f\u000f?7$??f?9?\u001a??CB%?\u0012\u0279\u001e\u0198?\u0019?????\u0012-?G??\u0013????\u0015\u03d1ah???a?\u000bq??\u0012???-?????(?a?=?\u0013`??6?SH??c'Cv?I?)s?Kh???_cL??\u0138:??q???B\u001a\u000b????;\u0018?d?|?p??\u0013\u0003Z\u06baC??n\u0138<??????\u0012?H,13?\u0013]?4?<??p;\u000bD?1???^QV?\u0012m\u0017&#\u0002^?M????J\u0017???\n??&JL\u0004K?\u001b?\f?\u001eLTa`@???hb%Q?\u0002\u530a\u000bcH;4??%O??$4??mV?2\u0012L?|??{?\t?\\\u0016?\u0007???\u0003?\u0015a\u001a\"?I%5\u001eJ?cTM??f\u0018?\u04fa?q?????\u0019$J\u0006?|?\u001b\u0012p?P\u000b!?G??\u0013?\u0000D?_\u0558?S??Gt!?f\u0011\nI-v?#Q&?5???N?lF??\u0014?#?F\u0155?)P?bu??X\u001e?\u0017Y\u0016BB??.\r\u000f?\u000b\u0010?*??\u0006?V?3H(h?M\u001eR6T\u0016\f\u0002\u011eq?N=\u000bx\u0012[??8?hP????q.p8??6?\u8a28U\"D?H?\u0549A%\u000eVO\u001c?Q?z?y?? s??\u0210????!?$\u04cc?\u0017?i ?k?F??\"k?\u01f8\t??\"?????h?\t?\"\u0014\u0004e?X???b_?\u0016Th*?\u0016\u0251)?\u0013??9\u001cGc\u001eW\u0002\u07da(??M`?m?ta???J>??\\?(N?v(??B??*\u023c??[zs?\u001f!?\u0318K1?\u000f??x\/?\u001bV?u\u0015?t2\u0414\u000f\u02c3?T??E0?????)>E?\u021f???tz?M\u0018\u0007?\u0012'?I???4??Qa?%\u001b\t)t6?Z??j&b.F1\u0012??qFh?Q?\u0012*?\u0005??zx\u0013?I\u0111&?\u0012???\u000f??:MO?XX?\/6\u0107???.D?\u070f?\u0291?FR?f\u0006\u06f8#?0????(\u001067!\r\u001e?\u001d\u001b?\u0006?\u000fE?p<3|\u0612~0'??a??6?\u0006?\u0002I???,]\u0010;?\"M+c?#B96}????'\b?D?\u0439?M\u0010?\u001b?d??P:?\u0111u?\u0002P\u0004?a??i?\u0004??>\u001c??\u0010?\u000bZ??\u001f??X1N?g?\u001a????.\"72?\u0014E?qR?A;\u0014?D?n,?????\u00181??gC??H\u001e?0?3J?P?p??M[j\u0017?=\fg?&}\u0016?5?Cq??GG?\u0012?t???Z\u0018?\u02e2?\u0014&?[\"o????\u001a\u001e?I\u0010??y?:R?\u0013'?-?B?Hu\tI??&??S\u0434?Rp?:\u001aV?IB?m?\u001fvC_\u0002l?!>\u0018?7\u0011?@?????&x,??)O?\u0511PnyA??R\u000f?i%\u0017i\u0016p???!???m??\u000bl}????`\u000fh?D6?((?\u0014??\u062eY?\/?\u0234?S\u001c87?V?Y\u0002?)\"`?\u0017??15K;1??\u001c,VD??by\u0019?*j?H?Qf??\u6ca3?@U??$\u0012!?\u0014??%\u000f\u040f??\u0400????)1MQ'\rq???s+\u0209Z?\u0533F??K7??\u0003EF&??f?9mo?\u000b?????V????:?D$??Lg?\u0016F????D\u0016??\u0310E\u06a6\\\u001bm*??\u0006\u000b?\t??p??oT?gs ??Dj?\t\u000b^?-k????%\u001a-?N;\"?\u0014??P??M-???\u04bd??lY\u0011???\u0689?m\\v?!7L?S\u06e1?\\r\\9??\u000b;?9?\u0015SD?\u0003q(n^?\u0012xp?RMa\/I2Y9i&\u00af?S?$Bny\u0209IaQQ\u001ad<\u000f:\u001a\u0010C\u054d\u000f\"\u0015?~??Ln?\u0014?F~??)SX?n\u0262???n\u0012i)T).L.?'\nt\u0019f??G?D??\u064b_???????V?b\u0141(\u00121+\u001e?u\u0012@T??CMC??p?CD]R?'>O??\u0012?\u001d*?t*?4?#???\u0013$?F\u037e???v??=\u0012?U?\u0013#????=?8\u06b9\u0011\t?9{??3>?\u001cy\u0013*?\u0302???Q0\u05fflT??A\u000f\"r?J\u0016\u0010?}??\u000b?\/x}\u0442?\b???D\u04e7\u013c??\u7c14?\b,\u000f?????i&\u001fIc^?L???U?\u0000Z??j[{??\u001e?????Rh?FB?\u5bc2C?M?D\u000be?\u0113?\u0004?\u01f8?????d?Z?\u001a??\u001b???\f?M?A??{\t%?\u001b?0???$?l?r!!\rP??\u000b\t?=Q?\b?ND?V]4?g?}??\t?\u0003\u0018?\u001c,9Dc?50)F?\t?\u015c??#vF\t?\u0014??{\u001d????%C??C&??\"R??e}???!\u0087\u0015??\u00145?d?'>??;??^\u0007=?r??i?K\u001e>??\u0007?h?????u?\u0015?g????G???4?i?\u0003?l?R\u4152w??V??\u0006??????%o$?'<?v(k???^2P??Y\u001eba?.?'??8\u0012??\u0701?5(?\u001e5\u0010??\u0004hB?1??e?\u014f?_\/?l?+Y'23??y\"\u0018?'?\r?5?P??\u0005e?-S?\u0013B?Oe??k?l{?DJ1?jS???\\\u01c1\u0584&T?$?\u01f6?-?$j?\r%?\u0014\f2?????\u0005????#0?%?c?V??????$??h?O?[2?3)?-\f\t???r?\u0000\u0003??\u0004rW???>B???)?Ld?,?o(\u001c??\u001b?G\b??\u0012^N\ub453?3?&J?xeV\u026eV?C\u001eQ&?\b?C-\f??D?>?\t?\u00109?\u0000?+i8?^?Q\u0019B\u0017b?\ua489??$?\u0453?o?Fz\u0014?:?A!N?G\u0000?@S,,?c??m\u0784?a???<?1\u0011\n?8\u00125)?\u0000?hJ\u001e4\"\u001dF??p4e\u0300R\u0010?$???;???1?7-?\u02f3>\b??`N?? ??9Q?\nR9L??\u0003???\u0013??l??.??\u0000???G0?PP18\u001d?}Y<L\u0012?2\u0006u\u0017D\u001a2\u04ba?x?\u0016h??\u0019@?C?8\u001c>???y\u001c;6\u001esb\u0798`??\u0013\u0012??$??\u000bD=<=??f?[XM?\u001e{?CZ\f\u044e\u0174R>\u0006?\"XH?,??6?H???v?LV;R%?\u0003?De\u0010G?\u0018?AV?\"\u0018?q\u000fCM??=j?b??F?????\u15fa&3????\u001f#?Ih???P.`c}\u0013V?,+cr??o\u0005?1?U.\u01d8??U1?\u001a&H??vR?\u0011?^?)&??Z\u0018}\t?Ft??K\u001d?P?C7?z1-&?\u0016?I?a\u0018??D9???g\u0015\u0350?-P???\u0016Jhr??O\u0003??Bq,?_\u0018?|\u0014-\u001egG\u0789\u0392H?9\fB\u0013>?? N??}\u0005??D?:D\u001f'g\u0003U\u0002?&?(??m\u0019>?\/$)\u001b?.i?YN\u0004gA(\u031e1\u0338\u0016\u0004=;-\u00175\u001b?l$\u0015??Q\u0263:!4N?\u0011?|\u000fc?\u06c1??62?\u0007???k?\r?>??=OS\u001ci%??S\u0015?5~I?Xt)?\u0014GB\u0018*??0%??\u0002??{\u0005{??8??\u0647?\"5?&?N?????>L?\u0648CNV??\\?\u0010?|`???<cM?fr?o?=t?:$\u0016\u74018h?E?(?;!.\u0011#\u01e1?,?\u001cr??\u060a?? \u001aQ?DL3\bCn?.m\u0019!K???I\u0391\u0006M???JD\u0717\u0004??1Bw?\u001ej?????!q?f\u01d3?6?\u0000????0???\u000e?D\u0019(R]??23\u000b?SF\u0010?2LFL?%=\t?\u0014??\u001e?~$dy?!?\u001c??\u001eZi?Q`?+fX\u04c9?Q???????\u001b?D?\u0016A??6?MQ??pcc}9z??????:Y{??c?#^???.I?g?\u0010??\u0140TB\u0005V?NP]1\u00a2\u001c???;\u0006TnH?x??\fBJ\u000e???\\\u0018I?p|???>?Y???2#|\u0013\u0773+?\u0003:?\u000fL???\u0010\"???lI&\u0006*?\t??Gk?Lvz?>\u0007\u04ce\b){?-?T\u0012?_?\u0012!S?9?t$5[\u0014\u0004??d2???`E\u000e?lr??\u0013\u0004#X\u001bsj^6?,?\f???N??\u001a?w?;?\u0007?\u07d3g#X?\u000f??s??\u0016\u001d?:?\u02e1tc????\u0007?c\u0011??D@?\u3c7b??w]\u041d\f@?\u001a\u06ca=?\"???E~\tX????\u0015??%*???y'I ??0\u0332u?v?HBw*Ca???????\u0189???)? pE?-??m?GE?m7(f?s?\u001a??;?\u0011*h?~\uf817Q1\/A??%\/??U\u0012WbUP??\u0002\u000e%?\u0000k+L\u0012&?k????\u001a??\ud1f3B?w}\f??\u001e?????EH?\bF????\u000fH?q?\u001d?#O??\u0011\"`?\u01cd\u0015XBV???\u0016?]!?\u0012L????B??\u0019?\u001d?A?2A???\u0006!?Y??#\u04e94m?\u0017???\u0012?3=\u001b??\u001d\u0421@y=Da??}IR{????C?n\u0006?\u0019??N?\u0194?\u0011\u0007=?2A\u000f-?\u0391g?o???\u000f]??#![\u02b4\nQ?N??98?>\u01ce???8?'?H'???^??&\u0003\u0012m\"??-L??'q6?& ?H\b46|?\t\t5\nK;^-70L\u0004?Q$?]\u01637\".?G??8\u0017\u000f?\\\u001b???$?\f?Q?-\u0655?I?\u0000r??s\u001a~\u0018?'\"\u0013\u0109?R\u0017?0??R>z?\u0012\u0014?t;?q?hy\u047c?????\u01c9??5#\u0015?9L?\u039e\r?&?n&|???\u0000\f\u0003\u0001\u0000\u0002\u0000\u0003\u0000\u0000\u0000\u0010W?Ta]?ml?{??A\u028b??\u0003?\u0013`P\u0019?-\\h2?J?(?\t???C\u0011??s\u000b??K??(?\/?\t?9\u0014?????\u0239C\u0000???\u001d?\b\/??\u001aR6??*??5j5?'??B>\u05e8\u0003??????B?9)Q?\u0005<?J?\u0011j?u\/3zD??w?PA??\u0000\u0016?\u0014?E*?k?\u0004+\u00062??\r?\u0000<\u001b?\u0000:(?\r????\u001e\ub727q?\u0000\u0010?J??a?\u0003q\u0017nM?)\u99f6?@\u0013?#<?qS??\u0018x\u001b1?e?HA\u0003?\f\u0018?+u?Q_?\u001a\u001c??*?\u0000L\u0011?S\u000b\u001e?>?z?\u001e\u001e??03?:??)?)???\u0005?+?1?^_?H?\u000en,??$???\u0013?\f?P?9?X%\u0007?\tj8=?1???9j?\u01fd?.???????\n?b???eF,???\u0000\u0017??>r\n\u0014??\u000bF\u0017?\u00196?\u00128o?$_?\b(\u0000\u0019}?\u0007\u0010?y?Y=????\u001ct ?\u001d\n8???$f???\u0019\u001b???qaRB%?@???M\u0010E?\f??1??E?m=?\u000b???????|+$?\u001fZ\u0015?\u0012??!?v\\Ev\u001d`??Iw\u001e?\u0003???\u0019'+?\u0007?\u0015kFG}??M1??#I??kx\r]\u0011???\u0000 \u0011\u0001\u0001\u0001\u0000\u0003\u0001\u0001\u0001\u0001\u0000\u0003\u0000\u0000\u0000\u0000\u0000\u0001\u0000\u0011\u0010!1 A0Q@aq??\u0000\b\u0001\u0003\u0001\u0001?\u0010}?o?2??Y~?\u0002?q??????x\u0018c????m?????\u001d???\u000b?x??G\u001f?'\u05ebl????t?G9g\u0004??e?\u0006\u0018??\u064bN?Qo\u001f?\u0014?x<2????\ub06cE=?p?\t1???-Z\ud907\ude9fo\\\u000e??\u00009\u0013???\u001eAfK???\u0243x^???,C?>???b8M??`??bN?\u0016]\u000b??y??w\u001c\u0012w?!@??2?E???]c\u0003?w?\tQ??w?A?^7?\t\ufccc?\u001dR?x\u001d|???!?]$1>?\u075b!?%?\u0004;-\u0457Z?L5????{??&\u0004???\u0007??:???????^????X?n?\u0001????\u0000\u01d7?\u001cI\u0004L?%?A?\b??F?w-$?\u001a?\u0011??w??2\u0002]Cm??6\u0011x?L?dX?\r??8?:??\u071d2}??;?\u014b\u000e?b|?p;?rGrc?gM?!5S\tgVqPi\u001e?y?c?;????3?\u03a0\u001dI{??@\u001c\u001a\\??:?KA?@\u0012? ??~?it\/?\u0019?K?Qo?\u000f??#???f\u0003?1???!\u000e?<}???????????\u0004\u027f?\u0016???\u000e?\"??\u0013e\u000f\\???V?\b?p\u0001?O?\u0018?\u0019??z?>I?\u0013vYo\u0007???'?r??`?\u0001\u071a_?????#?|wG???\u0000\t???{?9????????\u0000\u001e\u0011\u0001\u0001\u0001\u0000\u0003\u0001\u0001\u0001\u0001\u0001\u0000\u0000\u0000\u0000\u0000\u0000\u0001\u0000\u0011\u0010!1 A0Qq??\u0000\b\u0001\u0002\u0001\u0001?\u0010<?u~h??5??l\u0df0Y?l?????vM?\u001eG\r\\\u0018m???G!?8?K3?{?u\u0007\u0003??\u001f\bO=K\u000f??\\7???\u0016?l?g\u0003u?Z\u001f??\u001b\u001e?g???\u0019<2?\u0001\u0011?\u07ce\u001f,\u0004??\u0018V3?????????????@G????\u06ec\u001a??\u0000S\u01cc?K\nL??,?W\u0003\u0010\u000fq?#??e?#z??pz?\u07b8\\?;?a?D??F???;\u000b?\b??O9\u001d!?x\u07a0????\t\u0017?>?8\ba?\/??q?7[???DxN\ts?Yw]?E???\"=p\u001d??q\u0006]M?\fu?\b??]?\u001e???Gh?e?\u0553&\u07da??M ?<\u0002?;?=O??6?:?\u0018m?\u001a\u0388?i1 ?IdG?\u0016??;~B&??,?n?\u001860??;?r??\u03a1G?YfK?\u0019???_`=?:?\u0003?\u000b??'V??<?`G??]?#??RC?il\r??\u0013\tC??p\n\u01d3n?lYz?@?N?0?,v?D{??\u0000Y??\u0016\u0005?\u001e\u0001??e?O\"f\u001f??c?d?ud?Y??c._??7?#?<?B?'|\u001f??N ?` ????\n_???\u0002m?o~\u0003\u001f??t?h$a??\u0003??|?#???aF~??\u001f?t??>?N\u001bc\u000bc????o??\u0000(\u0010\u0001\u0000\u0002\u0002\u0002\u0001\u0002\u0006\u0003\u0001\u0001\u0000\u0000\u0000\u0000\u0000\u0001\u0000\u0011!1AQaq?\u0010????? ??0???\u0000\b\u0001\u0001\u0000\u0001?\u0010lF\\\u0727\u0015{?0=b??A????\n?\u0003?qQ!\fj?????C@Y(\u0006?\u03a5M??Af{?\u001a?;\u00125?Q??8\tM?!)A??H??y{??0?Z6?6??\n\u0018?\u0011?\u001cS+P\u001fq\nkCg\u0018?.????0O3L\u0000&?Q){??~\u48d5?l7\u0012??F\u0011e&\u0014??0@d\f}<??\b?q?Ws vW_\u0006\u0017?\u0014\u0531?\u0017\u0012\"\u0010??L\u0012???i?T??Z'1\u0015+=???7L<??~b\u0001A??\\?N\n\u0006l]\u001e?\u00bc?@c???\f????@X){?\u001c?@???\u0002\u00c7??h?[???.<??E?6\u0007?V?\f\b??e?`@?\t\u0012?\\?+\u0000???e3`??\\3??\f\u0001??\b?EJ?UDSln-Q?\u0011?*m?8>\u001e%??d???+F\u0287\u06be?`e,'r?\u0000???*??_??D\\?\u0012?\u000b??9n3?G?X??qY_??4?S?^?K?#?*?\u000bB\u0016?0]??[?\f.\u0002?y??^?&1?j\r??KA!??$k\u0019?W\u03f4?Tr\u0004?\/??\u0003O?@^??M?8????`.\/r?B?2?\u00071Q?C|\u03a9B??'E?k?#r\u001f\n?f?%c\b?w?\u0334?%????7?\/?\u0011\"b\u0016?\u0017_\u001a(N???\u00131G?\u000f?]r?????\u0006j?\u001a???m?m?\u0007\u0010?R\u001e{??`\b??Z??u???\u0012E???????(\u0257???ya??) \u0434\u000f>\u04aa?\u001ds)v?3???o%\u001b?C?y??^??\u02488?2!4?\u0015\u0002?\u0015y?\u0456N\u0012 ?|;????&dS4Y\u03ec*\u001c6]L?\u0012?Y\u001d??\u000e?g??? ??i?9?\u0010??\u0007FZ\t?b?w2\b?\u0015yo?=\n?\u030f?\" ????'1?\"?\n6?oP\u001d?\u0018?\u0016\u00060?g?BZ???@?\u000fhWfXJ???J3??\r?\r??\n\u0019{?\"??????j\u0016?.??ZgAk??C|?\u0001?:???H^1\u0000\u04bf?\u0015s?2F\u0014?^aKGc?\u0001?V?\u001a?m`M?^J[=au??8?O??\"'?\u0565????\u07aa n???\u0007\u0359??3??????3)???,t?\nq?\u0011??*\u0015?X?s? ,???U?\u0335R?X?\fs(?7?:?\u0018:?\u0003??S?L?\b\u0017D?-gf?<\u0004?2\u0017\u0001?o?\u0005?W?\u0127F7-]\/?v???0\u0002????\u0000??T?\u0007?_yk\r?%F\u02c3K?=??\u001b?\u001b)\u034b??\u0005?,?v2?1b??O?G????\u0000??\u000f\u01a2?z???>?\u0000?\u0000\u001d??\u0006??)? ?\b\u0010\r?Wp\t\u0443?P\u0018?r\u00176\u0004~\u0003?\n??B?\u0019\u0001~s\u0000?G-?4e?8??CG???ds??\u0003Lh???Q?hP(?y!g\u000b?b?\u0001?d?<7\u0016?\u000e??\u0016?\t\u02dc????u4\n6??\u0619\u0017??^\u0018p??Isy3\u0010ym=\tx?\r?G?\u05c7_??r?\u0015AA?9?\u00a9?h\u2e1b??6?!????\u0012\u071c\u0019?[?o?\u0016\u001d3?\u001aY?G?\u0006[`\b\nU?P??|??g-<?\b??f?`\u0012?t???0\t??\u0012?\u0003^T?%<?H0g\b\u0019Ve5?\u0002q\u0016j?l???\u0006??^?s\u0017Y\/?\u0015??w51???p??t?VD?|\u0010\\!??0\u026c{b??e\u1f31??~?????\u0011?4l\fTE?\\g??j?\/\u01cf?4eQ?\/Q?*?.?\\??8?f??A??? ?\u03a2g???%\u0003?-??\tt???%mn?S??\u0734????\u3a4dSi\u00f9??%??,?\u0014??n??U\u0006n\u001aC,Xk\fDX?IB\u0001l?>MM\u039ds\r?e>R?\u0001k,??U?1\f??LCJ\u0783~*?l\u0000#A?\u013f??????;\"?q??\u00158n?\u0011X??u\u0010\f\f_?0U??w?\b,??X?K<jP`??a??Z??R?6;?\u0016?VT?,M??\fj?\u001a?d)26?U0ar?K7?\/7[M\u0011AC??;????4)T???\r?l??\u0004???\r\u00197d??cP{8???kZy*2*\n\u001bn?\u0005??Z?Et?V\\o?\u001f\u0016?\u001b????!\u000b?\u0014]?CXM?\u0011?]?\r?k?'?,\u0278?hu?_P\u0520W?P\u000e??6j?\u0007h??9y?\u0014?=X??4??f???@QV?d\u0005k2?k?\u0006?\u0003??5???G\u0017G???\u7e09???\u0684?;?\t\u0015(\u001b??\u0010a\u0002`(_?\u0004?)X|?\u046e?E\u0018??G\u001e??_&?Ae?d?\u0005X6v??-\u0002???\u02eb\u000b?[kr?R?8???1\/0+????g\u0010???%7\b?%??\u0000?\u000e?e?%???B0i?;?\r\u0019?\u0014\u0019}?\u0015?_x&\u001c[?5\u0018\u0015r???\u0000\u0011\u001a?\u0002\f?n#\u0016?PZ??:??A??p?Uk???\u001b?r?V\u000f?F??b\u000b?WL\u0016\u0019???\u0017Jfn\u0001I?\u07f4A?\u0015?4j\u0000*]?e?\u001d?pjS??-\tm?\u01f9_(l ;S?S=w????}\u00028\u001e?F?)]}e??j\u0234?\u0007?\u000e\u0019??\u0132E?y4?\u0012h~g?\t?O??I?2?\u0017H?\u0000??\u0006?\u0019(\u001f??5?\u001c??-_?\b??\u0000?%?s(\u0017,?_?4]?g\u01882?k\u0000??%????7\u0547??\u0017\u02b6'?1\u0010\u0013??\t\u001c??_r?9;\\C[???)???K\u000b\u0001\u0392+?\u001b\u02f97\u0019s?\u0006N\ud101\rP5^\"?\u0019hR?5\/TZ?h}e?kNo?>\u0007\u000b???Xy?E?\tU?q9X?y^b#???)??Qz0\u0007?\u0533????\u001a\u0000??\u0005?<rF\u0015L????I?iN\u000e??\u0016???\u0000???e\u0013|E\u0005?l?\u0361?Ti?k\u0011$A??(R?\r|?Y5?????)??b*?e??-9???rE\u06e0??\r\t?????\u0013?M??.|%?\u0001?'\u001e\u001a\u0019=\b-??p&??pE\\\u0006\u000b}\u0018_?Mk0X?\t???\u0000w?\"\u0014\u0016y*]??M\u0000#?????6f?&??\u000b??{Q\u0000??\"?\n?\u000f????\u000f?y???e??\u001by?OP??8?f\u0019\n?j?_}1?E-\u001a3??\u0005 8?\u0005Zs??`X?\u0659?F??\u0598v\u05df?\u000e?({5?F#??\u0003??PM?????8nF0@??\u0000?-s\u001b?Z?%?(&\u000e\"?5?b?3?D???\u0012?`\u0007L??\u0003!V??a?C\u0017??Q??.?|??\u0000U\u0017????\u0017^?1\/??\u0001?k???\u00bb??a???5\u0005d]?%?q??S_X,\u0005\u0193?m-??m\u0011R?\"?\r2??k?O?y?\u0530\\\u0001\u0012\u0258?0\u056b?H[??0??c\r?\f?;S?????\u000bs??;??\u0011\u018b?(?\u0006??\u0016z?+\u0007?\u02b0??k??\u00031y*???\rV\u000f\/5?\u0010\u04b0?S0??\u000e\u0001?YGP?\u000b??)x?!\/T\u001b?M??s(\u0012???K\u0005?U??,????\u0001e]q\u001e?yHV\u0001\u0010?9?v?????2z?\u000b\b\u000eR?C??\u0127??????w?r\b??\u0017?UJ<???Ypk?@???\u0012\u010c??\u6fe8\u0003??lP?b;2?\u76d4??9J@?LvAV??9?\u0019G\u0001p}\u02b4?\u0011\u0016???\u073fd\u0005?0*b[\u0007pL\u001f?\u0015V??(?j?xasW?#r????\u0014x?r\u0012??Q???\u0015?n;?????\u001c\\?\u0014??X??Z??\u001e??Z_,?%\u0002?\u0013\u000f?\\?\ud8bc\udf66?fR?\u0019?.W?D\u0017?`????\u0019+\u0005\u0003???2?\f:????\u001a????!j?<??g2?\tf3?U\u0014^?o?\u0003Y\u001e&{?:?d Rr?{?\u0011^n,??_x?(???f9?w\u00046??+S\u0018\b?&\u04e5J?,[h?a?gg?f\u0501]@WF\u001b?0U??f?]\u001b`??\u0011??1A\u06e0?`?AL?\u0003?\u0516w\u000bS\u0003?p?\u001f?\u0018C???.f?\u0014Z\u0014?\u001f?6??I?I??? ?.??<}??\u058d)??\u0018?iN??m?Z?Lj?W\u0019?\u0002?@????o\u0017\u0001` \u01d6\u0010(\u55a3\u0005????\f\fz??\u000e?(\u065d?&\u000eS\u0007Q\u0001???Q???p???&\u00164?\u0535J?_Pd\u0000\u5030?F?\bSg\tToJ\u0018?4?\u000e@?Z?\u001c?B?x8s?~b??\u0001?*\u0001?_??pW\u017f?S??~\/?t??\u001b!\tT*?\u0006?\u04f9}+?I??i?\u001e-??R?W\u001a????\u0011????-\t?\u0015??wz~??\u001b<?!?y?\u0002\b+????[\u0006 8l]??b?-??V????q~z?a?7\u001e\n2\u0005??\u001a\u0016p?C???d?X\u0003???, ??m?R??@|j;\u0006?c?+?.??:?J\\?w\u000b(>$?G?9???9??p2??TP:?7\u001aR[??,7??\u0010\u0001\u0011qp?o?\u001a?;yu\u0015???#(????S\u0018??\u0004\u001b\\\u0011?\u0010?N?]\u0019@\u000b?z?%@?r_?\u0003F\u001e\u0016\f\u000fa?j\u0011?CO2? \u000b??\u0013\b9A\u0007?y?\u001c?\f???}!H?)Y\u0007?\/g??\u0011\u0001??z?\u001ch?\u0017+,\uf9c8KcT?B \u0001??B\u0776?h??\/(*?m???\u0014\u0018\u0003?@??U(\u0018?L???'???d?3?D??\b?KIv?{{?@8?\u0012?)???j?\u0005?g9???F?=\u0016???\"\u0018#b@M??y?WXy??\u0000?!\u01e57?u?p??\u0018\u000e?eU??\u001e??^k???\rY\u0015??g?(W?\"\u0329?-\u0558??ustK?\u0005???lXU5??.z?,h?G??2\u0011i?-W??7\u001cW\u0000??k?9??A?F?{? S?a\n???#??\u001cK\f?\u000f\u0005??\/?fk\u01c8???\bhJ??)?C?_???1\u001a?p?JL\u0005?\u001a\/\u0015???#\u0004J\n\u07d7\u0678?\u0018r?\u0002?\u0017?)?@8???\u000fW[+?R??3???W?\u03ec??\u07fc\b6\u0014\u0011???h?\u0015?x??\u001a?7?????&?XM?\u001a?u?d\"{??;SM\b??z?\u0005\r\u0019??M{?)p5k??\u001cSX<\u0132?c\b?]???=?\u0003?:a?9??\fr?z?\n????d?\u0004??!??mc\u0331?\u042cP.?A?y???d?\u0007U\u0010\u000e\/??W??\u0145?\u001d?\u07e2@??\u000fh?C???C\u0012?\u000f\u01d9??O?y?7\/%N%?(q\u0015'P??\u0016?????@,-?|???Sp\u000e? ??\u0322B?F???\u0000(Y?wPV\u02e5\u0007???5K?b!p?\u0014\u0018???+?F??\u0007?\u0331\u0005?[\u0002?g\u0017?N\u0000\u0001?.???\u0014?I?\u0004???????\u001fB?????????\u000bY3b??\u0015??B\u0219\ff\u04edb\/?\u0012\f\u0006D?j??\/?J\u0014\f\u0014?\u0007?fY3I?????\u05e5???`??\r????@\f??i??p\u0204??\u0003?^|?\u068b\u0000o???q\n\u000e4?{p??4?GOx?U????MY\u000b??X??g???????%\u0591x?\b\nc%?\u0010}&??EE?\\???^?\u000b??9T\u0538\u000bJ76?\fuO??kUCe?~?K?V@<y??PUY?V??x?Zj?wJ?\u0000\u0017?B?\u03ed\u0019?y6????[\\?1~\u06ad\u0182\u0014[\u00cb??\u0004?T@\u0015\u03b9??@?Pu\u03f4*??nw?u3-?8>D\u001a\u001c\u032a??\t\u0001???2\u0705)zX\u001emi\n4Z{?\u0011\u0005??0SgW???\u001aj?Qr?T}%?FC\u046e???d\u0004??(\u0775?X???N\u0010???!\rF??h?b?*?aYT?\tO\u0011?\u0019??\u0000Sr\u026c?k\u001f\u0015?S;\u0005?S]??Y?\b?:\u03ecJ?i\u0007z??\u0000\"?\u0018}Z\u03dd?,@A\u0011?\u028d[??%\u0011?d?\u001ck?*\u0014?AT???\u0003??\u0000)Y???~?\u0019v?+\u0016r???P?0?H\n?L?n$?\t??{@? gg?Z?m\f8?YH??q?5lS\u00004:?hB\u06fb?\u0005??????\u0002\u000e\u001c\u0014)A??\u0002?\u043b??g?Q?,)H?????!,!?!??,?2?\u0017?j?a?!??\n?\u0016\u0000??\b\u0006???R\u0011\bJ\\5\u001a?=%??\u0015\u0017??\u0019?+??Nj?L?\u000b\u00128@\u0015]\u0000Z???X?\u046bf?=4?4\u001d~8???)C???? X?????\u06c3-*??|o????\u000eK?\u00005l\u001a\u0019??KO?uq?\n\u0011&j??c?vw\u0019?.;?(?M\u0018?E??g?_?1?j7,<??0K?kp???r?3u??\u0000??aa?Z`\u0001?`??@J?\u0012?{ ??kmq???A?Q?X?\u001d6Dj??lGO\u0019eGO?7^\u0000>p?? ??\u0005p??6'\u0012???r??+??7\u001bLS\u0010\rK?\u02ca?\u0005!?,0\u000e%?_??\u001a?%T5??\r\u07c8Ph?;QW?????\u001ad?w??T\u000fqr?o?~l??<n??O\u0006??!?v?x_]B \u0018\u001b:\u07f6?o1?\u001c&l???Qmv\u0019??<q\r}\u000b+?\u0011?+F??+q?r\u01e1?*?5?Z?\r2!????Ye@\t?N?\u0000?M?K?b?3Z?1+??\u001b\u0132?-?\u0018??.?\u04c1aB?G??\u0018??\u03f3??\u000b\u0005\u0001\u0129?7?\r?$7\u0001?\u0359D?F\n?{|3)?\u0007??3\u001d~?%?\u0018?\u0000????%y?\u0004??|?M????? +\u0019\u0005??L2???5??E???b??}f????x\u0012?3Z^?a?.?w??n???\u001c,\u0006?????(e}??f*?k{?g???]_9??QA??? 2???*,l:?\u0014?y?\u0333f\u000bij?NF\u0013=j%?`\u0002_V<?Gy?7?? j?\\4?\u0000R???????*??&?U^???????>\u0000i\/?R:??kh\u008bl???\u0010#.c??7????\u0018]??_\t3\u0000??Xx??6?g?p\u000e\u0002\f93?V\u000f\u0004? ??>?\u02a8\u0254?\"?\u0011?Y????(\u0015\u0014S??\u0003?-??\n??-?\u0016??gr?B?u?V\u1647w_??\u0019??r?Z\u07c0<D????`?A\\??\u0000??V?F?\u0007?{?9,\u0001\u00dc?n????\u0000Uij??\u001e??\u0000\u0003\\?~??8?\u0003??L?ZQ7IWs\/??N}|jUn????W\u000bA\u0014??\u03c6??\u0000\u000bd?8?\u0018\u0729??\r?\u0012\u01a4?:?LD\u0018??S?H;?k??\u001c????\u07d3???.d?\u0017\u0013??\u0011?e??%?k?\u0011???\u001f?H??'#?NKP,???J???????)eQ]?.?_?NS??J\u001e?\u06a2NX?d?0?g\r\u0016o??d?l\u00054???b??\u001e?'\u0214\n-S@e????\b?\u000e??\u0416%?*?c??[\u0015M?\u03ac?s\u0016??8?o?1\u0017?GO?\u0011?f?&?D??b\u0001?\u04c0???\u0013?_\t???\u1403?7?\u001b??\fGJc?\u02c6~\u0006?~?\u0012?\\?@?\u0003*?\u000f,Q\u000e?\u01bcx;?\u0005\u05cdw\u0012\u0015?x\u00194D?~?,??6??O?l4??? \b\u00133Lwu\u000b? ?%*? ?Z?U???s?Bk?l??Zq?n0aF??\u0014}?\u0019B?o\u0005_?[\ud035L?????X]\u6497??\u00135\n?o,??Q?\u0777+?{1?b!?X?\\???\u0017n8??\u0014 \u518d\u02ea\n?+R??q?0??\u0315??(?\u0006?\u0011?\u0005BP?m?)?6|#dp?\u0001?\u0002Y?6???\"??Q@U??\u000b8??]?9y``_^\u020c6';?UV?????\u001aC?2?\u0017U?DP\u0017Y??8???\u0006?\u0019N???\f%?\u0005??\f\noK?4,1n_T3\u001f?\u001e?=@|?IuXj?\/??p\u0283B\u0562??0????\u0000??\u00002??\f\u0017?\u001c?\u0018n?U?s???\b??R?qs?\u0243???\u0453\u0014h?u)?k\u0001d|E[NO?\u0723?\u0435?\"I\u0001bX??L?\u000e??&w\b??v?\u0012?????\fn?\u001aq\u0005Ef?#??\u0001???B?o??ya\u0003??\u000f]?t\u0002??????k?\u0010?\u05b34??4?\fl?\u0721??:?Uh\u001a=\"????????\u0013 Ev?2??|\/3??>\"\u0491?DW^%?\r?????r???+?h?G?Jt???????' +?ab??\u0016-??R??A?0,\f?~?\u0006\u00139V?55H??\u0016zM8??\u0000b?q??\u0015<??\u01c8??k??\u0002 t??Q??p?>\u000b???\u001b.\u00139?q?%B8n!W\u001foy\u0709\u0015?P3??:6}??R+\u02afw????M?\u0694????al5??\u013bX???C|?\u0013m??\u0004\u001b?9!?&e??;?|??\u001d@???\u056b?????\t\u000f@;;#nc????T??`kq???\u001e=?\u6cacim&il?\u01b9?\"?Kd??\f\u072d?>#\u0000E?Y??Ur5O??\u0010??1?W?q\u001a??1?#5j?]z<Jgk????\u0011??E?a??:\u0754?Bv?s.\u0138$\u001aK?i\u0011Dw???{ ??\u0000????7??\u0012sq?gUi?%??j??)?P?\u052b?r?xx??\u001a?h???\u0011\u0277{??\u0016??\u0006?K??g?\r???0?9?\u000f^\u0007?r?|?\u0188\u001a![??i?'?\u0001?\u001e\u0012\ta|??#?q7#W??\f\u0001????z?\u0019\n????\u0005??,,???P??}\u0488??\u00078?W??f\u00de??\u0001\\?~)\u053cc??>?{??V%?\t\\E[Y?\u0012\u0003R??GP\u001c&?H\u000b9?Z\u0015\u0016n?=\"???\u0013?l?l?2\u001f?)????m???n\u000b0>?e*?R?K?\u04dbqS\u001d??#k??~??\u001fE???F?p???b\\j???P\u001b?e?i???V?\u74bd??C'Lq@?P?]??\u0016\u001e3?a\u001bi?F\n?\u0016?\u0536\u0017?????xYt\/Q:?0x??Q^??\n???\u000fux?w\u0014N??X+?S?q?Re?\uc656\u0019bb?BvFSl?@?n???{?g5?g??o?n\u0016???%*rT?91Fa-?x3\u000b5?9?,?\\??\u0019qe'?\u0006?U?s\u0015*mn l\/8?D??qL?\u0001?\u0014m8?? ?\u001b??\u0001??o\u001eczp?t?Z???G????1??\u0012???w?P\u0520?`?Fp?\u0002?T???*1???jxq???gX???b;?????\u06cdA?F\u0013??D2)P?o\n\u001dq?C??4r?P?'?1??|?YV-\u001b??,?p??\u04f8P?3?\u0006]0K\u000e?]<u\u0018\u0013;??1??\u0019?f?Q?o?A%L?)]?\u0015??\u001e?5??]b?-???-?V13HZ?^E?<G?f?\u000ff??a?w\u0002?A?x?\r\u000b?\/*???)`??X\nK??w???\u001b???\u0000g?bY+\u0015\u000b6a\u0014?\r5#k\u07c8?S\u0000f?\u07c8\u0001\u0002???A?u\u0546???AG???P;?.?7\t\u05bd!?\u04de`dr?^??!js\u013a0??\/v??@?K!eE9??\u0013\u0001\u0001\u000e} ?\u0458??\u000foq]????\u0014n?9\u05e4\u001a?????7\u0017\u001d?~G?\u001d\u001b???!\u00150o?-??9W\u0011F?\u00cd~?\u000b?hw)\r?%&??\u032e2?[?u???Y?7_??X?\no?\u0011B\u0003O?(???8??\u0012?\u0016l?N{Dt\u045d?\b?\u000e? E\u00a7Z$_??\u0010g;?\u03acL1\n??P)x? hS???\u000e\u0018??\u0010J\u001d\u0005BDK\u0014\u000e?z#q.?z?\u0017]??AI????m\u0019H4\u0145??\u0000L21?C?$]??,??\u0012???\u0012??+\u000ek8? \u05c65\\??\u000b?\/?}5\/?\\?? ??\u03efpG)???$0?#?\u0016\u000e?\u0014?@_&\u001b?29?\u0010\u0014c^X.?V?j?U\u0000{?,f\u001c?\/R?oM\u05b8??\u0018??\u000fV\u001c??\u001e?\u0013-??|?m??\\??L?\uedfe?c?v???w\u0336w\u001c??,???2\u0016?(T?e???T\u000f:\u0006??ir?\/\/?@O??\u000142????T??c?Y?E??C???EcZ??17??N?u_?\u001c??U\u000b1EE?Ev?\u0006?\u01deg\u0019??cC?(J??a???\u0356sL?Z?\u000fu1T?U-\u0003????\u000e\u0006???\u0013O?3*LS?\u001b(?]_?\u00164\u0019\u001dw3g\/Iy]??\u001b???k.?'??\u043b0???\\.?V?^l\u1ca1??p[AG7\u001e????\u0627?\u0016|\u0015???????\u001d[\u0012UqX.???E??UB?<?\u0010\u0010`o???,?\r?*?\u3fbd\u0007??\u0016\u0012\u0573D??^\u0017?.??{Va??\u0014Edlo?T[|D???\u0013????B`?\u001e??,??{=?t\u0018\u0015\u001e#??\u0018??h???|\\Z?-\u0015?w??@??;3?U^Lk?]]\u6fb3Y>?k\u0006\u0016;?tn\u0003???\u91ac*2???\u0000?bY??h\u0005tO?M??%?\u001c??\u0004?\u0012?\u0006*?X???-?c??\u0002??k^G\u5e51????d??\u000bw\u0010??M\u0012?b???j?\\?W. \u0013i??\u001c?(?G3\u0012>?H\u032b?.??\f?\u0003?lz\u0018?H?;???%????\u07f7??Dt\u0013???L??G??\u0000XX\u000b;\u0018????D?\u0015?\u0012?\u0018\u000e???!Yl???\u0018*Bs\r.z?i?\u001cB??\u000b?=??L?u]?0!??U?f?\f?Va?\u0006rHP?\u001c?2?_7\f?#????,\u001cR????(??$\u0019\u0015P2\u0013+??\u00073XrCp??Q??wzz?\u0001t???????oN}\u0018?\u00efY???o???\u0015`s\u0011\no?y&\u0007\u000f??????K?|\u036cZ???\u0006\u001e\u04f2?8\u3e8e\u00158\u0007?9(?\u001c?C??+?\u0017\u0016\u06fc?~R?*\u000b\udb77\udfb0\u0007\u0006\u0014.^\u000f??\u0013V?\u02c9y?r?=?0?+?C??\u0016z??60\r\u0015???\u0006]??<g,???Q\b\u0017ge?g?6U?\b?\u0000s8?%\u0373?v?????\u025fh??[\u001d@aB??1\u0006\u001bsD(\u001d??????\u02d5???Y??yw?z?0?V??\u0007???^\u000bGy???\u0011???zA?\u0012\\n?\u001d;\u001d?TS??}??h??u???p\u001b?iUX?\/F\u0004R?Ud?fR?mg????5.Qp?F*\u0006??q\u0005h\u0014c?.?0f?hU\u0019\u0007o??[q|1?M??\fL?P?_?\b?[f??<4Vm??\u0000&6m?]YZ?\u0005J???\u001c?.??#*t\u0015,4;?J??\u0004?p?)V|??5n\u0121U?\u0012o\u0011q?b?4?P?c?JQz??}j?\u001cp??\u0007>-?\\??\u0016\u077c\u001cb6Z\f\\\u0011??6??[?g8p???\u0018K??g?\/??H??H-\u0019?5??s?GA\u0001?J?\u0015?\u0432??\u0019 ?-w?3OE??oem?N\u038cK?6'?\u001f?\u066e?\u0006?\b\\P0\u0019?04\u0019\u001b?^%?@??P_?T3??\u001e=%\u000e+.?6%?v???6#^\f?W???7n?kp??9%-\u0012\u0019??h\f?2?\u04e9?Bi?w\u0014??\u0002(?+?\u0002?Z'\u0001\u03e6I??\f\u06c2???J?0??\u001d??\u001b?R\u0360??\u0014s\u0010?-\u0002????\t?li??\u0016???5?J?x\u03f4\u0016??b\u0011?`??\u02deX}&j?\u001cD?\ufa37x\u01c8h+?\u000b?u?Y??\u000e\u0019??\u001b?p?\u013a1)?x?b}\u0007\u0013??s?\u000e1?<L\u001485wop-?:??B%?\n??`).???\u0014\u0007\u0006??\u0010Kn?\u072a???\u0005\u000e?I??q??Z?%?=?V????M? ??\u0018k7?_0??V?'A?~?s???\u001b?\u023d?O?0\u001d??\u0000`1?\u001e?\tR\u0016\nX|\u0007*R??q\u0000yo\u0003?#?Y\fb+5bb?i?\u0018?\u0013[????6?5??r??5k??\u001d??[??)k??@?jm??\u0000\u0011?\u000b???e???H??\u0011R?\u07aa?_S\u06adb<??P?W8\"?\u0688??+p?~\u04b4t\u001e??5?\\@\u001a[;\u000e?\u000e?1?>???|1YF?os6?id7?lj?8h??u\u0007Z\f??\u0012???:?[v^?\u0466?j????d\u0017F?'W?wY?\u001a???\u001d\\*?V??W??k?V\u0017\u0016\u03c6\u0015?\u001b6W\t??R?Y?-\u0011\u001d,-???~?*?-\u001d?e?.\r??\fp??E????*w;??P??o<??\u028f5-\n\b@??ZNE??(M8;\u0005;?+@??\u0000\u0011\u0014v_?:??1?)_)?\u001ajS}??\u0000?\u001a??5??5?p93\u001a\\{u\u0005\u0012?e???\u000bWT\u0172\u001b?+??\u001f??n\u000b?v\n=?\u001c???S??vj! ?\u0003?]\u0018\u0019\u001a?????\u0011+ww\u000b\u000bT?\u2676???}???*?7R???4??O\u000e?\u001d?y??\u0000Q\u0005????(???G?(??W\f\u078d\u0019?\u0003\u0016?X??\u02f2?6\u03a2_\b2?w?c?*Z\u0016??r?Q?4\u001e\u0002?>?wjJt?h?\u001b?K?L?i.T???AQ\u0016\u05f1\u0530q?:?Q7\f\n\u0003\u0002?a?K\u0019Z])???P\u04de,fQY,????\u001b????~?T??\u01cb{>?B??y@??@?\u0014?7\r?q\u001bU?@_;??pqQc\u001dF-\u0019V\u06358'?n\u0581??\u0006\u0012?)?\b#J?2???Y*\u000e\u0003?%??0\uf620??K]??Rv>\"\u0011?\u0000i?\u0305?buLY?(\u0003?\u0000d1?W\u001d?E?^\u03ff?\u02dc;v?%??Y??E\u0166\r5?\"???\u0015PW?\u001b\u0012??hn\u000e\u0017\u000e\u0007?viD;\u001b T?t?(%\\?\bpN\u0017?5`[i_H?+??hS?\u0011?@?c??\u001bG?\u0010\u0006?]???z?)[??\u0000?d?K?e\u0004hn?>\u07b2\u06f7(\u0007?e\u001dra???W???0?_?;f\u0016\u001e&?f??{9?\u0014c\u0002??[?e?T?Gx???(???<?f\u0007k????'??","filename":"photo.jpg"}}}