{"url":"https:\/\/api.telegram.org\/bot3f3814e1-5836-3d77-904e-60f64b15df36\/sendVoice","payload":{"chat_id":"-123456789","disable_notification":true},"files":{"voice":{"contents":"OggS\u0000\u0002\u0000\u0000\u0000\u0000\u0000\u0000\u0000\u0000??;|\u0000\u0000\u0000\u0000X1??\u0001\u0013OpusHead\u0001\u00018\u0001?>\u0000\u0000\u0000\u0000\u0000OggS\u0000\u0000\u0000\u0000\u0000\u0000\u0000\u0000\u0000\u0000??;|\u0001\u0000\u0000\u0000???>\u0003???OpusTags\u0015\u0000\u0000\u0000libopus unknown-fixed\u0000\u0000\u0000\u0000\u0000\u0000\u0000\u0000\u0000\u0000\u0000\u0000\u0000\u0000\u0000\u0000\u0000\u0000\u0000\u0000\u0000\u0000\u0000\u0000\u0000\u0000\u0000\u0000\u0000\u0000\u0000\u0000\u0000\u0000\u0000\u0000\u0000\u0000\u0000\u0000\u0000\u0000\u0000\u0000\u0000\u0000\u0000\u0000\u0000\u0000\u0000\u0000\u0000\u0000\u0000\u0000\u0000\u0000\u0000\u0000\u0000\u0000\u0000\u0000\u0000\u0000\u0000\u0000\u0000\u0000\u0000\u0000\u0000\u0000\u0000\u0000\u0000\u0000\u0000\u0000\u0000\u0000\u0000\u0000\u0000\u0000\u0000\u0000\u0000\u0000\u0000\u0000\u0000\u0000\u0000\u0000\u0000\u0000\u0000\u0000\u0000\u0000\u0000\u0000\u0000\u0000\u0000\u0000\u0000\u0000\u0000\u0000\u0000\u0000\u0000\u0000\u0000\u0000\u0000\u0000\u0000\u0000\u0000\u0000\u0000\u0000\u0000\u0000\u0000\u0000\u0000\u0000\u0000\u0000\u0000\u0000\u0000\u0000\u0000\u0000\u0000\u0000\u0000\u0000\u0000\u0000\u0000\u0000\u0000\u0000\u0000\u0000\u0000\u0000\u0000\u0000\u0000\u0000\u0000\u0000\u0000\u0000\u0000\u0000\u0000\u0000\u0000\u0000\u0000\u0000\u0000\u0000\u0000\u0000\u0000\u0000\u0000\u0000\u0000\u0000\u0000\u0000\u0000\u0000\u0000\u0000\u0000\u0000\u0000\u0000\u0000\u0000\u0000\u0000\u0000\u0000\u0000\u0000\u0000\u0000\u0000\u0000\u0000\u0000\u0000\u0000\u0000\u0000\u0000\u0000\u0000\u0000\u0000\u0000\u0000\u0000\u0000\u0000\u0000\u0000\u0000\u0000\u0000\u0000\u0000\u0000\u0000\u0000\u0000\u0000\u0000\u0000\u0000\u0000\u0000\u0000\u0000\u0000\u0000\u0000\u0000\u0000\u0000\u0000\u0000\u0000\u0000\u0000\u0000\u0000\u0000\u0000\u0000\u0000\u0000\u0000\u0000\u0000\u0000\u0000\u0000\u0000\u0000\u0000\u0000\u0000\u0000\u0000\u0000\u0000\u0000\u0000\u0000\u0000\u0000\u0000\u0000\u0000\u0000\u0000\u0000\u0000\u0000\u0000\u0000\u0000\u0000\u0000\u0000\u0000\u0000\u0000\u0000\u0000\u0000\u0000\u0000\u0000\u0000\u0000\u0000\u0000\u0000\u0000\u0000\u0000\u0000\u0000\u0000\u0000\u0000\u0000\u0000\u0000\u0000\u0000\u0000\u0000\u0000\u0000\u0000\u0000\u0000\u0000\u0000\u0000\u0000\u0000\u0000\u0000\u0000\u0000\u0000\u0000\u0000\u0000\u0000\u0000\u0000\u0000\u0000\u0000\u0000\u0000\u0000\u0000\u0000\u0000\u0000\u0000\u0000\u0000\u0000\u0000\u0000\u0000\u0000\u0000\u0000\u0000\u0000\u0000\u0000\u0000\u0000\u0000\u0000\u0000\u0000\u0000\u0000\u0000\u0000\u0000\u0000\u0000\u0000\u0000\u0000\u0000\u0000\u0000\u0000\u0000\u0000\u0000\u0000\u0000\u0000\u0000\u0000\u0000\u0000\u0000\u0000\u0000\u0000\u0000\u0000\u0000\u0000\u0000\u0000\u0000\u0000\u0000\u0000\u0000\u0000\u0000\u0000\u0000\u0000\u0000\u0000\u0000\u0000\u0000\u0000\u0000\u0000\u0000\u0000\u0000\u0000\u0000\u0000\u0000\u0000\u0000\u0000\u0000\u0000\u0000\u0000\u0000\u0000\u0000\u0000\u0000\u0000\u0000\u0000\u0000\u0000\u0000\u0000\u0000\u0000\u0000\u0000\u0000\u0000\u0000\u0000\u0000\u0000\u0000\u0000\u0000\u0000\u0000\u0000\u0000\u0000\u0000\u0000\u0000\u0000\u0000\u0000\u0000\u0000\u0000\u0000\u0000\u0000\u0000\u0000\u0000\u0000\u0000\u0000\u0000\u0000\u0000\u0000\u0000\u0000\u0000\u0000\u0000\u0000\u0000\u0000\u0000\u0000\u0000\u0000\u0000\u0000\u0000\u0000\u0000\u0000\u0000\u0000\u0000\u0000\u0000\u0000\u0000\u0000\u0000\u0000\u0000\u0000\u0000\u0000\u0000\u0000\u0000\u0000\u0000\u0000\u0000\u0000\u0000\u0000\u0000\u0000\u0000\u0000\u0000\u0000\u0000\u0000\u0000\u0000\u0000\u0000\u0000\u0000\u0000\u0000\u0000\u0000\u0000\u0000\u0000\u0000\u0000\u0000\u0000\u0000\u0000\u0000\u0000\u0000\u0000\u0000\u0000\u0000\u0000\u0000\u0000\u0000\u0000\u0000\u0000\u0000\u0000\u0000\u0000\u0000\u0000\u0000\u0000\u0000\u0000\u0000\u0000\u0000\u0000\u0000\u0000\u0000\u0000\u0000\u0000\u0000\u0000\u0000\u0000\u0000\u0000\u0000\u0000\u0000\u0000\u0000\u0000\u0000\u0000\u0000\u0000\u0000\u0000\u0000\u0000\u0000\u0000\u0000\u0000\u0000\u0000\u0000\u0000\u0000\u0000\u0000\u0000\u0000\u0000\u0000\u0000\u0000\u0000\u0000\u0000\u0000\u0000\u0000\u0000\u0000\u0000\u0000\u0000\u0000\u0000\u0000\u0000\u0000\u0000\u0000\u0000\u0000\u0000\u0000\u0000\u0000\u0000\u0000\u0000\u0000\u0000\u0000\u0000\u0000\u0000\u0000\u0000\u0000\u0000\u0000\u0000\u0000\u0000\u0000\u0000\u0000\u0000\u0000\u0000\u0000\u0000\u0000\u0000\u0000\u0000\u0000\u0000\u0000\u0000\u0000\u0000\u0000\u0000\u0000\u0000\u0000\u0000\u0000\u0000\u0000\u0000\u0000\u0000\u0000\u0000\u0000\u0000\u0000\u0000\u0000\u0000\u0000\u0000\u0000\u0000\u0000\u0000\u0000\u0000\u0000\u0000\u0000\u0000\u0000\u0000\u0000\u0000\u0000\u0000\u0000\u0000\u0000\u0000\u0000\u0000\u0000OggS\u0000\u0000@\u000b\u0000\u0000\u0000\u0000\u0000\u0000??;|\u0002\u0000\u0000\u0000?N??\u0001|??\u0002\u0002?????f?^?-!X??Fr\tp\f?o\u00e3?r-~?T?=\u000b????]\u001e?SKf?\u0369\u03ef??d??b|t?)\u001f?I9O??c???\u0004?K\u001cF??0???Hh?W?OK~3\u000f7\u0485????????XlX???\u001a?T?\u00f1\u0011i?j??OggS\u0000\u0000?\u0016\u0000\u0000\u0000\u0000\u0000\u0000??;|\u0003\u0000\u0000\u0000h\b??\u0001\u00fb?==\u016acvs\u000e?\u000b?#Q?~\\?\u0016r?e??@\u011f\\?4\u0004?]????x????s|\u035b=\"\bO?O\u0001?hLW???B?;PXy??\u0015?r\u066d?f0?m??#?U-%_?\u03f8\u0010S?*\u0005?\u0011 \u9a87\u0014?2???\u0005??@??=\u03bfAv\u0006-\u0006r??Q?k-\u0004W7?Ss--\u0642c?5?d9\u0317??W?1-?\u0188?T?9?\"??8t??\u000b?\u0017s\u07c5????Y???\u001f?~#Ke+?>?YOggS\u0000\u0000?!\u0000\u0000\u0000\u0000\u0000\u0000??;|\u0004\u0000\u0000\u0000\u07c2?\"\u0001???LLC????))?QB?U??\u0018n???bJx\u04ab\u0001f?d??\u0015?d??D?6?YM?;\u000b?\u038d?\u0010h?E8?Y\/?1?a@?\u0603\u0015?^8??\u0324?$\u00d8Q??0?J?Aa??\u000b\u0015??VoH?-??+`\u000b*?P?X;??W\u0230?K?\u0010??u?h?z\u0007??]V?,?n\"j\u001a? \u0013hw\u0017?~\r\u0214?%?\u001ds?=\u001e,t71h?P\u0017G???\u0005?_?<e'???????\u041c\u0017Fu\u058b8-T??2e???U{8\/????R??dD??\u001a\tt\u0292\u001a?^?2?B?y???\u001f?\u0010?\u00050GQx#?OggS\u0000\u0000\u0000-\u0000\u0000\u0000\u0000\u0000\u0000??;|\u0005\u0000\u0000\u0000K\\\n9\u0001\u073b?R>Z#\u0564?V.?_\u0006? \u0001#?\u0006?c?g???????!\u0019?\u0015?\u0004U=?X?\r\u001a?+??\u03ae?\u016f<A???c?o5??\"O??\u05bd=[N???8)\u000f??d?<?FQC+4?\u01da?w?c???P??6??\u0010Ty????I?y\u0003?\u020d[\u0336\u001b????P?\u04ff?~?=?q?6??2????\u001d:?????\\??\u0013?!h????>\u0237T?\u0014???}L???~???????t?-yW????(??\u001d\u001d?z\u0007?\u0003F\u0000?|Q????OggS\u0000\u0000@8\u0000\u0000\u0000\u0000\u0000\u0000??;|\u0006\u0000\u0000\u0000??!?\u0001?\u0003Q?????x\u0019ZTkN?#?N??j??+\u03d3?%`?eV?g\u0003?\u0014????\r???$~?G\u001bi??\u0003?\u0011???z?t??\u000bxu:????g?Q?\u000b2?++?\u0010n?Tcir?Xq\u062c\u06f0\u000b9?!a?T\u0005\u000b%???\u001c?~?J\u0004Y8`g\u04e3?$???Sig\\?U??\u000e\u26cc??\u07d5??5???Q?\u001f?{???0?D%?\u0016\b???&?\u0003\u0005:@??G?$??\b??S?%L>,??????`\u0740?G^?\u0004?jl??f????'\u001f?y?+\n\u0005??\u001a_OggS\u0000\u0000?C\u0000\u0000\u0000\u0000\u0000\u0000??;|\u0007\u0000\u0000\u0000?jjs\u0002?*??fg??\u0016C??\u0015\u001c???]?\u0017K\u000e%f????_W???o??\u0650\u001e?hP?&ph??I?2?\r5??\u0018\f2>??\u0012+??X???I\u000f??K?7????\u0006H?\u0001\u001f?\f???(????\u0006??V\b?M?3?C??mFf?*D+$Dv???\u0226?Y6?????r????-I??V5k*?\/xI?#?\u0016\u0011??Tm?\u0018?\u0007?#\u0005?????i?[?>?t??trB?\\lB?0v?\u0002bN\u001b\u0224???+\u00037?8?C?fS??\u0002?\f?\u001c5??\t\u009b??H\u001eV???X!?p\u0006s??J+v\u3306a?0d\u03f0??\b?d?\u001a\u0004;????Jk?\u001a,?,:\u0013?n\n???\u000b?p???\u07be?\ue912???\u0011?OggS\u0000\u0000?N\u0000\u0000\u0000\u0000\u0000\u0000??;|\b\u0000\u0000\u0000\u0005s??\u0001???Z>??z?\u0003?$?p\u0004?3w?P{\b?\u000b?a\u0015?\bq\tc{???$\u0004A?e?8?r?\"F8|E\u0235iQ???\u0602??^??\u03cb?\u001a?^?\u05ab>{?F\u001b#\f?\b????\u0012\u0689???Y?r\u00c1\u001d??\u0003yr{??\u0001?w?`pF?\u00137?s?\u0018xEyx?\u0016?\"X\u000b?J\u001e?Y???;???\u05d3L?|\u0000S\u04d47\/v?p{???\u0015?HgW?\u001a?\u001f\u0698TnO&?!YN\n?\u0000\t???1\u0016s?n-=Jx?p\"\u0004\u000e\u0004%\u0007_?Rk?cp?l?\u0003?Gvw\u001f\u0002e?L?\u0000P??\u0003?k;\u001e??\t\u0010?4\u0014_?{?OggS\u0000\u0000\u0000Z\u0000\u0000\u0000\u0000\u0000\u0000??;|\t\u0000\u0000\u0000?mq(\u0001\uaec3ME???*H??\u0012G7??\u0004?l\u0015 ??\u0000P?c???\u0001\u079b?*n?|?\u0003??10Jx\u0015????\u06ccr\u0011???L??}\u0016?\u001d?SBy\u02fa???a)??_???j0?,>?\f?7`T?\u0601w?qn\u0010?.?~\u0018??D?nC?\u0006#\u0005B{??+?i9?G'-[z????Q\u0444??\u06a2?%?_?? \u0019?\u0011\u0018\u0017\u0493930H\u0251?p?Jm?\u0140?i\u0016$\u001e??? ??rS?\u0000^?2?\u0014fI??\u0013\u0004R?\u07db9M\u0013??n\u001c2\u0013k???B?\u05c3LU?\u0002?>?G?\u0014BZ?OggS\u0000\u0000@e\u0000\u0000\u0000\u0000\u0000\u0000??;|\n\u0000\u0000\u0000\u0012d\u001a]\u0001?\u0003?????\u0004??9\u06bb]??\u000f?\u0011?0\u0001?\u0018???\u000e|?n\u001f?\u0015G?-1z??\u0016???\u0010zB?:?=?w?.??#?VXQ@??vf?2\u0b895\u0007??_?=??*~\u0019a??j3.?_?Pc?\u0017?\u071d??t??c<\u001cJ)?^???2G\u0019???%y????<??P??F\u000f?\u001d?\u0645???\u05625\u04db?*6j?\u00c5?J.^\/t?;??^\u001d?H\u0011?p?N?h?\"L??\u000b\u001dE?A-d?3???u\"F\u0005???q8\u0007??\u0018??4?)?????6B?\u0004v?:?;\u0607=P??OggS\u0000\u0000?p\u0000\u0000\u0000\u0000\u0000\u0000??;|\u000b\u0000\u0000\u0000F?{f\u0001\uaec3BW?D?o???u?r\u00013??W?4?\u0018?CDX?S\u0006X1?TR?Nw??d\u00a7_?\u0015??\u001e`???_?Wx?,\u0469?T\"?$?KO?\u0005???3???H??G7?J\u01b5\"?\u0019?9u?l?\b?\u001a?]_?\u057ez??\u00050q???\u0019\u0504&????)S??8????,?:-??\u000b??J???? %6R??=9[\u0003??(\u0014jV6eh?]*r\u0476['??\u0011`#????\"?<?P?p\u0019\u0014?\u0018?\u0002AL$K???N\u0006????.L??%?p\u0003&]#Y?a*@?e??U\u0012??OggS\u0000\u0000?{\u0000\u0000\u0000\u0000\u0000\u0000??;|\f\u0000\u0000\u0000'\u0017?\u000e\u0001\u9ec3M=??\b\u00003?k=??{?.\u001f>;\\??0?????\r?j???k??T.?M\u001e'?\u001c\u0006?Rny??\u000bQ?\u001a\u0005&?xp???UG??6?\u0018RX\u024e?O?Y\u06c7.x\rz\u000b?+??P\u0016w?\u0004\u000e?X?~\u03db??X\u000bc?5\u0508cj,]guS\n?JL\u06c6?\u001e?RQ?\u0018?V?)O?W\u07b5????\u0001????D&??-? ????\u01a3\u0012?\u001c?z!??6;?c?G;\u0013?^\u0002Pu{-P?\u06ca?.???\u0013??L??<?\u001b?z??\u001a\u0791Q?\"??\u0019??'\u0018r?c?OggS\u0000\u0000\u0000?\u0000\u0000\u0000\u0000\u0000\u0000??;|\r\u0000\u0000\u0000\b?1\u0001\ucec3NM??\u0003@,>???W?@\bb*??\u0003???\u000f?\u0011?\n?~\u0266\u0010????A\\\u0019\u0006?$?\u0015`\u0010n??\u0004N\u0118z??\\?q3?\u013f2?\bX~sC?*?WTB?\u0011\u03c5??\r#\u0013?>\u000e\\??\u0010???\u001cGa?\"A?S?\u0019U\u001c\u000e\u001f\u0006?_?e\u0018\u000b\u00002b\u0006A?_4K\u000b?@\u0019c?X???c|???e??R\u02bc\u001a\u001a?????~??)?t2?B\u000f$?W>?????x\r?`???\u07dd?&j\u0782,??-F\b?\u0016??\u5dbf\u001f?`\u0013q\u0010xw\u001f3<~\n?T)AZ?\u0002]??\u0006q?o\u001b8Wy?OggS\u0000\u0000@?\u0000\u0000\u0000\u0000\u0000\u0000??;|\u000e\u0000\u0000\u0000?\u0015U?\u0001\uaec3MM?Hb?\u001c?=\"?\u0010X?w?=?x?\u0436?@?\u000b?G?\u001f?\u001a?y|???9 a??\u0015?\u04ca?9:0\u0002?VMpz\u001c~D???|\\e?}?l\u03a4\u0006?\u01e3|\u073dv??MhQ??\u5f14L\\??DCS5\u0014?s?=W??\u0011G??N04ZD?^\fl&\u0152Sw?\u03ab???v?\u0012Pz?\u0001???_?Fi\uda99\udeb1;?\u001bB?f?3v?\u001a4??\".?_?d?\udbcb\udc28w?l9???\u03a3j\/\u0017D?\u07fe,%\u0006???{???G?\n?za\u063a0q\u001aTv ??\u0005??n\n&27??;?q\u0601OggS\u0000\u0000??\u0000\u0000\u0000\u0000\u0000\u0000??;|\u000f\u0000\u0000\u0000??\u0013F\u0001\u06bb?MDw??????\u0001}?4h?\/Z?\u001d???\\??H???\u0012?M??\u001c\u000erc\u03d4S?\u0126]\/\u03e3?2??[\f?J#??,???)??\u001ax??\t\u0006%??\f$!??\u0001\u0388?ND\u0015\u0005??r?^\u053d\u0016??Ae?=? 4,8????S???O?????~?8\u0014Pc\\]\t\u01572?\u001dMY?h?\u0011?-?mVcWn??\u03c9mF?Nv\u001a?\u001e\u0001\u0000\u0010`?&?\u05efx?p??\u000f\u001c\u0002??e\u001bE??\u0014d?>R??\u0010\/??&??U?#.#J:\u001dOggS\u0000\u0000??\u0000\u0000\u0000\u0000\u0000\u0000??;|\u0010\u0000\u0000\u0000ik?c\u0001\u4ec3C@?B\u001c?,??]\u0011???,\u0016\u0002?\/??kV?\u0003}?n??9R????? ????\u001b\b\u0003\u0674?;?X?\u001e??&s???B6?\u0003B??\u001d?\u0003?fx\\?\t?\u0019?R\u0001?\u0001g?|\u001a\u06da?\u0151?G?\rE?_?`?y6?\u0019;?M??r\u0000IR??)\u0016\u02ab?>?'\u069d???)???\u0001??t?.?P i???\u0010|?\u01bf??\u001b??\u001d??k?????M?:?\u0012(?9??[??\u04df^6??\rz?\u0018\u20b9 \u00aa)4\u0013\u0015?\u0011?i~F?}?s#??d\u001a\u000b?\/1??AOggS\u0000\u0000\u0000?\u0000\u0000\u0000\u0000\u0000\u0000??;|\u0011\u0000\u0000\u0000\u02dfu?\u0002?\u0000??_Pp(??M?9??nb\u001e?2\u0018?8??~P?????e??B2BEr\u0013 ??\u0018d?\tD???\u0007|?k=???\fj???Q@W\u0000?L??fS?$?Ik?????SGPZCJ\u0001%mE@????\u0004?\u0011????;\u066cy\u036a?\u03205?[\\\u00175q?V).??\u075f??yzT\u001e\u0505?\u02d9??z???G?\"?:??&?\b&??f?y?$????\u000f\u00002Y??^???a?????5?JE\u0004?m\u001f\u0007\u001e??????p&?= L??d???\u01f11?\/\u0003\/n W???_Z1\b??\u07e0?c?a\u0017h?O?0?W5?=?O?\u0011OggS\u0000\u0000@?\u0000\u0000\u0000\u0000\u0000\u0000??;|\u0012\u0000\u0000\u0000?\bh6\u0001\u073b?OG?.?t?@\b?\u0005?H??\u001ae?\u000f??su\u04ff??\f8\u0011\b??8??????\u0018?p\\\u0000%????#?qs\u05e5?vQ|\u0007?(\u00c3\u0011???6??\u0019q\u0001??)?S?X?b\r??\u001a?\u001d?\u0002=?\"\u001ej\u0014;?SB???\u03cbW3\u001e?\u0013\u001e?\u001bh\u0010!R:V??\u0006H??? ?z??V?3K\f2??\u0637~???A?f?`??ad\r4q?8\u001d??\u0019\u02ed@\u001c6m?K?`h??h?Z?h7??\u0012???b?Z??\u0019b?1Dz\u001dx>??U\u0014\u0577\u0002??MOggS\u0000\u0000??\u0000\u0000\u0000\u0000\u0000\u0000??;|\u0013\u0000\u0000\u0000?#?\u001e\u0001???[Pz\u000f? W\u001c??\u0316G?b`\\?Dy2\u0002o\u0018?\u0001s?8FF\u0017g\/???6+v-\u001cp\u04bdKZWo5b?\u0313?f\u0007??q?w???U??a??c|\u0452?lr?\u0016d?}?\u0010\u001cP?\u000bV\u000b???H?;?)?\u0011sGg???{XG??QU?E?\\?4lxV\u0014m? ?kH\u0000\u001f\"?T?G?\u0007f??(\r?;\u000e?\u0003M\"?[?\nD?}\r?\u0011a??\u0735?\u03de???;?\b?Bt?J=?{???\u06c6pM?????L?!31\f\u0017?eU?????=ns?\u0011W???x?\u001c????'?|???+T??????T\u0019|?OggS\u0000\u0000??\u0000\u0000\u0000\u0000\u0000\u0000??;|\u0014\u0000\u0000\u0000?@<.\u0001?\u0003?\u017a??doiS?\u0005?\u0013}?W?!\\p??\u043d?\u03b1X\u0015\u000f\u0001??7}Z:.x\b\u0016???N??%?^\b\u000e?iz\tL???\u0012i?\u042e??zY??\u000e?\u02f6\u00c9?W???M???S??\u0012?\u00ad??Mq?k?\u0300^???\u0015?&?3?\r[&\u000f\u0013???w$????Y?\"9?]???J?kX-\u0007?#_?\u0004??\u0003H??4??o?=????\u0017?mBI?gv\bTO,}?`\r?jyI\b.?,?\u0012?:?\u0017Q\u0004%?\u001a?V?F)???G?Y??w2?<?a2?\u001d;?~oG?5?OggS\u0000\u0000\u0000?\u0000\u0000\u0000\u0000\u0000\u0000??;|\u0015\u0000\u0000\u0000K.OV\u0001\u5ec3M;??\u0004s?j7\u0012\u02ef?s<j?:?D?'????\u0462?u9=??5?\u0552x\u052d?\u00b6v?;???.&Ds??^?r?\u0017?F??l~??T?@?:?\u001boY\t?\n??Y??(B:9\u001a\t?,?}?\u01fe??l???7P\r\u0015d\u000e???\u0014?]?\u0003?f?e\u066a??x?*n?u{S???v?Ji?\u0004e?\u0000???f?????>?$\u5d9b??N?\f\/w?g??|?gB\u001f??6\u0001?\u0004?\u001d?h=>l\u0014\u0468?n?O\u06f8???i\u0004\u04a5h\u0117??~???<?*?{\u0315OggS\u0000\u0000@?\u0000\u0000\u0000\u0000\u0000\u0000??;|\u0016\u0000\u0000\u0000\u00015\\?\u0001\u3ec3?Y???)?\bp?OF?e ?n~?O?g\u000e?\\??;??$??:?#?\u0004?9?n\u0011\u0001???t?k??+\"a7n???\u0003Z?!???dV?a??Z_?e?an??Rn?:_2??\u001a?1P?f)[\t\u001d??|?7n????\u0011W\u07ec??\nO?E?\u001e?;\u0744(_@z?\u0013\u0005lc??6?afAb#\u05b0??G??\u0004??5????k??I??\u000e?\u0003r?\u0006\u0003?:???\f??\u0002-\u001c:??Z???\n?7??7\ubadcN?\u0760?\u0693?o???\u0010????\uc08aOggS\u0000\u0000??\u0000\u0000\u0000\u0000\u0000\u0000??;|\u0017\u0000\u0000\u0000]\u000f\u0010T\u0001???J\\?,Y\u076c?>\\A?$:?Y.]\u0002?Z?\u02532?0?{??d\u0017\u001a???\n\u033cv\u001f_\u0019\u0566?8e??@??^\u0011>i'\u0017Q?5?E????M??\u001d??\u0012?|\u0275\u0014J\u0017\u0003??\u0013I???\u0005\f<,\u001f?chx\u0012\u067f\u00029?#g ?\b?\u0526\u050d?q?\b\u000f???\u0014\u0182?C?m?\u0003\u001cI??.?????\u0010?yt?&?\u0015????\u0018?#?Q?H\u001d?w\u02bd??\\\u0019?;?m@??d\u02ce\u0017??yG^B?M5\/?g??j?\n,?#gl$\u0016M?VE??????u\u001bs\u05d1?\u0569?\/?z`?\u0001f??\u0010?\u0011OggS\u0000\u0000?\u0002\u0001\u0000\u0000\u0000\u0000\u0000??;|\u0018\u0000\u0000\u0000I^?a\u0001\uaec3MA?&?C???p?d?K???F\u001fO???[?mm?Zt\u001e\u000fb?1\\??y}(E?)\u0574??V?CI?g?D???\u001fO??$?I?\\?5?\u0001f?(\u0011r\u000b???e]\u0002?Eisv\/\r?8???g\u000f\u000f4???\u0005Gm?\u0016??G??q \/?D??\u0019??\u001bFD}{?|hXTO>??\b&?????l?:e?\u0005pBv\u001f???I??]??f??\u0012qn\u0013Y?<+1 N??u??(68\u000b]?M?gvl??O\u0006?\u000f }??=??7\f \u0013Rt\u001f\u0016?K6?$?^a\u0017?r????OggS\u0000\u0000\u0000\u000e\u0001\u0000\u0000\u0000\u0000\u0000??;|\u0019\u0000\u0000\u0000????\u0001?\u0003?o??>?\u0002??\u021c?:\u0011??\t\u001c?H=-D~?\u6aac%?Y??n\u0013?\u000f?\u0003?x\u001f+??$\u0016??????T?\u0000\u000f?\u0315\u0179?\u001aq\/e??-\u000e~?g??Ow?N3\u000e??\u0015?\u0005?j??\u0704\ua643?Hqc\u0017???\u000b'???tD?\u001e?ma\u0010~?y\u0011 ??7?*'5?\f&\u28cdt\u0003}0}??~??XS???,???>?????\u05f4???\u04d4?a\b?%5?\u001c?O??_?)?+?@??\u0001??.??\u001f\u000fj??\u034f?\u06c9?\u0005r,??[\u000e}?\u0018<?9J?m2?D\u0013?+\u001c?OggS\u0000\u0000@\u0019\u0001\u0000\u0000\u0000\u0000\u0000??;|\u001a\u0000\u0000\u0000?L?y\u0001\uaec3ML?-\u0001????\u001d??*??\u0016?b?\u0004\u0007??\u0005t?0?Q?B\u00c1?\u0358?9N???c??M????\/?????t?\u001f???e??\u0504?\"??P?XK??sX?C\u001b.???t?_?\\i?QP?+?\u00184?H?AR\u0005\u0007?j?N?\f?_\u02feM#\u02b7\u0010?\u036al???a??u??2?|??P???Jb\u0004\u0018\u001d?{???,\u0006\u06e6m?j???\u04bde)[???]\u000e?\u040e?B?l??&?G?rk A?\u0001#??????n??\u0013\u04c4??8n?-????\u0014\u001b5?v)OggS\u0000\u0000?$\u0001\u0000\u0000\u0000\u0000\u0000??;|\u001b\u0000\u0000\u0000\u001a?$V\u0001?\u0003???_,\n?\u0018\u0015\u0013??[??j??o]1[J\u0011Fd\u001a?\u00134Y|kV\f\u0005??qk8&FO\u0559??j2??r?M?G?\f??Kcg`??18s??,?5@\u0017\u0011Pf3,?\u000e?'\r~U?3\u001f?4?\u0002??\u0015?[?p?]?q?\u0017y8??\u0014\u000e?\u0012?*?2????\\VVJ\u0013?\"??\u0019\u0791?1??i|??W\u0762]u?X??\u000f??\u001f????a\u000f\u06cfV?LXZ$\u0016+???E]$X?\f??0?I'?qb??Fo???\u0003\u01a4p\u0270z?*???;l?-???\u0001?\u0010\u000b(OggS\u0000\u0000?\/\u0001\u0000\u0000\u0000\u0000\u0000??;|\u001c\u0000\u0000\u0000?\u0019C?\u0001\u4ec3L@?VRy??`\u0007<\u001c??m6????)???\u000b\u001eE'?\u561b5?\u0019??:V?b??!??\u036b? ?Y@\u001fT?g?\bv\"?!\u0010?>ip\u0003c???B??E\u00c2?H??\u0012?#?'?\u00144?+??\u0010??>Z\u0013\b?B\u000e?;??\u000e\u001a???)-??f[??_!?KH??\n??\u0004?dN??~?I\u03c9?????\u0734??-?n??Mb<zu?\u001f?\u0012\u07fe??d?s\u001eT)=H8?J\u0006,?pK\u00c4d???P\u02b9Z\\?\u0599\u001a@{k?t?Dt???\n??\u001c=?\u0003!*x\u0014\u001a??OggS\u0000\u0000\u0000;\u0001\u0000\u0000\u0000\u0000\u0000??;|\u001d\u0000\u0000\u0000?\u001d??\u0001??S?-vV>=y,???O?rnu?y?????kJW\u0014L?????\u0014\u001f9D\u0004h?\u000e????\u068c??U?JLp\u0017tG??>?Oz?\u0018p???\u0001r?h?#6?g????xDv?En{?????4Ig\u0004A\u0014Z4>?\u0015?\u0001-?F?6cU4?W???G??~K@\u0005?\u03db?5??\u0010{\u0018C?)_\f?!?w?\r?0???{?\u0010?M\u06d3W?\u077f?\u001f\u0217??\u0004 ??8???$v?I?\/I??\u0006?*?e??_?h\u0001j:\u02b1??L???~?6???-?12?C\r\b?)?T3?\u000f?????OggS\u0000\u0000@F\u0001\u0000\u0000\u0000\u0000\u0000??;|\u001e\u0000\u0000\u0000x??\u0001?\u0003?\u001f\n(??u??`?id??[?9?jo1\u0018?.?[S??d)Zv?`\u000261?\u0012^?S?\u00b1dA?????\u001ayt??@?\u0006??\u074b??\u0001???????p}??\/w^\u0000Z???n^3?\u0014??64CwX4D?uyD\u000b?O??\u0007?X\u00b0\u0010??`\u01d0j??0?\u0012\u0014Ob?x?S\\?\u0005?wU??:?<?r$83?$z}???,?\u001b|G????\u0098?a\u000f!Y??v?\u001e7\u0001E??\u0003?\u0001?k\u000b]\u001a???I?V)\u0011\u0006oQ?\u0015?\u0002?3?-\u036c-??K???\u013a?W??x?OggS\u0000\u0000?Q\u0001\u0000\u0000\u0000\u0000\u0000??;|\u001f\u0000\u0000\u0000*+?b\u0001\u077b?LKwp'P\u0002???\"|?\u05fb|?1A???L?\u0007?\u0004?\u001c??1uI??jqH\r\f??2?\u06f0?Qv@?\u00184?L?\u008c?\u0016?????'?A\u000eT??f?\u0003@\u0015\"?d|c???,8A?\u0017?\u0018?>F\b?jZ?'??T??H??b??&r??,z?^?c?????:???F.K?O?\u02ba?m??eA??\u0006?t?\u0000??\u000f??_?\u0019@?6\u0011??\u0001\u001b?d???_\u001fx?\u02c0~???\u001f???4?????Pz???\r?*=??#m??AOggS\u0000\u0000?\\\u0001\u0000\u0000\u0000\u0000\u0000??;| \u0000\u0000\u0000??O?\u0001\u5ec3?W\u0007?\u000e1B\u0007\u0002\tJW\t,%\u0379w???\u0006?\u0015??\"????\u0006?????\u000b\">x??????\u00a9????9?Z?I5k]???\u001cU%\u0584Ft\u0012'?\u0001\u0011G\u0002?_|??\u0309\u0017XQ?b&\u001a?TK+?+i\u000b?\u054d?\u0010\u00136?\u01e9])?E??\nM8?\u0005?(????:K??x?q?v??^????????\u0242\b\u0459\/YE\u000ft\u0017\u07f72)N??\u0337><$???a????f\uee1d???W??N??S}\fm???|?????];?\u07fd??V??*O`???>COggS\u0000\u0000\u0000h\u0001\u0000\u0000\u0000\u0000\u0000??;|!\u0000\u0000\u0000aEm!\u0001?_M?????W?9k^?cv0\u0017\r?Pt\u0014???k\u001fq?\u0018?p?]?VbIX`???]?s????\u000f???\u00013N\tt?\u000e??LN??\u0000G?:?\/Z?[\u000fs3?]N\u001e???g\u0003\u0017???\u9b25?p6'?!\u0015?!?\u00134??@???G??y_??pb)???zw\\u??\/<$?\u000e?4s\b?\u0016?V?\u0003?\u0000?w=P??ie??8Y??A\u0647Ee?q???Z\u3ab6\u037ei?)?j%cR\t????|\u0012??\u001b\u0017?\u0006\t??'k???*??ju\u0011??UG?\u0016?W>]\u001f\u0004K?????E5?\u0399uOggS\u0000\u0000@s\u0001\u0000\u0000\u0000\u0000\u0000??;|\"\u0000\u0000\u0000?0?\u0001???WL?\u0001?\u0006B\u000b \n??0?\u001b?&?,F\u0003\u0448\u078dyv%C?I\u0015Q?:???\u001d?eU????B$7?\/?yU?.2r\f?O???@Q\u0000\u0016???o@?\u0004?(?????@]I??l? |M<n?A?BE???GF????I!i???%Wu?!?O?L?1%Yn??\u0007?)y??B?1r?;?{f\u000e,?'????\r??O?g??L?t\u000f?\u0014??%9??\u0019?a\u0004?\u00072@\u0010j\u0012?ou2\u0019}G??U`T??\u001c'?Cl\u0003f??_?\u5c34\b\u0002\u03a4??7\u0002i??\u0118l??P\u0017?e\u0019?OggS\u0000\u0000?~\u0001\u0000\u0000\u0000\u0000\u0000??;|#\u0000\u0000\u00005???\u0001\u0ec3M@ph??\u0102R\f??@a\u064f\u0000?\u0000c??\u0018iP\u001a??\u0007?\u000e9.??~-?\u0006jO\fn\u001e^\u000f?.\u0001Y?\u000b???9?L#?f`\nu\u064b??0???\f\u001d?????\u000f:\u04cb??OOi\u04c3?x)?6??{???N'???\u0013,dv\b??n}??\u0006xv???#??t?\u001a\"?\u0014j\u0007?\"l\u05adfW???>?:n4?L}??\rl?;?\\NZ??_?\u0000?\u0003\u0416r?\u0287PA?=\u001d?\u0011$>???\r??\u0007v}?Qjgi?\u0010??49\u0012???C>?(V???%3OggS\u0000\u0000??\u0001\u0000\u0000\u0000\u0000\u0000??;|$\u0000\u0000\u0000?\u0010\u0010&\u0001\u5ec3;I<?;?\u047a+\"??c\u0018x3\u0017?)?y?R%???\/c\u0005z?gL???3?j????p=??\u00032???F\u001c5[?U?\u001c\u0000kl?\u001a>\u000ejF1\n?r??v?\u001c????W?\u02e0\u0002?\t??t_qB?F\u0004?T?\u0013??\u0195??0\u0773??p*zF\u06c5\u0000\u9045??.?\u0001\u0014???W?\u001e^???k??\u001eBJ\u0016?O?4?f4BA?\u5e5bG?%??90>?p??v\b??\u001d?!\\)?\u0005`\\?\\;9???\u001a?????$?\u000f?\u0003G>!?\u001b?\u000b?4\"\u0017??\u01a2???H?OggS\u0000\u0000\u0000?\u0001\u0000\u0000\u0000\u0000\u0000??;|%\u0000\u0000\u000035!?\u0001???YQ?o??r?????\"\u0005\u0004\u0016???<C?1G\u0007?pr??c?H\r1??\u000f\n\u001c\\?\u0661?cP%\u001d|$\u001d????:Y@??t\u001f\u0004?ZV???A????????'\/?b8go:u?Op?\u0000\u031e\f\u0016H??j?&?\b?\u05b3?V\u0161F?I?#?LgS\"\f:?H????}M?<???*???\u001b?\"o\u0015?P4T?9\r?v???\u0013^;2 \u0004???\u001c??[?<:?Z\u01b3z\/????K?`\u05eb? ?\u00133(\/\"??\u029eQ\u001d\u0016\u0011???[pC\u001c??????\f?SG?m\u0004\u0012v??Y8K\r\u0018?\\?.d?\u0002?c?_OggS\u0000\u0000@?\u0001\u0000\u0000\u0000\u0000\u0000??;|&\u0000\u0000\u0000a;?\u0011\u0001\u01fb?M:?h1\u000e???\u0010x?,?Bv??\u001f7?\u0005?\u001dYe=0.\fN\u0019?54F|?\u0005?*?|\rz ?S?JO??\u0015???P?\u0013c~?\u0010\u055cD???{\u0004?1e\u5e79\"l\u0013@^????\ua16b?ts@\u0019|??F??H?$??lP?\u0018?\u000e??P?K\\W?.\u000e\u021f9?v?\u0654?\rc?\u0015Ska?G?k7??\u077d6?\u0003(\u0013\u000b-?V??\u001b?6R???g\u033c?U?\u00010X\"???4]V?\u0001????\u0011\"**?\u0007?OggS\u0000\u0000??\u0001\u0000\u0000\u0000\u0000\u0000??;|'\u0000\u0000\u0000\u001d???\u0001\u06fb?AK=??Cn??l?A?=?:y6\/^??$\u0005??\u02bd\u0017\u001f\u001e5pA16?i\u0016\u000f?vq\u001c?\u018aE?GZ\u027d?-?c!???\u01a8\u0019?~\r?\u044c?:?j??[?SR??\u001c0\u0016?1,?\u0004EM?\u0000??\u00000\u0098?[\r?6\u0592?\\\u000e???+??\u03c9?:??8??\u001d?\u000eb?Wh\u0011#?>???v\u0502\u001e\f??\\?=V\u001d?eh\/?7\u07f3\u001f???c?K????O?H?t?{\u001b6\u0015\u000e??h\u0018\u000fO??O?`??@b\u0117????x?Z?\u001b\u001c?\"?????OggS\u0000\u0000??\u0001\u0000\u0000\u0000\u0000\u0000??;|(\u0000\u0000\u0000h\u0001vs\u0001\u9ec3QUp\u0017???<I?,$6>?W?cl?E7Y?\u0219K??`2=??r\u0019??q?xZ\u025e?[??vN???\u001aV\u00b6,v2??p\u0005_?F?1????~?9???^q\u0017\u0002?l?1?z{?!#)[?W5??\u0611\u0004?~??-?\u001a>?\u000f?\u03a9!Qs??R??(`k:X?\u001c???AE?\u001b?\u0000?V\u001e:??\u000b\u0010\u000f??~??`w?7g?*?\\\u001e?O? ?i$m\u0433?,??\u001dW?[9M?\f?l\u0012?o?\"??R?j?=\u0018(B\u0017&1!\u0019??s??5?pO^??.}?`tAX+OggS\u0000\u0000\u0000?\u0001\u0000\u0000\u0000\u0000\u0000??;|)\u0000\u0000\u0000?&6Z\u0002?\u0012??b]??wK?g5>\u075a?-??u????q?)??\u001b?Y?\u0003,}?Z99E]??*???\u0004T{\ub4da??$@,?u\u000eh\u0007?YTa\u0255.:?\u0014U?3\u0005?\u001b?\"?\u0002?p??Ut??y?z]?jk?|?\u00c9^\u000e^\u001d?*u9\f ~?.?|]D???8\u0300?r?y\u0245?V???65}?G???_k????\u0017!??V??p\u001e??89\u000b?=h?\u00134~??7-?O?\uaa9a???[?Du?\u0242?\u0004?\u0006??C\f?Ea?\u0013L?>?e\u05b7z?e??\f???9:l?Z\u001c\u00173?&?Q?'???????\u0001\u077d?jh7??\u0019?b??\b??F??3\u0007(cOggS\u0000\u0000@?\u0001\u0000\u0000\u0000\u0000\u0000??;|*\u0000\u0000\u0000?\u0004?f\u0001???[M?U\u00061A?7)5m?\u001fZ??\u0001\u8684?C?\u0001\nP?v\u0014i}\u0015Y\"?m^\u0416?G??@?A??8lq????t??`?N[Xh?\no'?yR!%??p??SX?\nf????y???W???f0g?????@?2??_%\b\u0011?L?,?\u001b?\u02e5\u0122??[?$?n??'?W?vW?^??q4???c?i??????Q??k?x?@_?\n??N?_???pm?????9?n?*??3??9?\u0760???P??D\u0013F\u0006?q9??;\u01cc? ?Y;??[?`??????K\u000f??8O?X??OggS\u0000\u0000??\u0001\u0000\u0000\u0000\u0000\u0000??;|+\u0000\u0000\u0000\u0006f??\u0001?\u0003??U????~??r???%$??s\u0016?^s\u0010?=\u0000?>?B\u0001?&??\u001e>??v\u0011?xN??\u0006c????\/?F\u0001???\n??9\n$?'\u02f9-???4LO?\u0a94\u0160G???? ra????S??lnR{0\n')$??\/r3?j\u00d2r?)!?U,b?[?-<B?<?0\u0010*I??6\u015c??I?HxV?q\u0017??j?H?5e???O#?_>h??????Q?g??,??N3\u0354?\\\u000f\u001dQ???[???_??Kc?U??Z?L\u001e'\r?\u001d?\u0002Z??\u000f?W??OggS\u0000\u0000??\u0001\u0000\u0000\u0000\u0000\u0000??;|,\u0000\u0000\u0000??6?\u0001\uaec3MJq\\?\b?\rk??\u0014lc?\u0000??[\u000b?$?)?XZ-2(?\t?0:?\r?1??????\u032a??\u0011?1?X\u0481?V?o*=?%g?v?\u001c?\":??\u0015????=j\f???u]???E\u0003it?\u0000?E?\u0003???$\u0013?\u001a?\u0001\u0019#rL\/?t\u001c????|???\"0\u0249 \u06f9<?Tr.\u0017 ??\u0002?F??\u0183(P\u001a?v?^??dWL\u001eQ?&\u0002k\u0011\u001a\u0003.???\u0010??j??\u0002?2@??\u001a?WwT\n??#K\u0520\u0011???Y9??\u0006P?\"\u0018H\u0014\u03d1{?s<y@YU???\u0015|<?OggS\u0000\u0000\u0000?\u0001\u0000\u0000\u0000\u0000\u0000??;|-\u0000\u0000\u0000x??P\u0001\ubec3KO=k?????\u0016?e??,u?\fF\u000b\u0003??\u0017???\u0001??t???c??\n\u0004?L_?.?\nQ?\u017d\u001ae??4\u0017?\u001b-??6????ls\u0017o\u0014?\u0453\u0007?n?\u0000?\u001an?:=?\u001e???5?\u001a?6{?}M?\u0342?y??D\u0010\u031a+?\u0004S???HS\r\u001a~\u0003?^g(???l\u0006?e)sLE&?{??[hm\u0005??????h#p\u0004?A?r??+?x*?hH*L?\u06eebM\u0019??+???Dz&\u000e$?CEv?$???Q??^o?\u0005?\u0014?S?\n?\u04a7??\u001d??????$e\u000f??3OggS\u0000\u0004??\u0001\u0000\u0000\u0000\u0000\u0000??;|.\u0000\u0000\u0000\u0004??\f\u0001\u05bb?LM?\\?:?\u001eM???w?\u0011??\u0005gn?\u0000??\u0011$?_\u0015\u0364p\u000b\b>?#?\"E???\u001dC?+?\u01ab\"???h????\u0016h?[L]?eGTI,' `y\"_?2?\u0249?2tJ\u0017?c?u\u001c??8?w????\u0018????-<??62m?\\v?\u0005???]?\u000e???\u001f\u0015\u0727\n2V\u0004tY?\r??p XjpP?o1??\bU??@??E?\u0006T?K?H??\u0601\u0014Wn???\u07fdK\\x?dP???\u0752?t?\u001bm?&??????\u0018?U9??","filename":"voice.ogg"}}}