{"url":"https:\/\/api.telegram.org\/bot3f3814e1-5836-3d77-904e-60f64b15df36\/sendDocument","payload":{"chat_id":"-123456789"},"files":{"document":{"contents":"Hello!\n","filename":"test.txt"},"thumb":{"contents":"????\u0000\u0010JFIF\u0000\u0001\u0001\u0000\u0000\u0001\u0000\u0001\u0000\u0000??\u0000?Exif\u0000\u0000II*\u0000\b\u0000\u0000\u0000\u0006\u0000\u0012\u0001\u0003\u0000\u0001\u0000\u0000\u0000\u0001\u0000\u0000\u0000\u001a\u0001\u0005\u0000\u0001\u0000\u0000\u0000V\u0000\u0000\u0000\u001b\u0001\u0005\u0000\u0001\u0000\u0000\u0000^\u0000\u0000\u0000(\u0001\u0003\u0000\u0001\u0000\u0000\u0000\u0002\u0000\u0000\u0000\u0013\u0002\u0003\u0000\u0001\u0000\u0000\u0000\u0001\u0000\u0000\u0000i?\u0004\u0000\u0001\u0000\u0000\u0000f\u0000\u0000\u0000\u0000\u0000\u0000\u00008c\u0000\u0000?\u0003\u0000\u00008c\u0000\u0000?\u0003\u0000\u0000\u0007\u0000\u0000?\u0007\u0000\u0004\u0000\u0000\u00000210\u0001?\u0007\u0000\u0004\u0000\u0000\u0000\u0001\u0002\u0003\u0000??\u0007\u0000\u0016\u0000\u0000\u0000?\u0000\u0000\u0000\u0000?\u0007\u0000\u0004\u0000\u0000\u00000100\u0001?\u0003\u0000\u0001\u0000\u0000\u0000??\u0000\u0000\u0002?\u0004\u0000\u0001\u0000\u0000\u0000@\u0001\u0000\u0000\u0003?\u0004\u0000\u0001\u0000\u0000\u0000@\u0001\u0000\u0000\u0000\u0000\u0000\u0000ASCII\u0000\u0000\u0000Picsum ID: 637??\u0000C\u0000\b\u0006\u0006\u0007\u0006\u0005\b\u0007\u0007\u0007\t\t\b\n\f\u0014\r\f\u000b\u000b\f\u0019\u0012\u0013\u000f\u0014\u001d\u001a\u001f\u001e\u001d\u001a\u001c\u001c $.' \",#\u001c\u001c(7),01444\u001f'9=82<.342??\u0000C\u0001\t\t\t\f\u000b\f\u0018\r\r\u00182!\u001c!22222222222222222222222222222222222222222222222222??\u0000\u0011\b\u0001@\u0001@\u0003\u0001\"\u0000\u0002\u0011\u0001\u0003\u0011\u0001??\u0000\u001c\u0000\u0000\u0001\u0004\u0003\u0001\u0000\u0000\u0000\u0000\u0000\u0000\u0000\u0000\u0000\u0000\u0000\u0002\u0000\u0001\u0003\u0004\u0005\u0006\u0007\b??\u0000N\u0010\u0000\u0001\u0003\u0002\u0003\u0003\u0007\u0007\t\u0004\u0007\b\u0002\u0003\u0000\u0000\u0001\u0000\u0002\u0003\u0004\u0011\u0005\u0012!\u00061A\u0013\"Qaq??\u0007\u00142BR??\u0015#3br????$C??\u001645cs??\u0017DESd???%T?????\u0000\u0019\u0001\u0001\u0001\u0001\u0001\u0001\u0001\u0000\u0000\u0000\u0000\u0000\u0000\u0000\u0000\u0000\u0000\u0000\u0001\u0003\u0002\u0004\u0005??\u0000&\u0011\u0001\u0000\u0002\u0001\u0004\u0002\u0002\u0002\u0003\u0001\u0001\u0000\u0000\u0000\u0000\u0000\u0000\u0001\u0011\u0002\u0003\u0012!1\"Q2A\u00133\u0004#a?R??\u0000\f\u0003\u0001\u0000\u0002\u0011\u0003\u0011\u0000?\u0000??w??\u0014?w??\u0014VO?{-???\u04fcS??h??\u029c5,?\u0002?i?)??.w?,??\u0004\u0017{N?Ow{N?E?>T??w{N?J????*YR?\r??\u001f\u0014??i?(?U-h7w?|R???x?\u029f*Y@???x????x?\u029e?e\u0002????{??>(???k@??????\u001f\u0014vJ?e\u0006????k??>(\uc552?\u0007;?>)??h???VK(7wI?J?????Y,?]???J\uede4|Q?Md??w{G?+??>(????\r??\u001f\u0014?w?|Q?+%?\u000b??w?Ww?|Q?,?e\u0002????Ww?|QY+%?\u0002????Ww??\u0014vK*YH??i?)]???G?,?e!\u029f*?7D?T??yS?ReO?,?yS?RY,?k@\rJ?K'??R<??{%?\u0000\u0532??{%?#\u029f*??eK(\u0019R\u02a4\u0296T???O?\u001eT?T??yS?Gd?R?G?,?K%?,?yR\u02a4??Y,?yR\u02a4?YR?Gd??,?*YH?\u028f*YR?Gd??\u0296T??yR???Y-i\u0016T??r??ZR;%?I?,?e\"\u029b*?*YU??eO?\u001eT?W6?\u0000??Q?Od???O?Id???\u0000\u0013?F\u001a??e#\rOda??T???>TvO?,?Y,?K%?-h\u0016J?K%d??d??\u029e?e#\u0295??R??P-?YQ?J?e\u0002?Y\u001d?\u0296P2?dvJ?e\u0002\u026c??VK)\u001d????eV?Gd??*YR?\u0005?eReJ?e#?VRY+%??\u0272?l??e#\u0296U&T?R?F\u001a?5\u001eT?\\??<??\u029e?e\u0002?eGd?K(\u0016O?\u001d??Y@?{#?VK(\u0016OdvJ?Z????Y,\u0006T?Gd??P,?\b??e\u0002?Y\u001d??Y@?VGd?K(\u0016OdVJ?`l??Y+%?\u029a?\uc552?Y+#?VK(\u0016J?#?VK(\u0016J?\uc552?Gd???Y,\u0005?YId??R;h??KY\"\u0012?\u0005??F\u001a??Z?,?\b??e\u0003*|????`,?\u022c??X\u000b'?+'?X\u000b'?+%d?6OdVJ?`l???+%??{\"?{%??VGd??\u0002\u026c?\u026c?\u0002\u06acmv;??\u0136????{\u00183;?-\u0013o|?G?I&\u0019?=????e\u0007F??W&?h?Z??:??\u001e\r?B?\u001c???-I?\u0017?\u000e?`??>r\u0007?c?VN?h0?E????\/>????+?\u0018v?TD?N??b>??\u0570\t\u0192B?X?\u001e\u0007q?Z?,g?_?8?]?????m??9?????\u001d\u001b#?s?0?+HsC?Ai\u0017\u0004\u001b???\u0019?j^?3????J?\uc557\u0016?\u0016J?\uc552?Y+#?VK\u0011?+#?VK\u0001d??\u026c?\u0002\u026c????q??\u0003??kf\r6?X\u000f9???U?z'??;'?+%e\u017a??=?Y+%?\u001b'?+%d??d?Ed??\u0006????@J\u022c??5??+%d\u0003d?Od?@6I\u0015??\u0001?VEd??,??)[Vvs\u0002?)?\u001b_YvG?????\u0005?\u0010?\u0477x??\u001d???\u000e&?'r0\u000f??\/?n{?zqr?Rj\u001a\u0104???%?&?++??1?m>&?:\u0016\\?RHtlm?%P?\u0007?L?1??y?@?W?6+f\"\u064d???(?@???\/??\u001b?WyeN0\u0168\u000f\"?X???P???e\u0019\/?z;\u058dQ?W?\/?^$????(\u056fi?\u0001???W??\u0774\u0648v?\u0001????q???qk???w.p\u0518?]g?\u0019C?????4?N??6\u001f\u001b3G?d?h&\u0012z8??n\u0017,?\u0010\u0018&\u0005?4?9?{^???\u0733xM\\??1O\u0019?$n\u000e\u001d?z???\u014c?\u0019[?%e\u0015%C+(\u2a0f\u0411???S?x\u001fF\u0003d???Y\u0000?+\"?V@6J?\uc550\r?Y\u001a?_[\u0006\u001dA=mS? ???q?\b0\u001ba?t?+?r?-}T?\u0010???z????v?\u001b?}Ul?{?obt\n??c?;I?M_PHk??e?cx\u0005??p??w\u0014?\u000f???<\u03b0\u001c\u0007I=\u0000o%o?m?\u0019N?z?$??5?\u0004?I\u0570??I?2t?@???\u0004?I?+$?H\u0012I'@?'I\u0003$?2\f\u000e??\u0006?\fJ??,?#\u001cg?;?=?\u031628?M\u0017n??\\a??\u001a u???\u00e9??\u0738?\f?V??o?\u001e,5'???\u0002n%?1?+\/\r#yb\b?4o?\u0756??\r\u0014?\u0015MYm?<?A??\u001f?]\u0001e?\u0734?*\rd\/`???\u0017\u0005\u001aK?n%?xw?[r????\fA??\u0001??i??E?T\f`d???\u001f?[???\u000eWg)q\u0016\u000e}\u001dH\u0004?W?\u001f??U???\u000b??\u001a?F\/?4^?\u001c?\u0017?_\u001a??\u001fb?\u0338\\??:???????E??,G'\tX[\u07ff\u0df5??Vm?f??L?%?c%d?+&N?\u0006\\??\u000e8i?)0X?gT?Vk\u001fPh\u0007y?.?\u063c????v?\u0012?:???A????u\u079c^N5&?j?a.\u0001???+?Va\u0018'\u02b5\u0011?<?\u0017i#VE????\u001b\/?\u001co\u001e??\u001e?????7??1\u001cl?6?\u001bCX?\u001a?8\u0001?\u000b?I?\u001ciE?t?Iy??N?:?Q'L?-(??N?Q$?J?GI2t??$??\u0012t??\u00b2I]+???:d??|?T\u00191?2?\u001d#?\/#???\u0000?Z.\u001fL?0?\u0779m?V\\e\u06feO\u0626????X?\u0006??????\u01cc\u001eMNsv\ud465\u0014?\/A\u001d?K3\u001e?VmU\u00e3\u0011a???V&??Z^[z?(???Ij???WlV\/\u0005?|??oky?\u0739^???8\u000bc6&7\u0011\u077dv?B\u0011Q?T??C?{|ZB???\u001a?D?t???\u001c?z@+}\f?y??N?\/\u0016!N\ue1c5\u0417:??#?o?2?X?<\u0011mG\u0011\u053a\"???.?V'I$?6\u07892I)e\u0012I&K)\r\\\u258ez?z1F?\u000fp'\u0f34^?$?\u06baG\u0017??M\u05e46?cO??\u0100?)$\u0003?[??C\u0006pG@[?}???!\u043c?a??V9??\u0019 ???5?V???R\u1cfa\u06bb(???e???.???`\u0017J?\u0006???o??\u07c2??QL\u0006???????M??]k???K?\u0013?B??QF??x+?T6\u000b?u?f?a??#???f<b?_F?>?d?)??WU?U\f???wc??8?t\u073bR]=?a\u00e5,\u02796?J?3%?]?\u0517J?.?`\u0006?\u02796??]W5P\u0003c4`???J?h??3\u0000?M?\u056b???K??>?\u0007u??(??bm1\f?\u0006?[6?7MuQ??#?\r?????\u0005\/?E?\u00001?*Y????s???\u0003?\u0000*\u001b}\u0553??fg???\u0005b??8?IH7?\u0010??Y?\u0003^Ht?\/e?\u0000\\<s\u001f??4?SE\u0451??%?h%cib???cx? ?\u0011??k('???\u001d??W.??\/\u562f?o????)\u0017s?;B?mZ??\u011fa??\u6b58??q?\u001f????,??#X?\u001c??\u001fD\/4?R[\u0012&???V?\u0000???&*!??&?F??z??\n?\u001b5X??N\u000b?,???\u01a8??]&CmC??Vf'??Q\u0013??)t???\u0018???,?S??\u00070=????\u000eY[M?7J\uafddA?\u00005?y&???f??z\u0001\t?\u069e\u9ba2?\u0350=??\/?,?)?v???'?\t???\u0000?}?q,\u0005???\u0000?f?8;b1??Uy\\Kf?\u000e??_\u01df\u0019y??\u0015N\u06f1?7\u000f?\u0001m[?+d??6Zh??\\e???E?\u001bt?\u00f1j\u0016zU,?7^|??[\u13cc9 ?v?\rp????|????\r\u0007|?ur?N?<\u0011\u0001-?\u02b6?[g\u06d2\u001a=?\u0007?????)r[f\u000f?<\u0016?\u0000\u0011u?&?o?V??????\u0476}?Ca?\u000e84??#\u0011?}?\u0000?!????Zb?T\u000e\u012d8?Y???????=?\u0004?????(??v?\u038c?WQ-??\u0003\u0000?E?KnojV>??\u06d8r?iaj\u0016\u000f?J!S???h???+??06-m??&?6?????Q?[n?\u03a6\u0004uHT?,m???\u000f??E??K?!\u27d3w?\u0013n\u001e??\u06df\u001ccm?\u0472?r~?\t???Sy(#wl?t|?&\u016d?~D?p?Bm??y?r???.?\u000b?=?\u0014?M???]7??t?LI?\u001bd&\u0016?B\u0585v??~???mQ?\u0000???Sf\u06a2\r??k??t?A??X-\u041f?M?+?\u000fIy?s+?I\u001c?:???eF?2?h?h\u001d\u0012\u0015??+F?\u0003?\t?\u0007L??M?\u001e~?\u000bi?\\?????\u0003*L,?\u0006??6[?\u03b8\u0003NO@Z?\u0000?\u0239\u001d??n??3??gv{V@z??~\f9?????j<?Q\r\u0014\u000e?<?\u02dfb[}?\u0004\u001f(m]???Qm?\u0000:u]\u000e??????\u0530\u001d?H?\u0159?\u0003\ueb36???=???6??????\u0014\u000e?\u06b2\u000f?\u0014????\u0006???{4K??F??Wf?^??4mv?gh4t??\u0000??\u03b0?\u0014?q\u0012\u0011??F\u001a\u0006?.\u047dy\u069d?1???3?\u0000?+](?&i????]G\u0001q??5??U?}^\u0576g\u49e7s3\u001c?6??,?\u0012?^H?>\u000bt?\u000e\u000e???r??\\e\u0018???\t?mb\u5e1b6?\u0012??K\u001b\u0003N???\u0013\u07b1??>??4?\u001a????????0?\b?\u0016)?J\u0017 ?d? ??y?\u0019?\u0005?\u024eg??O??R\u001c3k\u001f??y \u0000\b??E??Me?\u0001\t????\u0005+\u0004??n,\u0003j!?<??\u0012\n?\u073c?M?r\n???,?d\u0013\u001b?Nu??(?%???u?B?4?k?\u0013?'\f%c?GR???n?\u03c6??YMN?w@?#??H\u0019J?v]?$?c?;?Z?h\u001c0\fI\u016d????\u0000)\\?e??????Xc?D?s??5??b??B???D?\u001d????\u0015?mN?\u0006?\u0534??`\udbfe\udea4nF?\u0003E??d>J?\u001d??\\F8On?g?-???~\bAm?R?^H?z?\u001d??&\u0001\twZY?\n??b?)?z\u0014y??\\?\u001b\u072dJ$?POs\u0423\u000fm?t?V\u000fX+?;?~\t?\u000e?\u0018?\u001d?\t\u030dn??T=?O?r\u0001S\u0011?;S\u001a?\u01ee\u042f'\t<R??\u0001<gt?)\u0019\u001bm5?D\u001d?HC{?o?\u001b?xhLD??o?TIkj\u001a;??\ue081?\u0003???S??v??+q %a?\/??\u045e\u0005?\u0017@?#[?\u000e?8\u07d5q?miO?#??r?????:l?>UsKh?\u0012??7?r?l???.7\u8ddf????u:W?5?\u0012\u0005?=n?%?}\u001e???R??y?Df?Q?\u00058?\u0006???^e?=6??c?\u0003\u0784???\u0000?z?-?$?1??\u001e;\u001c?<?q\u0004?\u05d9?n?X??\u001f?\u0000q^?{?.\u0002,??yr?|??KZ\u000e?\u00009???\u044eXk\u03cb??z??\u001f?o?\u0016??\\??-\u0539?\u03db?~1????B6Y\u0336Qk??\\e\u001c?\u04de\u0016?6\u06bd?\u0007(??$k??y\f??G7?&m;??h?R?\u072d\u0007??\u0007?D`f7??\u000b\fq6\u0736b????]??)*??4?\u0113\u06a202??{\u0015W6V?n]?hQ:?Q????.\u0005*~?t}??(??\u001d\u0106`O?????v[?G?>??1Y?\u001f?b\rp??M ?\u0017?\n??0??ZOB?N&\"X??M;v?\u0000?Cr}\u0006?[\u0000??7\u0017??vi?\u0014Mq\u0003?\u0002??Y?\u036e?\u0015??\\f*\u001a#<??.\u0003=\u001d{O\u001bG{+T?V6j?X?-???\u063aH,???u\u01ee?%?\u0017\u0003?\r#?6C????v?\u0007??\fF\u0007kkg\u0001d[Q\u0003??#\\:A^f\u04c6[??+?\u0636!K?=l??\u0000\u0012???t?\u0013Q]GL???k\u0003???????\u031bK??Y?\u0011s?o?\u001b??\u00f0?\u0015?Cn???(]O$t?1h\u001d\u0017???9?Y6?9?};?|dz_???F\r????]?yL???(?JYe???(??{\u0006?7O??3Uk????4M???$\u0007q\u001e??{???+^??\u001c\u000e?\u27b2?\u017b?mB?\u0003\u001b\u0659???H ?R?\u05bfc?\r;\u00115???,A\"?\u0000?bgPh??\u041b?\u0000\u011a{\u001a\u0522%?\u00026?\u001d?\u0010,?Z???\u001f?\u0007?P\n)3\\y?R?\u0579??\u0002-?%?q!c??F??????B`?vy\u000f?T{.}2\u000es@?<T\\?\u0007?<Uv???\u07f5?#FI?6?\u000b??K?Ct?&??q@Nc|?\u0003?!?+\u001b?\u000b??%?\u5ffd??;??\u04de~\u070b??h\u06ac<?pi\u0007??W6q????{??*?\u0003i0?\u000eo?O???*??Y\u0303?m?????\u0533B)bk??hS\tX?f???SD\u001dO\u001b?v???S?J?\u001a\u073d?*\u001e???8\u0000u??]R?w7\u055c\u000e????G5?=????\u0016???h?p?\u028f?\u0016?o??\u001b?>LI?J??\u0000S!?b?\u0012?W?[?w?\u0015?j??j+\u06f8??\u0007\udb17\udf95[\r[?\u02e8l??C\u001d??cN??\u0007b???3!??\u001b???\u0572\u0003\u0010y?1?-???|t??h\u000b.??H\\Z;o?q<d?\u001b?xB)?\u001f\u0397?? \nfS?[F??\uec55X?\u0015CO%A??(?^C%?H\u001d\u0000o+H~?c?{_G??S\u001d\b?????H!k?6y>??k???\u02eeR\"\u001dA??_3?g?\u0001J?\fl?s?\u001d.\u000b\u0017?bm?|?\u0018?-?\u0129?24\u0013?V\u001d?0?T?o\u0007B?y?$'Y ????\\s=??:\u000b?j?.\u0001?oI\u0017U???:\u0d0e??????ZJ?`\u0007\u000eQb???\u000b?j?~???)???R??WT\u0247U7#?t\/\u0006?d?\/???\u001a\u0002???\u0018[)f??K?\u0479?3I?\b\\?\u0006?kh?k?\u0011?8\u0007?u?S???[??\u001a\b?=?\u0019G?\t???2?G6???H??wE?MIG\u0234\b??s\\?|\u0377\u001b?\u076c?2?\u0005?a?,?KH??\"??<?O?N\u001c7?I?TY?E?\u026e?{?>\u068d?)?????W?\u000fE?x?@6?6\u00e4??}?{??\u02e3?\u001d?\\?*?,\t?\u018b]??\u0014????\n???????S?????B?q?\r\u07ca}u 7?TFj\u0001\u0017\f\u0003????H?*?\b?g??\u000e\r6?.??\u0788?D3^?x?\u001b\u001f?\u0011,\u0018?5\f?X?j\u000b?\u0007??x-???&?M??????c\u0000?h??t??o?!?8?<?\u001d 9\u0013k|??\tO??\u043a\u001bsy\u0013g\u0003?\b?m\u0014>Q?:?\u0006M\u0014????v!o\u0010?\u04c0a\u0019?!?????G???\u001e??J??\u0769??g?A?*m7?<4??e??\u01b0?\u69eb?A???\u000f??=\u0018C?&\u001f?[?\u0014q??$???N??H??\nT\u001c?\u001c+!\u07dc??\u0015p\u001fY??\u0011b??0?\u0018?TC????Y*]??:Qf?L7|?mw\u389b]\\??????????\f;?!\uc32e)\u001f?=??F?\u001d\u001c\ucfa08??z?G?\u001d?[?p???d????s9J???f?\u001c%\u014fe?9?\u07ba??b2?I??\u0004\u001c?-;c??`\u059b?\u06b1\u001bk??cU?\u0013Q?$Nk\u010c- ?\u0015w\f}?i?;\u3a45??0>+?\u0011?O6S?n?I??EI\u0013$???X?RG???td?\u074c?\u0015???s\u0018?gH?I???\u001e\u001b\u051c??\/\u0015\r9?t???\u00161?-?<??~1B4-=?~j#?\u043b^A??-?\u0118q\u0001??M\u000fe9>?\u001a?\u001f??Lm?\u0019\u001bB?0?s??0q\n78e??~??|W??\u0002\u000e?b$\f???n?q]??t??;\u0010???7?\\b??;K??\t??H[?y?\u001d?kM<b%\u01a6S?,?\u001c??;?e??D?,?y\u000b\"?m$\u0003Bwt-\"???\u0012?\u0018?[r\b['?\u0013(\u0631x?\u0004|?Vs??\u000e??s??!?\u001cc????3F\u02faQa\u0101??B?\u02db\u0017????\u0004\f??q>#\u07b1416f\u0018?r?,??#{6x?!2?\\?#\u0002?\u001b?+??q?\u001f\u00115\"8?)?|?1??*??i?U??V???x?c?G?8\u0010\u0006????X?'\u0005C?\u001b?\u0007}'H??*??`??e5'$c????4\u0000?~\u000e\u000b??Y??\u001f?\u001e? ??N??g?\u065a???\u066cx\u0002??\u0015~=??B?\u00009#???|\u00173???\u0016\u0505<c}?jq\f@?\u001aOb?\u001f?\u0014???CPHi?5#??.1A?bU\u0015\u0005??JE?\u000b\u000fr??K?;b??L\u001e??Lr??\b<4Y??\u00e8??#??\b?ym\u02e5$?V?6\t??R?\u0004???9\u001aZ?\u0007[??\u0007?q9r?0???Z??\u001d??\"?\u0007?\u0779W????\u03faJA???;?\u0011??(\u000by?\u001f{?B?6?\u0006x??Zl5-\u001f?\u0011\u001b\u0011???\u000b??\u026e?\u0014M'?[?k??\u058f?\u04f6??F??d'?*\u001cg?\u0000\u001dM)?J=??!\u000fk??s?z0??\u0000-?E>W????T??=w}????\u0006?\u000e\u001c?\u0000?:\u05b4\u0011??\u0002d}??8Oy-??\u0004?w~???7s!\u001f?S8??s??m?(\u001aX?,?~\u0004???\u0002A?k??\u0010?\u073d;{\"%8??\u001b}XQ\u020b\u0005???8`\u0002???\u0000`(?sq???4(?\u0001{H5u\u001f}?TX1?[+d?'?O???8_?B\u0015QON?\u0003?v?5\b]OFu$;?RQ\u0017\u000bX??\u0157\u001d.??\u0003,A?? \u0003???UD4?? ???\u0014a??F?\u001e?4\u0010V?\u0013??#\u001fk????a?\u001f&o??V?\u0000Q?T????\u044fS?\u0001\u0005?a??p3\u06e8?8?\u0005??\u0017?S?-?1?j????<?\u07d2\/\u001e???a???\u001a7\u696d\u011az?#???m???\u0000I?????q??8,\u0011\u0012\u0011??\u05f4?c??Y?6?j????\u0019\u0007??\r?9d???m$&???H?<??~7Z?G??Y?\u001al?\u001f?x=Q??GB??,e??\u000fqo\u0012\b6????msk6???&?\u0013?>@\u001d?8?\u0019k?=9?E??0?\u011e7??????Dd?Z??L0??0\u39e4??(\u0015??l!?l??9b\u0005??6 ??m\u0016????\u0000?\u00f5??+j\u217bA?=??t??s?8nS8??\u04df\tP??\\?5?%t\u001d???\u0007??\u0016>\u000b@??\u037co?V??U\b\u001b?&?M??Z????\/'L?}+)??CI\fh???;\u0016\u0017\t?&?>?S1???\r@cj\u0006??\u0000N\ue5ad\u0000?F\u01e8?e?RQ?\u001cr\u0016?;\u0005?a??RyJ?\fK\u0013?M!?J?`i??4\u06348xk?e\u0011\/E?\u044d?\u0017\u00142?\n\u00072^\u0018l?`???}U??\u0014?;Q?l?\u00160M\u0003C\u001cz??+\u000f??v?????Yi??-\/s? \u0002??\u0011?z?_???g??W?:??rx,??\u0599????mc?5\u000e>??6{i???\ne\\??\u0007?G7?:?\u000e#E??\u001c??x??#??7Zaw?,?&&?G\u000b?????AJ*f?nN?\u04c9J\\ci?npxb\u001cL?;?Rl?H??\u0019)????3?o?g??a?6?8?3?\u054e???M_\u000e??9p2\u001c]?b?7H\u0003}Dm?@\u000f\u001b??5\u001e}E?m?W\/A?O?\u0017\u077aY\\z-??C1\u001a\u0017?7\u001a\"\u0004??x?@?\u0012n?%??Q\u0006????\u0001F\\?\u0005?\u001b?\u000eg\u0016?\u078a?5\u05beC?(\n\u0019?14???Gt\u0007?\u000eh??\u0003??2\u0000u\foi???k\u001e@?????Oz?\u000b\b???7a?\u0015\u0018{N?????\u0000?sAU?A??7??dm????\u001e?\u0014\\?????D??h\u04d5u??R?'!%???VH???\u06e0??\u000f??mi)??????P7???]\u0018\u001d9???1??H???\u00074jC\u0007?\u0004F?+\u0000K\u0007?*P\u0003?\u001a5??\u831f? ?N?A?U???\u0016?X\u017a?\n?\t??:C\u0010??u?s?\u0000??;?\u0019Ok?B*\u0018Zy6J{#)r???In?\u0004^\u0014?\u0016??imO\u001b??\t?L=?5L>\rq?-z???\u000ev??mr\u0016{\u0003%\u060e\u001e?g???6???l~\u000f.??gjy??A\u000e\u0000\u0010????\u001cV\u001b)??u??hYM?\u000f~71\u000f`m???\u0016+%??C@?j?:z`?6?|?\u001e??J7?\u001b\u03ad??9?&?\u01a5\u01e8\u0004%?\u000f^Rm?\"?\u0003M\u0016?3??\u2c4fn\\E?Z??\u0016P\u0018\u0001??R\ue4b1rXb\u000e6?'q7??O??[??????<??@???\u00cb?\u0010?~P\\_?'?\u0371\u001a\u00124????:??k?G?\r?\u0017Z??\u001ch?%?\u00dbiD????n?T?8?\u001aZ?E?\u001e?(\u000e \u000b??n?\/\u0002\u0013??H\u04c6???s\u001d??Oy??-3?9GX?k??\u05b9??\u001b\bd?h ?u?j&?I!|?? ??T`??:??Ax.m??\u000b8z'?;??~{?\u0017?.UW?Q?%\u0716???\u0015?\\?\u0012?\u04f9??f!??(?Z\u0014Z?\u04b4?2???@~?\u03bd\u06d1a\u46878?s\u0014??e?,\fn?\u0017\u0010\u0002Xm\u0332\u001f??\u00f6z???q??\u0018>?:??\u0018???4\u0006H.?\u0013b???6?}>\u0018?m?'??`????\u0000C%\u0001?O*?\u001f?Zc?z?I?\u0005?\u072e1x?|?}?x?\u0015M?;\u0007w?lt?XB?\u000b?MdA?lG???YF?5q[??I?\rB*\"??y?,?\u0014\u0351\u07ac6?\r?1$??@?? ???X2???$?\u0000:E?<??\t?T\u0664\"?F??\n':|?6H?_(??????\u001d??T?eI?\u0360\u001d?(?+7KR?z\u0003????[Y??A>J??y\u0006k?\u001f?\u000b?@\u0017??U?\u0527Fr??j???z4\u049e?oz\u001c\b\u0017?\u03ab??????%?I-?6>?\\?\"?N\u001c????\u06e9??\u001a?\u0001??%???\u0000?\u0018?\u0003???N.*\u0006:?6?d@^??Q^??\u0012???\u0482qM\u0006???~q:?)?\u000bZ~?=zl??U?cW?\u04234?\u0017?>?Cm\u0680?$\u05b8\u000298??K<?\u0016\u0019Z8\u0000-?UZ???e??\u0007|\u00139???{?M?l???\\?wKc?p??B\u000f:?\u000f?U?t?^L;?\u0013?H\u0018??\u000b\u000e??d\u0001Q,R?\u0018l\u0725?\u0007[?g?}?\u0018???4\b?\f\u00176\u051b?pZ?K?NL\u0006d\u0001?\\X]l\u001b3\u001b%|?tl???-q`-\u01f1k?????\u001b\u001f?7b?<???\u019c?m?\ue54c2???'??nY<m?j\u001c?Z\u0019?\r?\u07a2?M\u0013\u0012o?hVp?:?)R}\u001aV??\u0005?\u0014.???6&??9???K[?\t\r\u0017.?r)?%Y\u0016??\u001d?X?s\n????$qY\u0013-8o:f?*2?uAs\r\u06dbN\u0166?l??\u015b??}R5\u0006\u0471?\u0013?u?\\]??pCKo:?\u001f\u078fz-?~\\B??l]??\u0005\u05a7?\u0019h?%???l??6??B?p??$Os?f?w\u000e\u000bV?C?\u061c\u01c2?0k?y\u001e?\u0176!2?c?>Ci??\u0013=3??ZS6W9?m?yv?=_\u0005?b?? ??\u0011;<m?r?\u0001y\u000fWz\u05e2??5??]`-`\u0555?\u07a6?sIk9?)?u??[???\u0011\u0004??!?F?\u0006^??GY?????\u025b?\/5,???\u0003qv?F?R1??m?K???\u000f??????\u001b??\u05cfR?\u000e????b??7eek?p$\u0006??`?\u001e\\?\u030d\u01e8??l??Q7\r};???h\u0000?:?r\u0176???m??\u0006?>?7\u0017\uec93\u0013i???X??\t???,N\u00191?3?c?P?Q?\u05f5,?;??W4\u05c4?\"]nY?)r1\r\u001d)'? \f?7\u0004v\u82361???@???(wY7Ojk\u000ecI?\b.??\u0795??\u0740?\u0016?>\u0011?X3}?\u0011?p\u0005?]~\u0016\u001b?<??\u05cd?H?\r??;\u0496?r???)\u0256MH\u04f1C?8\u000e'?\u9104:?5??\u00004????v?:\u000e?.Y?\u0004???7?5?m ?H?Rs??G\u00127jR?\u0272I??|Sdfnt?\u001e??DO;??R0\u001e\r??\u0012?Y?M\u00172\u0002;n?=>?q?\n&?\u00039?4?\u0010?F?>?x?\u0007)??\u001c\u001c{?\u0012?\r?Oe?%?0\u0002e???R?!?\\?}?\u0014^S\u0019?\u05d1?\u0007zgU?)\f?_p=\n\u000729??\rC????.? ?\u0013?\u00022\f?\u000b??89\u001c?\u0012\u021a?\u001at\u0001l{02S\u00e6???U?OQJ\uc35aG1\u066e\u001c??\u001d?9?\u0541E\u0000?,?\u0006\u0631?\u0019??q7?\u01e7?W????T\u0007\u0013?\u016bsX\u001d?\u000f$\/?\u027c?\u0011???\u0015??M?x&?\r\/`??\u000bN??{j?n%?V?6l6Hl\u04d9??\u0016?\u001c\u001d~???w\u0019?\u0011\u0010\u0148\r?\u0003??0?2H\u0001???Y\u0019??9?????n6???:7v\u00024*?e\u0015~\u001c??U\u00053L??\u0003?f?+??a?e???\u058d\u000b\u0001?\u0001S??g?7\u0006\u0204?\fq???oT4??.\/??&??U\u059fnukk'LG?S\u001e\u0006A?R?\u0019??????\u00037\u0005R?Yb????\u00028+;C#?mP?,\u0016\u05f9k??\u001a?\u0019`\" ?kv\\??\u000e~J[8\u0000\b?Z?.\"Px\u0003\u04331?K(?ZCyl9I8F>%>???=?8??\u000f?B??6??\u0005.}~??!St\u0002\u0007>8?f?\u001b?'??!??L??\u0016\u0013\u000fTM.?F\r?^]???S??\u0004\u07e5?\u001eL6?qq?%\u000b\u020c_ ?JR?[??\u0003\u000b?\u0300??\u0005?l??\u076e-?i?\u0017??4.\u001a[?(?N?z??8\u02d6V?\u001c\u0129O??8?\u0650\u0007?\u0007\u0002?\u0018?2<??\t???{?\u000e???~\u000b\r?'\u033b?t?9Wi?\u00019?\u0001\u0003R??\u077eV50?gh?\u000fE?v\u05a4\u0006'??!\u0014p9???HR?u?'?T^e\u0018v??????#\u001b\u0006?G^?&\r?i?@GZv????N?)\u000407s?\u0000???= ??{\u0013\n?q??w`S\u0003\u0013F?Gf????=\u00019Z?>r??O'xD&~?On?\u0014?n??v\u0004?\u0011?\/(BrT#k?\u001a?`\u8e3d\u043aJ??Y?:??+?\u000eq.u?I?Bx?\u0003?d?D\u00193?i?G\u001d,???v??z?T???\u0016?(\rA?\u0005?\u0768?\u0013?? ?????\u050d?4s?I???@?\u00d7\/*\b\u001b?T\u0006???$?\u0017\u0010?r5??\u0000?\u0004 |?h\u0019e\u000e<nN?\n??`??LkI\u0016\rV?r\\???ssF?R?\u0564\u001b? :??Q5R?\u0000p?P????YD???8z\f??$\u0001?B-k\u0011?\u0567?B.\u000f?\/???\u06127\u0010\u0015??\u0012?S?5???m??\"?b??F?\u0015n\u001cn???WQ\u001b?\u000ezgz=YO?Mqw\u0002\u000f\u0016??m??????[TP??Q?L?\u000f?nG1??B??,2V?\u0014\u0013DA??\u0003\u067cYj?C?????5t-.??? \r?\u0000??\u0003??\u001c?yi?M????\u0000b\u00144?]&H?_???b\u000e?LFgSBa???X]??t?\u00167SXH???y?,\u0704??\u001c?t?q`a-\u0003(?5]?<\u00dec?K\u0006??~?S?\u0010{qI??Dn\u0000?\u0011??U?5?&cY?\u000e?Z???)k+e2U???\u0004B?\u001c?\u04edL?\u02c4??X\u06d9d!??\u001e??xi\f?\u001cf?\u0007@8???c5\u05f1e(\u000bD\u0682?:?US??w\u0000\\mr~\n\/4p????.?S<r?\u0001?7?yQg$\u001b1???e\/DD(?\b??u???I??n?\u000e?IR??>?O\u06ba\u0013?A=\u0000\u0012?+p??l\u0003[w?L\rc???YY\u0011O{\u0018?\u001b\u0708???7^??*\u0013?????\u0006?\b\u001c.?4?:?\u001d?V?\u001cd\u0010?_?T<?H\rncn???\u0015(????7`N\t?\u0272?w???&?m?=?B?K????.U?j??\b?????F)^E?#?@B?\u001dQ\u0013m\u03bfz^w\b;?v??\ub47d?R\nf\u000fJV\u0003??QFj?\u00075?#?\u000f?????YF\"??W?????X?##?u?\n \u0005T??O\u0014?s\/?\u0017S?&\u0016?\u000bo?T\ud235?\u0603z,\u040a?f??x=??M?w\r3\u0001??{?{?\u02cfpD)??\u000ey\u001dgD)G?&~??? !u+?\u0012??\n?r\u0001?s]???H\u07e1?T?7?k}&??p\u001b???k??K[\u05e9Y\u0010z\\?~??%??I?Z\u04a3i?mb??-?VYGN??9??s???1-?\u0003?OFe+)j?\u0017??i\u0007S\u001cR\u0368?IG??\u0016\u0002>???U9X\u001d)\f?\u0010??F\u0007?E?n????\u0000??\u000f?@??,{\u001b???0G~?_?\u0015?3^?C\u0014yE?????A,%???p????j?\u000bM[\u0018?k\t??ql$\u0000\u000eV?wv\u0006?J7??\u001e\u001aE?-\u06e2???\u0017d????k6'\fh?G??\u000f?X?ep??Q??E???s?,hp`??????????\u0000g%????\u0002\u0695??\u0005?\r\u001dN?\u000e?\u001d\u0007r??>\u001a?@???X??\u072cp??9S^?k[??\u01f5Y???H?g???Zr??\u0006\/H(q\u001a?v?\u001b\u001c?7^\u001c?\u0005\u0015\u0013?p?<Wx?\u04dc??\u8171??\u0000hk??_????\u0001\u0013^y??xu*??7r8?b?l?\u0001}y0HZe?\f??\u0011?\t\u0000#}?\u0016A????x=ER?:?- k?\u001a5\u001a???Dv???)X??\u05fd??oR:??l?]??O?\f??Lr?\u0006???13\u001cn\b?8?J?g????V?[&W??\u001e?[?\u0011:'D?RY\u001c?\u0019\u001a[?,y?k4?\\{??s\u0000?\u0013?z?l??&Z?+25???G,?????Mu=?d,%??oo?W3?\u001b]?h?\u001e\ud9d1\ude87??n?\u031f?]m??q9???5\u0012@M?{?\rh?ijC\u015cH?\/??7{?:???s?$?Mc?{#??X\u0000V?.%\u0013Y\u001d??\u0003?\u0002,?\rY?vs\u0018?u&A??\u0000?E?????xY?rV\u0016?\\{k?k\u01ea|S?;BG???K\u023b?Gs\u000f?f??\u000f:?Wv0\u000fyC~>\u0686F?-?BZ?\f???G?T ?\u039d????\n?[%?G??????%C~.r?!?\u05f7qF?hs\u000b?\u076a???8T~?\u0004\u001d???[???+d?&}?\u0000?~H??\/??i\u000f?CU'FX\u0356A?F$?2a?\u000b?N??WF?E?|?\tI?%????\u0012\u001d)??u?\u0014???E??\u0006\u000e?O?oY?H?\u0015M?\u04d9??8??\u070f?*?6\"?C-D?=?|\u0016??\u0004\u0721?JM?{a???%??\u001c??R?n-?\u00a2 ??+??z??\u01c2Y???}??t?}\u001c\u0011??V??\roB??\u0495?J\"Nh?B^\u0795\u001d?\u0012????A?\u0002\u0013(@^??\u0003??q\b?2\u001e\u0001\u0001s???q?n\u0015iq(????\u0005?g7U?n??>lr\u0006_?\u054e??8\u001a?\u001c?\u06e0+IMOj??c?\u0000npk?@X?\u0018?$?\r\u0513?Z\u01aa?_^??h@\u0002?AW?n??]Gk?\u0016^??fS?\u038c?}?CP?$?\u0010Ai??4?kt???M??U?\u0005?\u001cw\u001b?r?=.??WYw????;?k?t?1?\u0017\u001bt??u!?Hswr????I?b9A5<o?G\u0001+???o\u0004\u0366??0???yO\f?v???r\u0710?P>[\u0006??\u0003?\r?[???GR[?q\u0006t\u0656N?c#??3A??\u0005?*??t??????ieJ6C\u000b??0\u001e?od?mYf\u0019K???}???t?z??\u0377\u000b\u0001z?J?#?3???Uf?4?q1?)???\u0006?4??rX???,Q?\u0019N-mC?????7!\r??6??z??\\?\u001f?B?}\u000ebJ\u0007?5B#??a\u0006??\u0005'%???","filename":"thumbnail.jpg"}}}