{
    "url": "https:\/\/api.telegram.org\/bot3f3814e1-5836-3d77-904e-60f64b15df36\/sendDocument",
    "payload": {
        "chat_id": "-123456789",
        "reply_to_message_id": 1234
    },
    "files": {
        "document": {
            "contents": "Hello!\n",
            "filename": "test.txt"
        }
    }
}