{"url":"https:\/\/api.telegram.org\/bot3f3814e1-5836-3d77-904e-60f64b15df36\/sendAnimation","payload":{"chat_id":"-123456789"},"files":{"animation":{"contents":"\u0000\u0000\u0000 ftypisom\u0000\u0000\u0002\u0000isomiso2avc1mp41\u0000\u0000\u0000\bfree\u0000\u00003?mdat\u0000\u0000\u0002?\u0006\u0005????E???H??,? ?#??x264 - core 155 - H.264\/MPEG-4 AVC codec - Copyleft 2003-2018 - http:\/\/www.videolan.org\/x264.html - options: cabac=1 ref=3 deblock=1:0:0 analyse=0x3:0x113 me=hex subme=7 psy=1 psy_rd=1.00:0.00 mixed_ref=1 me_range=16 chroma_me=1 trellis=1 8x8dct=1 cqm=0 deadzone=21,11 fast_pskip=1 chroma_qp_offset=-2 threads=8 lookahead_threads=1 sliced_threads=0 nr=0 decimate=1 interlaced=0 bluray_compat=0 constrained_intra=0 bframes=3 b_pyramid=2 b_adapt=1 b_bias=0 direct=1 weightb=1 open_gop=0 weightp=2 keyint=250 keyint_min=25 scenecut=40 intra_refresh=0 rc_lookahead=40 rc=crf mbtree=1 crf=23.0 qcomp=0.60 qpmin=0 qpmax=69 qpstep=4 ip_ratio=1.40 aq=1:1.00\u0000?\u0000\u0000\u000eZe??\u00007?????\u00056;?\u0417\u0011??3\u001f?\u0015??47???`\u0001!\u05ea?\u0013?\u03ed=`\u0004t\t\u8901\u001fs???\u000e?7$?XN;??\u0017\r?\u0004??@~:r???\u001d ?;Z\"?d?\u0016$??`?9 \u0003;?m??O?\\Co\u00162\u013faJ?(??Ux?|?{\rrO?\u0013?z9?6?\u001f\u000f?@kp\u8c76w??\u001a~?)|\u0006\u0016?!???=)0?H2k?W\u001a??4??)??\u001a?J?\\\u0013k?Z\u0006?\u0012??C?e~K?kR\u0019?7?\u001d?8??\u072d??*??z!j?t?}~?UdXA+\u0011So?k??,?\\?Z?b\u074d??l&?(?\u07e3??l??D\u01e1W?\u0010\u0015??SIP??\u0016\u0016X??\r\u0006??\u0552?\b?V?w??\u0639??\u0006~?\u04f0???\f\u001c???A0r?t(???\u0119W?\u000e???\u000e??\u000b?G?K???\u05872U?lK(j[?% ???>?\\E\u001e?c\u0019\u001fI?O*??=hbC??g??~?e?\u001e`\u001e~U\\?i???-\u0278D\u0005E9\u0005^\u0013??\u0005 [?\u013a?!?\t?D=????Z;??A\u0019?\u0015?\u000e?G?\u0016??=?\u0013??+a?\u0010=??P)?\u0003???N?J???{;?[Y??;`h[T;?H?y?CP?\u0006?~j????K??l?1\u0017u\u0004T??=??_A?N??\u0018?\u001b\u0003\u0262?\u0001???\u0012\u0013?t\u0012e?5K\u001d?????;?\u0013??B? U?1\u0016N?z??M??????\t?:N???\u0000?+w?(?#?\u000f\u01e8????\u060f{_\u001a???E\b??Ig??\u042c9??\u0016r?\u0004??\u0001\u001f\u0188??G<T^?\r?&,^\u0016\u0007C???t???sy?+J?\u00d1&??@?\/??T??X\u01c0\u0014f\u0127u??l??\u0005\u0000?\u0015F?d?M3?5??\u001f????\u0007?0x?X%?e???!a??]???S]?\u0007?vD?j???\u001e??ZwI?\u001a?!m?!@0)???)8bq?\u0002\u001b?\u001a\u0001?_?A?\u0113?AN\u000eK?K?\b[\u0013\u0013\u0014?x|H?M?k\n?Q\u033e\"?'??RtU?????|\u001b\u001f?D^Z|z\u000b????R\u000e?\u001c\u97ea?4?C\u00de}??\n???\b?M?\u0010??5?o?\u0570,D??e?\u069e\u0002????N\u0006?\u0011?R\u001f?_Hg?I?'?\u0019?*????Tb?{?h2\u001a`?q?ZC3\f\"?g??e?9Q??K?m???p?J????\u000e?]5?6 ?W+?\u00e0?\/???\u03fd{?$\u03dfp]t\u0013\u0000?DG?;\u0014?J??\u000e?\t`?}=?B?>^;\u0011\u0015?soZ^\u000e:?~&,?}?J(E?Y8\u0016?\u001e\u001d?\u000eu??\u001fZa?7Q?W?g?\u0002P*\/m?:y?O??E?O?6\u001f??R??Z??\f=???\" Wv\u0002\u0010u???????\u001b?\u001bX\u0007??@?H\u001c?#=?\u0003\u000f?3u\u000b??t\u001c5?5'6\u0004???9\u0564,qpcW1\u0018?To6\u0016???A??Ls??:$??!??1?\u05008?????\u0015???b\u0011\tQ????E?\b\ub153On?Q\u0016??\b??-\u000e?*?\u037d\u0003??k?%? ?\u0003?<?\t?\u014e?8PU??A??V5?\u0006K?A\u070b?]Q&c'??p?}?f=\ud77eh,q?^w?h3\u001f?\u001f???C5?:\u0711(7?P??#^?e<??\u02d1\u0013?\u07bcbJ?\"q)?\"\u0001?G??bu\u0000l?\u0011.???\u0016\u0014_??z\u0001\u0017?$???\u0005????\u0004|y?\u0003'\u0011\u076a?\u001d?\u00134?\u000f\u001c6s??\u0012????\u001e\u0006W?T!~>\b\u0015M??\u2cbe?D??'_??\u06f3S??\u0011?[\/o?\u02a2\u0011??\u0012t=!\b\u0011?\u9349??\u0007???na?\u050f\u0015?\u0010?\u637b??R?????+V??\f\u03c1\u0003~\u001a}.\u001a?%????5???\u0003?\u001ey??4\u0002198??{&?\u001c\rv??;?\u000f2`??1?u?)c?2???\u0013(,?\/\u01a8\u001b?\u0002|??8sr??>#?(\u0003?l\u079dB0??G??q]\u0016???\u02f9??\u0002?p1\f??\u001e??\ud780?N?\u0011\u0187q???+???I??:he$??|# ??\u00183sb\u001e?\u0012?\u01d4??\u0001R?c?\u0019?N???\u03ceW5??\u0010??j?D??_??\u0003?w?hr?\u001d\u001ec]????GO??\u001c?e\u0001?2+?d??\u001ck?6?\/I?O!M(??\u001civ9?\u06b9Uz\u01b3?n\u001a???\u000f??\u0017?)\u001e?*p_`?3???$\u001c?\u001c?w?\u001a)?)wq?R7!=?F??W+K\r??????\n?%???(?\u0006!k?\u0006?&??F\u0006?n?o?#?+??\u0018\r?\u0001[??\u0007N\t?Hk?2?<l\u01a2\u000b?\u0018\\??v\u0010?\u0004?5:{O\r\u0018u?J\u000ba?y'\u001e8??34%?\"\u063f?4R\fI\u0018\u0014\u05b9L??\u07d5?(\u01c5?\u0015z\u0004q?v?\u0005\u0005??}y??T?bR?qOu?\\?H?\u2311b??f?<>??\u001c?L??N$;d?U?\u0002?,lj,\u001f4?+\u0689?8Y\u001d?\u05b4?\u00f9mtk?\u0608?\u0016<\u0011O\u0004\u0018?SeG??x?%??z\u02b1Z?'\u0007O???'7=??\u03c0?????C\u02b4\u00075X?-\u0015?;\u000f>@?u??;!V\u0012?O??\u001f\u042f\u01f6???5???????{\u0002?j?g???\r???\u001a?Y??\u0012?\nWyD\u0012\b??(?4\\+\u001e????\u0488!\u0434??D?5\u001f?xp=?????X?VL??v\u0016?\u0012\u001a?8?%I??I?g???H6?u??S~?!???Lx?????-y?b?+I?\u0003m????\u0003????c?ji??$?BXY[?!?F?1???`5?i?L}?H\u000ee#?\t?\u06d6? \f?_?|\u04f1\u001a\"u\tA?k???C?8E?#??3\t??6t??\ud9c2\ude9e\/??s\\????P?\u0797?\u001bC?(?O?\u001d???\u0001\u0012?%[\u0013??@F?XA??\\????L???\u01c9?BFP??y?\u000eTGx\u0014?z?????\b\u001epF\/8?\u001b??K\u0003?:=?J???\u001f?\u001a'W?\u04df=\u0017\"?jH??,\u001d\u00007??Z\u0005????a?sxX??X)?\u0014j\u000eO\u001d?1???\u0012x'-!??i?7?\u000f9IP,?%M??????WN-\u0012?(?\u0014\u0011\u0619?a?r\u0013Qx?[?V?u???\ud9dc\udc8f7??:+f\u001e???\u001a?\u0017m@J\u00154[M???BaZ\u0011?e!\u0242??\n{\u0002??6\u001a\u0007\\h?@?`j???3??\u001b\"v??_\u0004\u001a?\u001fwX\u000e??d?\u0018A??\u0434?PN?S\u001c\u010c=??\\??\u0669_?>9?\t\u0000????P?A\u000b\u0632$??7?Bi\u0001?\u0014c?K\u0018\ua65b?\u0707? \u0014\u055f\u0006\u0017i??]?\u0001X\u001eOS|rn>\u0000\u000b?q?8(?i\u07f7&!y?!?G;5,\u001cy~V?[?\u0012\u000f\u0004[_RP??\u001a\u034e6??e??RY??!?'\u00a2F?C?\u001b??\u001f???WVW?Z?R?V???Aq\u0016\u04b3F??h?0F2f_`.???:?<??????F??O`?!z????iU??^E?W\u0001g\u0017=o\t2\u000e???}????sF?\u0011?\u03f9\u001c??=\u0004?x?\u0390MG1?\u0005+!!n?\u0001?`\f\u0007?\u001c>??\/?\u001f?G? ?\u0003o\u0006?-\u0017x??-;\u001aI\u02b9\u00182f??\u001eX\u0011y(?ez??&L?O?\u05c3\u0000@??\u0011???eo\u000e3>\u001b\u0006\u0003g???\u0005Q*????A6?X??\u0003?'?|\uda5e\ude47???y()\u031d??\u0007?????\u0184?s?X\nA?PA??\u000e?x???'9?`2?]Ob!$??\"K?5?\u0006?\u001f??L\u0006?#?2?$???\nfT?l??\u04ba?\u0007?*J?X?bv?\u0012?V?0\u0015;\ud659?a?\u001d'???w\u001d?\u0014\u0004?{tv?UmL?F???{?T?&?U7[?p\u000e?S??1?\u0013?X$??fk>\u001eZ\u0015\u0019ud?3???\r??;8???dQ???z???????7c???\u001d\u001bN???\b??0??40|?}???Y??{\u000e?\b?s\/oI?mj\u058c:\u00141?\/?????\u001c\/?=+d?Ph\u0017?'??dU??\r\u000f??\u0004??61!???#?'|\u0001e\u0000\u02ff?]1'u?~LE??}b8??;%h3$U??\u0017\u0011\u001d?\u000f}\u0006?\u008cD??\u0017?\n??\u0753\t.=\u00121??Th?@?O ?)?p\u0000?\u0012?W@?H??J??I=?d\u00009???^\u0002?e???\u02c3\u0000?\u0544?N?N?L$|??A?Y\u001eK??\u06d6?1_V?B?\/?7?4e:??+\u001d;?}\u01f4?\u0017?2??6??@??)Bu?\u0371?\u001b;j\u0018?\\?d???t??P?6O?5I???>n?4\tos??(\u069c?v?\u0016|V?\"P??\u001c?R?@O??\u05f8?B,?\u0017*!\u0013p??\u001f%?\u0014A[??q???Q92;p2M??~?^????>3???^?,:?J?\u001e?$Kv5hz?\u0015a\tb<?x??\f??\u065c???????a??E????S?\u0007?7*???\u0639L?y?=k?\u06d2Y\u05e6\u0000?\u0001\u001e?i\r??+?\u0017??\u001d??????-C|?-\u000b?\u0005l?-?\u018e?\u0012\u001a??ux??8??Fa???hw?&K[\u00133?:\/Tc)??\u0013??\/O\u001dk???'\u0011\u05e3???\u07e4^\u020f\n'l\u0005??r????;???\u0018?k?Uvb??\u07df\u000fL?8?7q?\u0003<?Z???&'??)??\u000b+s?Gd?\u0007\u0001]?]\u0011?_??My?f?????u\u000bv\u0017???U?X]{?1?;?\u0005+?S:?\u0002\u0015?*x??_\u001d?J?WB{\u0469????\u0000\u0000\u0002\rA?$lC???\u0001[DB?????5?\u001e?|?\u0002\u001a?M?w?P?d?\u0003&e}\u0015{??W??k86}?????`u?{??m\u0017?o!?{\\??A?GRe?m??,\u0015C7?\u0017?[?x\u0004?u?|?n?k[??\u06e7\u0007?T\u0017?\/\u0001???W??x??\u001f?,??7?~??r?\u000b\u077bR?Fh\u0404\b{??Y\u0010Z\u0249\u0002=?@?R0?F?Zo????7?P?\u0000??#^\u000e?\u0013?\u0006}\u0011?K=k???#\u0011?\t?f?\u0013Y_?^?J\u0004??`qoS??s?\u001f\\T}??a??s??%?A\u0003\u0017?\rC?n???I???}?c\u0016?8?\u05d5???\u04d0?P+\u0004!????\u0019?93??\r\u032c??y??\u0004KJ\u0018nk9?IOE?\u000e??\u0011m??\u93b53??_????\u000b?TO?9\r??l?:??R?\u001c??a??\f??AW?\u008c?mv\u0018????T?F9??c?4q?\u0011\u000e?S?Z>#a?9?\u0013???Z\f\u000f?}R?P\u0002Kl\u0012P??\ue40b??\u076e??\u0002????N?\u0005?X?6\u041ccGG???\u0004H\u0004?\u001d?O\u03ce?'??CMY\u0798.??M????\u386c?\u001b?w\"???;\u000bm?}??\u0000?W???av|a?????7(??TJF\u001f?Th?ZS\\?\f????\u001b????\u07f2??g'???%7\u0004%?_f\u05bf\u0000\u0000\u0001?A?Bx?\u0000??\b???a??~?.Sq?\u001b\n)?\u0010)i\u000f<\u0011b\u0010?\u02e6?k??\u001b\u0004?\t\u04c3?\r??t$?S?.?\u0002??JNK??\u00da@S?,1\u0011=??\fo??W\u001b&??A\u0017??z?X?j(\u0002?j?d{??\"\/\u0005?\u0016\u001b2\u0106H\u010a??\u000e\u0014???b\u015dHi\"\u0007????\u0000O??\u001b?:,\u000f\tu?\rO???\n??#???G?b??u'F\u035c?>??((??\u0004??9\u0003???3?q?n6z???\u0003,??\u001c?g??\u000b??5f??\tR\u0006???\u001e?\u000b?\u0012ii\\?\u0019\t\ua772?#??S??D9\u0011??\u0003?f-4??Ajw??b\u0388V\u00039~?:*?J??09???\u0005??r\u0002?d|????\u043c~_?=Y?B\u0017p\u000b???Y|X?\t\u0015\\=?Uv??8\u0010\"?'?3}I?u??\n?\u0006\rM9???\u0005]G?O1\u0006)`??\u0018??.?\u05cb?_\u04dc\u0017?[8_?0b?5T\u03fa??\ub1e9??\u0001?]???lY?\u0004?\u0016\u0760f??O\u0011?\u0001???{?c?}BN?i,???-?w???.,v?\\?{?\u0000\u0000\u0004?\u0001?atB?\u0000\u036fRf\u0002?qH;A\u0004?o{?\u0000?\u0004R=AAU8w?f?\n???l!?P??P\u0018??0T?h???f?mq\u01dbX}%y??\u06b5b??\\?`)?VU\/\u001fek????sw????\u000eM~I?\u0002Mv\u001f??T?\u001c?\u000f?bT\tt\n?\u0002?\u0012\u0006\u0387\u0016\u0016?,?\"_??V?\u000bG?4?\u001f\ng??\u05b4??{c??e_Q5E\/M+3?`?68M???QC??~\u0011S&Et??+??<???2??bn?s?d4?????Cz\u000bN\u001e72?j\u0003|\u0007&1\n??m????\\??\/?F#8???-J?;?@])(<P\u0015?s,?^\u0005t?w??\b\u02ef??\u0001?@\u0017??^???wLK?z??.??t?Q$?\/?Tp;m??\u001b,??j???\u0011??\"????!v\u000f<??L??p0??\u0015?W\u03e4\u001b\u000523??\u000f\u0007\ud878\uded1X?MD?1?k?8Z%???qt??\/???$?\u0001?`?H;?\u0013?F??!?\u0012?\u0005>_???\b\u0012\u0007vC\u0385?f?mR?\u01cd?\u0016X??iSl0???\u001cNO???!?\u0018#??XG?zI3?_%\u0005?\u0245n?\u00ce?\u0013??G?w?\u0002\tf?\u0014\u074b\u001e*??B?J?Q6???B?9G?B,?J??3?r?\u0012??A?d???18?\u0018\u033e\u0017????^DVtSC|?:???\u06a6??j?\r??H\u06e0l?_`\t?#}?)\u0015 ?fv\u0003\u001d{7%\u000e\u000b?N??c\u001f?\"?d??\u5ebd\u0002??\u0010f8\"??*?n?\u0000,?R?9\u0748?\u0015\u001f\u0003?e?x[???\u0015??\u001b\u001d??q?S.N?@6\u0018\u0019\u0014\f?f?\u001e?6?\n???\u0015?.\t)?????Z$???\u001a>?\u0002?\u063cC;\u001b?B\\?????\u0004???\u001f\u0017L\u066cu? ?a\u8066?`???\u0012`7LQ\u0019?=?S:I??\u0014?\u0007?k\u001fd1\bo????\u4cfe.?????'?\u000e?cht?f?\u0006\u0005?M?_?\u0002?\u00b3??)??5?t\u03c0t\u001e?>\u0179?k?s??\u000e??'??&Tm9K??TE\frm?\u0016?\u0002Wj??LC?_\\????Ul?`?\u0016K?\u06d3T??H??g??EG?\u0012??\f??\b\u044f\u0000?\u0005\u000eL??m???~?E?4??L??&??n\nQ??~N?\u0015?K??*1?cT<???h???\\S.??8\u045e?#~?KO\to?\u000f????~\u0692}z\u0013??\u000br?}0??\b???\/\u001d\u07b2\u0019\u0000_?mh?\u0018??3????&??\u00c4@\ft>??\u4f31?\u0015??f U\u0b6e?[}n\f??Zd?7??;=[?)?\u001aC#|?(?\u00114?>??e?(?nP?\u0015?\u0018c<????eu???a?1M????\u000f??\n$??\u0017\/SM\u0006??a?\r????\u04d7\u0011=Z???v?s\u07f9.?QK\u0017?\bg\u0006b7??\u0016j?{???a?8\u00c4J?p?\u0018??\u000e??TO\u0014\b\u014f??\u0011?\rG\bXF\u001b??2\u0002G@????\u0277?N?j ?RK???:???\u068d?uS\u000fe?]\u000fF\u001f?!aF+f?4FZ?\u03a2\fW-sC\t\u0002\u001a??\u000e?^??\n'M???K\fk?\u0007?l\u0116?3???%?\u0000?\u0000\u0000\u0004A\u0001?cjB?\u0001H?\ud90f\udfe9??y\u0013\u001a?X?\u001d?G?\u0001??\u0017>?\u0019?+??#??R?k?\/P?????Y\rl??cp?\u0003TD\u07e7?Bh?W?M?\f\u0007\u0004?f\\\u00e3??d\u0013x\\?6!?JAy.\u0016?y???%&??d\u021d}?\u0016???\u6eb4?sK?Ozd\u0010.?\/\u000bd?@?8??J\u0016\f-?)6\u0458?\u0001?pg????\u07c0i\u0013<?p)\u000b?i?\r\\6?a?\u001d#cY?Ze>b\u000f+?\u0350??rvs????L?T??f?r\u0704\f?h\u0010?\u0017??e??\u00cc\u00ca\u00112$X\u0001H??\u0005?a??\"\u0000\u000e?>\u000e??h^rZ?{?o\u4cc0U?<e@Hl???k??ol?BOn%e?\"?-??.?;??N\u0005\u001dK??_\u0000?\u001e???$?z??\u0014\u001a\u0015???<I?\u047c2?f3??\u00cf???\f\u07ec???2\u0002q\u0004?rt\u0015y?\u0001q)?I4\u0385\u0005?4\u0019T%9?\u00176\f?\u0002{??<???Xw!\u0004\u0006,?O??r6R-QE??Lq??\u001b\u001d?R?\u0001?{&??=+_U_Eh1P\u0014sg??O???\n??8?%R \u07f5?+?hv??4???4\u000e????H\u001d??#??1?y<???A?Q>\u0016C?nY'\u0017?6??\u0007??1??F[??\u0003q1\n?\/?_?>????8\u001f\u0014??T\u001d????a????k?\r-X\u040e?F?7c\u0015??j??\u000f<?\\?8p???\u0003\\?e?\u000f??U9?m??\u0158?\u001d\u041a*?\f?1m??:??K.\u0011\u0018?^?Q???0?L??\u00079M??{?P?????l?Y?\u001f\u000b\u0019\u0255\u001e6??\u0017)???(???\u0004??>\u0018!F\u000eu??\u001a?\u001c??*?I\u0011??\u000bB\u0004C?C?\u001f!?25O]\u0445?V???&??-?'#??4?8?\u001cv\u0109?{?\t=??Ew?\u07b3??m?y?!\u0019=\u061f?@?P????\/fK????\u000f?%\u048f\b?|?????\u076d#?z<?]F$?t??\u001d:?m\ud874\udd9c5?\u0126?\u00037?\u0000J???9|?JP\u0011'\u00d3??\f? t?Il??in??_???}?5???&[d?e6B?B?R?\/\r\u001aMDzwS\/T\u0013p?\u0000@WUa*[??\u0007H?sn\/??\u001f?\u0012???xX?\u02c1r??=\u0010&??\u001eD?+\u0003o??W?k?$??\t????N??'??E????\u0006?\u0016 ????O\\?\u00dd???2?2?3k???@\u0002.?q^??i0?m?\u0014y??\u0003QvI^?\u0004\u0010?x?0\u0002&\u0015?\u0015?\u02e0?\u0010??ym?J?0\u001da\u0014\u0004?0??\u001e?\u0018E??:\u001d?@?E\u0296\u00104?)?+]?SY\u037a???N??\u0012rQ?\u009c\u0760*?e\u0013H\u0005\u0004\u000e?\u0522\u0001 \u001av?l?q?!k^\u0002+?FA?u(\u0011?\u000e??k\u000e\t????%x\u000b??Vn??%?0????\r\u0001?\u0000\u0000\u0001?A?hI?Ah?L\bo????\u0003_??\u001c???\u0012????9??\u0019???\/?p?B,?\u0000@E?\u0011?y???_?\u0000??.??no?q?\u001a<?{\u0016\u001e??s?\u03c2l????I;???o?\u00be?\u0450?mAn<$o?\u0016??\u000e\u0018?+\u0015\u0014A)\u0597??X?\u0000fD??\u0005?\u0007f??\t???\u0004\u0012?b?)?!\u0016???]?[\r??7?G;?`?;\u014e??[\u001a????\u0215\u0372?\u0000??<?s??GM:?\u0015?bT?\u001c\u001c\f(\ud342l?\n???2??\/WM~o??B???o\f?V?????s?'_DB?u%?y??#?k]f??\u000b?\u0006????\u001et2*b\u0016?\bJT\u0012????\u0696??,\u0006{???\u0006\u000b?VUn\u00071,<(?3O?\b*\u00a1V?,??B\u000e\n?\b?4???g??\tg?j????[\u0017c\u0012A\u001cC\u001a???-??E\u00130???\nO3??%?b??%s?vD?\u001dZ?h??\u0007s?O??@Y?\r?c8?????]a????F???@??q\u0000\u0000\u0001tA??E\u0011,7?\u0000?w\u0013??3\u0093?#??\u0014e w\u0017??\u078f\u0019:z?^???\u031a\u001c?a?\u0012?U^m???K?\uacc0h2?X?K+??;\n\/?c\u0015?[??,??]\u0003\f?\u0018??(??\u066d?)C?\u0003\u03abJ4??\u03b4??>5???u?Y?8\u0018???F??G??\u0018Q\\???D???\u001c+??\r?Z?\u001e???2S??O??\u0004s??mH0e?)?u??y?af?\r?]Az$?%??#\u0000??_{\u0006?\u00163?0\u0016OW?]?I??P?\"?h2s???-n\u001bo?rb??\u001f@?i???\/?\u0004\u0001\u001e?I[\u0002?~?9??y?O?)_L?15 \u0002J?\u000f?\/\u001f_,?\u0019\n\u0011?\u0542d\u0002?\u0001?9?\u001e\u0013?*_??o???\u0007\u000e???SXz??J\u0007\u0110??54?k?\u000b]??\u0016?@?m\u0000_!5\u000fT??Q\u0000?%?\u0425??8????+B?????8e@|??????x?l\u000f?\u001f?\u0000\u0000\u0004?\u0001??tB?\u0001HH?-??\u001f<?8@?\u0001\t?a???~?K;D?\u0015\u001e?\u0016?;?\u0655`?d\u0002?\u000fN?RU\\??\"??N??Nz\bw??\u0002\u001dx\u0011\u000e???????Z?lQW?\u001b??Vaw?\f?B???O??_\u001f?F??\u0014?????T+??8??\u0011??\u0005\u053f?qQ_?3\u001cJ:?)y4\u0005????4????QSt?r??Hq??_?4\u00020R?g?X:b(P\u0019?\\:??+\u0002????\u0002\u00198?c?????<\u000f??\u6d15?????FD?_??bm??\u07f4lX\u0007M????7?\u001c\u0001????U?nN?lu3?[?\u05db?1??\u0003=\u000e??pe??2?\u046fg?p?V?A?w\\\u0007UL?L#i\tr??\u0007(t.-t\u001de8\u001c>?\u000fk|?x?1???\u0012p??(???\u0002~I??Z???vy?PA\u0480??v\u0621??\u0014??\u000e??\u0005?\u0004$7?c??L\n???T?O???\u0131?\";K\u00152??P???iUK?\u02cac)?F?#4???Ay?N?o??C\u001e??oX?\u0016Z~\u0002\u0007\u0012?~5?C??\u0240u?????\u0014y?4\u0016?\u0000(??\u0000?9?mb6\u0013\u0017??\f\t\u0014E???\u001b\u0005\u0002?\u02a2?\u000f?\u0012?*\u0011?:H?G\fR!??n??X)?Q?\u06fed,?H\u0015\u0014Dx?*?Z?]???xX1\u04f9?\u00c2?9??\u0002??L\u058f??\u00f3?\u001aQ??>??lu??r&.\u41eb?'?~?????\u0006\u046d *??\bRuX???~0\u0012?\u077a\u0014\u001bI\u0005i???>????>h???I??q??\u01f7????t?aBkc\r?7JP???Y?\u001f?u?f???\u028d?t1??\u0273?W?W?3)\u0013\u0015?'KA-Bu?N\u0006????I??L7)?X???????N?'g?5\u0005A??\u001c???'\u0018W???\tV?\u035b\u0014\rXi\f?D?D3?\u0006R?C??q?A???\u0019\u000f;ox\u0124??\u0000^?r\u0002rL?\u069bE>M?h[?|??R\u0177?U,??uW'???\"b3??b?6=??*?\u001e\b??b_.?M?Z???mt???^??ra?????J?p??)?3?d?\u000e;\u001a??|%??\ue781?'m\u0007d?b\n?s?h?)0?@???\u0013?\u0000m#??0v??o?H=????j\u017c?&??Y?z??+?\u0002\u0007?@??\u0015\\??7?<7[S?H??\u0010+?C?D??`?)\u0294\u001b?:???p???D?q\u0001?eBB?_?>?\bQ#\u001d0q?;?O)??2??g\u06a6i??{\nu??b3?L%dk!?\u001d#1?\r~??{s%???\u0018#????m\u0014X|\u0006)`?FY?\u0007q\u000f?\u001fV?X\u000e???m?^\u0130P\tqS????X?u??HO\u0001\/?g?[???1???\u0007??L\u000f\u03be\u0015?a5??@??\tx??Z?)(j?????,*?\u001ay$?9\u0019+KS9\f)\t\u0613u{~\u001d?2?&=}?\u0000??6?d?B?\u07cf\u026a+?\u04a0?xW??$}?RD\u0011I??.?+?\f?9?#gyUFK\u0014z-wE?M?r?\u0112?59?\u000e\t\u001a\u001ao?(??\u0019?Y?Bm??\u0000h?l&?!?(\u06fd?v->??b?\u0007?\u0000\u0000\u0004?\u0001??jB?\u0000\u0345?\u0001?\u0017,??\u0000\t?\u0007??\u0004z?\u05f9E^\u000b????b?c,\u0001j???<?L?]\u001cEwB\u0012??V???\u001a4Z\t??S??r\u001b??\u00199?????F\u0013%V\u5a0f???hW?ax<?w3v??qjl?~-ud?n\u04cd\u001dc??\u0007\u0413?c??\\5???p?lF=?\f1-\u001bL?\u000b\u0007??\r?p??\u000ej??\u0014t\u000b\u001b8?\u02c8\u0000??W?\u059f?'o??o?EB\u04b8\u041e?4e???)???U7o?w\f\u0007\u0010\u0478\u0000b?\r\u000f?H?\u0018??\u0011\\\t%?\u8f95??ES?n?3?j?5??]\u0019?0????|??^??w?\u0004??? \t\u001e?TV\u00f7_?W??:\u0012??Id?c?A0\u001b??0H??TX???z?>-??\u001d%?%r\u0001\ue497\u0005?b'\u0103A??*??K\u001a\u000bgD(\u000e??%h?K\\b?\u0010X?????`????\u0010?\u01c5mJj\u0002\u001f\u0013\u0012?V\u0003?\u00102????\u001eR\u000e???%?q_yn?P?L\u001c??8no?o\"\u0005????]m??\u01c8??R?y9|??\u0019???AZ%gG??3OE(?? ?++$L`\u00012?\u0007%g0????sx\u0005B?UVd~?\u0014!\f4?,e?%9?\u0014??4g???ne?6\u0001???b???XK?u?*???\u01b5\u0016u@i?9?\u018b7~;H?V??\u0394 =l?*?jH???\u001e|?=?=???\u000f\"\u00ee?h1\/???\u001ao5\u0001???\u0133G?!??U?m?\u001f?I;]q??#?:????y\u0019O\u001f?5??\u99c7?~?\u038b2S?\"?\u0006z,?]??=Pq???\u0004Y??\"?]X)?ib??M?\u0002?v?p\u0019??R'?h.???vQ????W3???\u7c43\u0486\u7c52D??:??\u000f\u0004\u0015Ot??\f4? ?pg?_??\"?D?\u02c8;h?? ??\u0002??P?\u001d?\u0019?|??H??uTr<\u0010\u001e??1\u071f??<&?V\b-{??8);?\u06e5??l?\u0005??\u0766\u0007\uce10?h?Gn?D?BT??J???gb??P??~?wT??|?\u000e\u001fr[\u0620\u0013,}'\u000e???$C?????S\u0003??\u0002?qJt???3\u57f7??ge?$\u0335?`'3?K?\ubfe2\u02fa\u00ad????}\u0002\u0018???a?\u0010?*?\u001f4?\u0004?I?\u0013?F{?H9\nn??>\"?\u001c?\u0096?\u0011??i?3y?r?Y2HI?7P?r?;H?UX?#o@\u0012\u000eI1?'\u0016??\u0016????\u0006?.?\u001d\u0011??\u001d1!\u06f1q??\u001c????|??\u0013?N6,?zH??\u04be`???b?R??????]C?0?\u0765??A\u0019C\u0017?.\u0013?S??\u03b0U\u0005>??E\u078eE?\u0018?r?r???\u0010?\u0017\t???1??5?K[(h_\u0015V\u001c???UM\u0000??AF\u000f?#\u02bc??\u001f?@\u0007]Kq\u0014? ???\u0225\u0123?.)2??Qj*??&??d?????b<-?\u02cf?\u02b8<??????? ?m?#?????e?(?\u0012?*???M?r?\u001asPD?&??\u046c[??\u000b?_sq@TkR]\u0007\u02f7B<?$\u0016s??_xl\u001f7?%??\u032d?\/\u02e5?\r??-?U???\u04c3?\u0401E+]H\u0015????-r\bu[+\u0007??w?OT?\u0430U?L?=?6??`S?\u000e\\??|8\u0012?\u000b?\b\u0000\u0000\u0004?A??I?Al?L\b_????\u0005W??\n??\u0002\u0000>?\u0019?\u001dCm???\u000e???\r???(??P?6dt??\u0011z\u001ekU?\u000e?k%$?[a?B?6?FT??\"\n?!O`\u0006?Hd?I\u01c0???9?q???oI?\u0012??V\n??\u000bS\u0010\u0016?Ol\u001a\u0018??,,?T9yuY?@?md?\u000be???p'?f?~?{eQ?[????.\u05c9?g#\u001f?\u05a7s?\u001d?]r??)??(?\u0006h[?s?r??\u0112d?\u0245Z?a??\r\ue8e8??uN??J??%?WHg??]\u0006?lL?\u001e?X???#ahO|1\u0006?Pq?E?*t?O\n?\u001c?_Z??????n\u001f\u000f}\u000eB\u0004\u0019J???\r{\"???I\u0018X@?\u0000?J\u000b?\u001a\\*%???+?0\u0007?0p2>n?\u0010??l1?\u0017b??\u0782?E<}Vl\u001f\u0017?r?j?????zR??\u0016?\u0005b?m?\u001eq\u03e7??`?????Er???\u0006?\u001b?zn???f?\u00047?s?\b?P?9c\u042b?c?x???Y{??xZ?\u0016\u001a5qR~3\u0623{\u001f? ??F?\u0002x?#4???i?\u0007?b?#?\u0006??0??4\u0010?\u0006u??o?$o??\u001cf??2N??h>%\u000b](??\u03d9>7@?P?l?c+?R????>r\"?\u001c?????I?\u0015?\u0013l?:?\\b\u000f\\e?\u000b\/???\u04c5????6?25???8?P??\"?\u0302??\u06aaF??\t?om???\u0003A?\\??\u0002???s?U?T??\u0015?A-`I\u001a\u0007<?[]\/?l\u0003??^=\u0011?\u000b??1~-w?\u0002\u001e?\u00026?8h???#\u00ce? 6~???:??\u0019?c?W?I1v??????+W\u0015?Y\u0003?\u000fu\u0112?ZG???D?\u001e'?n??\u0007\u0006Rw@yn?|\u0012\t\u0012?Q?}\u0011N?fW8b????????5?\u001e6??,KQ_\u0002????`h??@?_?J??!\/\u030a??\u0013?????\u0305\u00e1%?K??\u0017\u0017?\uda0d\udd88??jP?V?\u06ea?\u4660?\r??\u001d?V*cH^?\f\u001f??>.\/??0g6j?H\u0003?^v?c\u000f?z?\u0017?O?\nl?24?_y???pL????@\u0007A\u0010?n?\u0014\u0014??\bN?X\u04ee-?U\u000e\u0006\fU9!u*????\u0132?A??i8?;??{?U???\u07a3??8?\u0151\u0018$>??|.\u001d??5\r?Q\u0016?d8&??|\n??|?\u0000\u0016y?)O#?]?b?\u0019??\u001cC0??l??IR[hT`?????$??r?\u0002]}u&?\u07f15\t?\b\u04acv?\u0001\u001f??R?\r{O?NY??7\u0004??????=H}x??X?F??y?B?G\tB\u9f09Va?'??t?W??}?\n??j}?Th?b5?`\"\u0016pY????????U\u000fX?-\\S?\"?0?\u001e????e?C?p\u0018?C??\u0002L\u0006Y?\"??WG??;\u0708??S??H\u0146?<??g?V?tG?;??$?\n\u0012?\u0016\u0006??}?z4?_\u00c9??.>? ??\u001a\/!???oQ??Jx\u001c???D`t@\u0013??;????\u0000\u0000\u0002?A??E\u0015,3?\u0000?\u001d}F??Y??*\u001a\u0014\u001f?6?4?%~?\u0001?T\u0000~?\u0018?8\u0006??\u0170???>??6?k\u001e-Y???E??du\"?\u000e\u0014lyM5n?.\u0010m???e\"\u0018?__?4<?\u000f\fZs\u0528P?Q9\fS?L?F\u0015\u001a%?\u001a?b?\/\u0005\u0003????\u0013l'X?eB>??8??\u17b1??b\u001bi&?\u0005\\\u0002p?^???3\u0007+\u0002???cO\u031d???\u0002??\\\b?Qa???S\"\"??\u0007kV?4??Qo?DkdNF??7\u0003\u1c0aH6??\u0002??Qlm\u0007?\"Q?-3G??9??\u0003???\u3966T?\u0525?i\u000b?3??1F???c\u0000&?f\/G??rW??;???c?>\u073fK?\u0001\u0233\/???`h???\u0017????t1S\u0016?\u0006???M\u0016??9?&?=?\u07a7\u0002D??J???kX#=Tbw?c\u0011\u0003F??d`?\u0018wEF)\"\u0001\u0237w\b?4?i?;?\r??R??????A*\\????\u0006????-uXX?\u0013S\u0011?B\u0017?`\u0016B???B3??=?g;\u0326??\u0573F???????a+'?Q?p}%\u000b\u0018\u000enQ?\u0019_I}?1]??[??\u0015,r\u0000\u0007???(kYf??K8??i?\u00030?1?m\n1?Z+U??????=;?Zl?0s??-??4\u001e\u0276\/y??\/?\u0015?~??]%\u0012\u0000??I???\u05aa\u001f\u001d?w?w?;?l??\u00042?]??y?t?\r\u0003??\u0017??\u0019?g?_[w??\u0468jHaq\u0007r?ev,f?????2#?\u0010?YO$?B?F?1??J\u0011?d?0J???n??(<?\u0012?~?IS!6\u0013\u0019m?X?=|\u0013.;f?Sx\u0003S?\u0373m1\u0000\u0000\u0001?\u0001??jB?\u0001H??|??1?<?s5?Bc?g\u0012\u0580?\u00138? \u0005#\ud07c?\u0018\u000f??\u0000\u0004?-\u0007??@?`?\u001ey??y?):?\u0013?\"?cA?D\txW?9[^?e??B e??\u07a1fbXz?\u0001Z\u0011?|????>?N??;???~?6\u0381\u0017?????@?????t\u0011??\u0006???\u03ccJ?N\u0001dP?Z?u?J?>?~N:\f?f?A? Z?\u0002t?[\u0013?\u0018\r\n?V???]??BK\u000f???\u0007;?0=Z\b??d_??\r??\u0012?P>?\u0013?w.??e??E?-?k?\u001f?~!{?a??7K\u0014EJG>?y?7??\u0000T4X\\3\u00017??\u0013??t?ws?!|?_\\?&?F?\u0000???<?X?vU\u0018$?X??,?\t???i?c+\u0004\u0019??\n\u0019?\u0003????k\u0002?\u0349#\r??I???Q?\fw?O??C??y??5yQ?\u0375\u001e\u001e????i~??\u001cN\u0003?aFe????\bm??\u001d[???\u0012n\u0015?\u0005??+OE8?\u0000\u0000\u0003?moov\u0000\u0000\u0000lmvhd\u0000\u0000\u0000\u0000\u0000\u0000\u0000\u0000\u0000\u0000\u0000\u0000\u0000\u0000\u0003?\u0000\u0000\u0003\u0016\u0000\u0001\u0000\u0000\u0001\u0000\u0000\u0000\u0000\u0000\u0000\u0000\u0000\u0000\u0000\u0000\u0000\u0001\u0000\u0000\u0000\u0000\u0000\u0000\u0000\u0000\u0000\u0000\u0000\u0000\u0000\u0000\u0000\u0001\u0000\u0000\u0000\u0000\u0000\u0000\u0000\u0000\u0000\u0000\u0000\u0000\u0000\u0000@\u0000\u0000\u0000\u0000\u0000\u0000\u0000\u0000\u0000\u0000\u0000\u0000\u0000\u0000\u0000\u0000\u0000\u0000\u0000\u0000\u0000\u0000\u0000\u0000\u0000\u0000\u0000\u0000\u0000\u0000\u0002\u0000\u0000\u0003\ftrak\u0000\u0000\u0000\\tkhd\u0000\u0000\u0000\u0003\u0000\u0000\u0000\u0000\u0000\u0000\u0000\u0000\u0000\u0000\u0000\u0001\u0000\u0000\u0000\u0000\u0000\u0000\u0003\u0016\u0000\u0000\u0000\u0000\u0000\u0000\u0000\u0000\u0000\u0000\u0000\u0000\u0000\u0000\u0000\u0000\u0000\u0001\u0000\u0000\u0000\u0000\u0000\u0000\u0000\u0000\u0000\u0000\u0000\u0000\u0000\u0000\u0000\u0001\u0000\u0000\u0000\u0000\u0000\u0000\u0000\u0000\u0000\u0000\u0000\u0000\u0000\u0000@\u0000\u0000\u0000\u0001@\u0000\u0000\u0001@\u0000\u0000\u0000\u0000\u0000$edts\u0000\u0000\u0000\u001celst\u0000\u0000\u0000\u0000\u0000\u0000\u0000\u0001\u0000\u0000\u0003\u0016\u0000\u0000-?\u0000\u0001\u0000\u0000\u0000\u0000\u0002?mdia\u0000\u0000\u0000 mdhd\u0000\u0000\u0000\u0000\u0000\u0000\u0000\u0000\u0000\u0000\u0000\u0000\u0000\u0001_?\u0000\u0001\u0015?U?\u0000\u0000\u0000\u0000\u0000-hdlr\u0000\u0000\u0000\u0000\u0000\u0000\u0000\u0000vide\u0000\u0000\u0000\u0000\u0000\u0000\u0000\u0000\u0000\u0000\u0000\u0000VideoHandler\u0000\u0000\u0000\u0002\/minf\u0000\u0000\u0000\u0014vmhd\u0000\u0000\u0000\u0001\u0000\u0000\u0000\u0000\u0000\u0000\u0000\u0000\u0000\u0000\u0000$dinf\u0000\u0000\u0000\u001cdref\u0000\u0000\u0000\u0000\u0000\u0000\u0000\u0001\u0000\u0000\u0000\furl \u0000\u0000\u0000\u0001\u0000\u0000\u0001?stbl\u0000\u0000\u0000?stsd\u0000\u0000\u0000\u0000\u0000\u0000\u0000\u0001\u0000\u0000\u0000?avc1\u0000\u0000\u0000\u0000\u0000\u0000\u0000\u0001\u0000\u0000\u0000\u0000\u0000\u0000\u0000\u0000\u0000\u0000\u0000\u0000\u0000\u0000\u0000\u0000\u0001@\u0001@\u0000H\u0000\u0000\u0000H\u0000\u0000\u0000\u0000\u0000\u0000\u0000\u0001\u0000\u0000\u0000\u0000\u0000\u0000\u0000\u0000\u0000\u0000\u0000\u0000\u0000\u0000\u0000\u0000\u0000\u0000\u0000\u0000\u0000\u0000\u0000\u0000\u0000\u0000\u0000\u0000\u0000\u0000\u0000\u0000\u0000\u0018??\u0000\u0000\u00001avcC\u0001d\u0000\u001e??\u0000\u0018gd\u0000\u001e??A@??\u0000\u0000\u0003\u0000\u0004\u0000\u0000\u0003\u0003 <X?X\u0001\u0000\u0006h???\"?\u0000\u0000\u0000`stts\u0000\u0000\u0000\u0000\u0000\u0000\u0000\n\u0000\u0000\u0000\u0001\u0000\u0000\u0018?\u0000\u0000\u0000\u0001\u0000\u0000\u0015\u0018\u0000\u0000\u0000\u0001\u0000\u0000\u0018?\u0000\u0000\u0000\u0001\u0000\u0000\u0015\u0018\u0000\u0000\u0000\u0002\u0000\u0000\u0018?\u0000\u0000\u0000\u0001\u0000\u0000\u0015\u0018\u0000\u0000\u0000\u0002\u0000\u0000\u0018?\u0000\u0000\u0000\u0001\u0000\u0000\u0015\u0018\u0000\u0000\u0000\u0001\u0000\u0000\u0018?\u0000\u0000\u0000\u0001\u0000\u0000\u0015\u0018\u0000\u0000\u0000\u0014stss\u0000\u0000\u0000\u0000\u0000\u0000\u0000\u0001\u0000\u0000\u0000\u0001\u0000\u0000\u0000hctts\u0000\u0000\u0000\u0000\u0000\u0000\u0000\u000b\u0000\u0000\u0000\u0001\u0000\u0000-?\u0000\u0000\u0000\u0001\u0000\u0000t\u0004\u0000\u0000\u0000\u0001\u0000\u0000-?\u0000\u0000\u0000\u0001\u0000\u0000\u0000\u0000\u0000\u0000\u0000\u0001\u0000\u0000\u0018?\u0000\u0000\u0000\u0001\u0000\u0000t\u0004\u0000\u0000\u0000\u0001\u0000\u0000-?\u0000\u0000\u0000\u0001\u0000\u0000\u0000\u0000\u0000\u0000\u0000\u0001\u0000\u0000\u0018?\u0000\u0000\u0000\u0001\u0000\u0000[h\u0000\u0000\u0000\u0002\u0000\u0000\u0018?\u0000\u0000\u0000\u001cstsc\u0000\u0000\u0000\u0000\u0000\u0000\u0000\u0001\u0000\u0000\u0000\u0001\u0000\u0000\u0000\f\u0000\u0000\u0000\u0001\u0000\u0000\u0000Dstsz\u0000\u0000\u0000\u0000\u0000\u0000\u0000\u0000\u0000\u0000\u0000\f\u0000\u0000\u0011\u0002\u0000\u0000\u0002\u0011\u0000\u0000\u0001?\u0000\u0000\u0004?\u0000\u0000\u0004E\u0000\u0000\u0001?\u0000\u0000\u0001x\u0000\u0000\u0004?\u0000\u0000\u0005\u0001\u0000\u0000\u0004?\u0000\u0000\u0002?\u0000\u0000\u0001?\u0000\u0000\u0000\u0014stco\u0000\u0000\u0000\u0000\u0000\u0000\u0000\u0001\u0000\u0000\u00000\u0000\u0000\u0000budta\u0000\u0000\u0000Zmeta\u0000\u0000\u0000\u0000\u0000\u0000\u0000!hdlr\u0000\u0000\u0000\u0000\u0000\u0000\u0000\u0000mdirappl\u0000\u0000\u0000\u0000\u0000\u0000\u0000\u0000\u0000\u0000\u0000\u0000-ilst\u0000\u0000\u0000%?too\u0000\u0000\u0000\u001ddata\u0000\u0000\u0000\u0001\u0000\u0000\u0000\u0000Lavf57.83.100","filename":"gif.gif"}}}