{
    "url": "https:\/\/api.telegram.org\/bot3f3814e1-5836-3d77-904e-60f64b15df36\/sendPoll",
    "payload": {
        "chat_id": "-123456789",
        "type": "quiz",
        "options": [
            "bar",
            "baz",
            "qux"
        ],
        "question": "foo?",
        "correct_option_id": 1
    },
    "files": []
}