{
    "id": 42,
    "type": "group",
    "title": "foo",
    "description": "bar",
    "has_private_forwards": true,
    "join_by_request": true,
    "has_protected_content": true
}