{
    "url": "https:\/\/api.telegram.org\/bot3f3814e1-5836-3d77-904e-60f64b15df36\/forwardMessage",
    "payload": {
        "chat_id": "-123456789",
        "message_id": 123456,
        "from_chat_id": "-123456789"
    },
    "files": []
}