{
    "url": "https:\/\/api.telegram.org\/bot3f3814e1-5836-3d77-904e-60f64b15df36\/sendMessage",
    "payload": {
        "text": "test",
        "chat_id": "-123456789",
        "parse_mode": "markdown",
        "disable_notification": true
    },
    "files": []
}