{
    "url": "https:\/\/api.telegram.org\/bot3f3814e1-5836-3d77-904e-60f64b15df36\/deleteMessages",
    "payload": {
        "chat_id": "-123456789",
        "message_ids": [
            123456,
            654321,
            11111
        ]
    },
    "files": []
}